Component: ARM Compiler 5.06 update 4 (build 422) Tool: armlink [4d35d2]

==============================================================================

Section Cross References

    startup_stm32f103xb.o(RESET) refers to startup_stm32f103xb.o(STACK) for __initial_sp
    startup_stm32f103xb.o(RESET) refers to startup_stm32f103xb.o(.text) for Reset_Handler
    startup_stm32f103xb.o(RESET) refers to stm32f1xx_it.o(i.NMI_Handler) for NMI_Handler
    startup_stm32f103xb.o(RESET) refers to stm32f1xx_it.o(i.HardFault_Handler) for HardFault_Handler
    startup_stm32f103xb.o(RESET) refers to stm32f1xx_it.o(i.MemManage_Handler) for MemManage_Handler
    startup_stm32f103xb.o(RESET) refers to stm32f1xx_it.o(i.BusFault_Handler) for BusFault_Handler
    startup_stm32f103xb.o(RESET) refers to stm32f1xx_it.o(i.UsageFault_Handler) for UsageFault_Handler
    startup_stm32f103xb.o(RESET) refers to stm32f1xx_it.o(i.SVC_Handler) for SVC_Handler
    startup_stm32f103xb.o(RESET) refers to stm32f1xx_it.o(i.DebugMon_Handler) for DebugMon_Handler
    startup_stm32f103xb.o(RESET) refers to stm32f1xx_it.o(i.PendSV_Handler) for PendSV_Handler
    startup_stm32f103xb.o(RESET) refers to stm32f1xx_it.o(i.SysTick_Handler) for SysTick_Handler
    startup_stm32f103xb.o(RESET) refers to stm32f1xx_it.o(i.EXTI0_IRQHandler) for EXTI0_IRQHandler
    startup_stm32f103xb.o(.text) refers to system_stm32f1xx.o(i.SystemInit) for SystemInit
    startup_stm32f103xb.o(.text) refers to entry.o(.ARM.Collect$$$$00000000) for __main
    mpu6050.o(i.MPU6050_GetDeviceID) refers to mpu6050.o(i.MPU6050_ReadBits) for MPU6050_ReadBits
    mpu6050.o(i.MPU6050_GetDeviceID) refers to mpu6050.o(.data) for .data
    mpu6050.o(i.MPU6050_GetFullScaleAccelRange) refers to mpu6050.o(i.MPU6050_ReadBits) for MPU6050_ReadBits
    mpu6050.o(i.MPU6050_GetFullScaleAccelRange) refers to mpu6050.o(.data) for .data
    mpu6050.o(i.MPU6050_GetFullScaleGyroRange) refers to mpu6050.o(i.MPU6050_ReadBits) for MPU6050_ReadBits
    mpu6050.o(i.MPU6050_GetFullScaleGyroRange) refers to mpu6050.o(.data) for .data
    mpu6050.o(i.MPU6050_GetRawAccelTempGyro) refers to mpu6050.o(i.MPU6050_I2C_BufferRead) for MPU6050_I2C_BufferRead
    mpu6050.o(i.MPU6050_GetRawAccelTempGyro) refers to mpu6050.o(.data) for .data
    mpu6050.o(i.MPU6050_GetSleepModeStatus) refers to mpu6050.o(i.MPU6050_ReadBit) for MPU6050_ReadBit
    mpu6050.o(i.MPU6050_GetSleepModeStatus) refers to mpu6050.o(.data) for .data
    mpu6050.o(i.MPU6050_I2C_BufferRead) refers to stm32f1xx_hal_i2c.o(i.HAL_I2C_Mem_Read) for HAL_I2C_Mem_Read
    mpu6050.o(i.MPU6050_I2C_BufferRead) refers to mpu6050.o(.bss) for .bss
    mpu6050.o(i.MPU6050_I2C_ByteWrite) refers to stm32f1xx_hal_i2c.o(i.HAL_I2C_Mem_Write) for HAL_I2C_Mem_Write
    mpu6050.o(i.MPU6050_I2C_ByteWrite) refers to mpu6050.o(.bss) for .bss
    mpu6050.o(i.MPU6050_I2C_Init) refers to stm32f1xx_hal_i2c.o(i.HAL_I2C_Init) for HAL_I2C_Init
    mpu6050.o(i.MPU6050_I2C_Init) refers to main.o(i._Error_Handler) for _Error_Handler
    mpu6050.o(i.MPU6050_I2C_Init) refers to mpu6050.o(.bss) for .bss
    mpu6050.o(i.MPU6050_Initialize) refers to mpu6050.o(i.MPU6050_I2C_Init) for MPU6050_I2C_Init
    mpu6050.o(i.MPU6050_Initialize) refers to mpu6050.o(i.MPU6050_setSleepDisabled) for MPU6050_setSleepDisabled
    mpu6050.o(i.MPU6050_Initialize) refers to stm32f1xx_hal.o(i.HAL_Delay) for HAL_Delay
    mpu6050.o(i.MPU6050_Initialize) refers to mpu6050.o(i.MPU6050_WriteBits) for MPU6050_WriteBits
    mpu6050.o(i.MPU6050_Initialize) refers to mpu6050.o(i.MPU6050_I2C_ByteWrite) for MPU6050_I2C_ByteWrite
    mpu6050.o(i.MPU6050_Initialize) refers to mpu6050.o(.data) for .data
    mpu6050.o(i.MPU6050_ReadBit) refers to mpu6050.o(i.MPU6050_I2C_BufferRead) for MPU6050_I2C_BufferRead
    mpu6050.o(i.MPU6050_ReadBits) refers to mpu6050.o(i.MPU6050_I2C_BufferRead) for MPU6050_I2C_BufferRead
    mpu6050.o(i.MPU6050_SetClockSource) refers to mpu6050.o(i.MPU6050_WriteBits) for MPU6050_WriteBits
    mpu6050.o(i.MPU6050_SetClockSource) refers to mpu6050.o(.data) for .data
    mpu6050.o(i.MPU6050_SetFullScaleAccelRange) refers to mpu6050.o(i.MPU6050_WriteBits) for MPU6050_WriteBits
    mpu6050.o(i.MPU6050_SetFullScaleAccelRange) refers to mpu6050.o(.data) for .data
    mpu6050.o(i.MPU6050_SetFullScaleGyroRange) refers to mpu6050.o(i.MPU6050_WriteBits) for MPU6050_WriteBits
    mpu6050.o(i.MPU6050_SetFullScaleGyroRange) refers to mpu6050.o(.data) for .data
    mpu6050.o(i.MPU6050_SetSleepModeStatus) refers to mpu6050.o(i.MPU6050_WriteBit) for MPU6050_WriteBit
    mpu6050.o(i.MPU6050_SetSleepModeStatus) refers to mpu6050.o(.data) for .data
    mpu6050.o(i.MPU6050_TestConnection) refers to mpu6050.o(i.MPU6050_GetDeviceID) for MPU6050_GetDeviceID
    mpu6050.o(i.MPU6050_WriteBit) refers to mpu6050.o(i.MPU6050_I2C_BufferRead) for MPU6050_I2C_BufferRead
    mpu6050.o(i.MPU6050_WriteBit) refers to mpu6050.o(i.MPU6050_I2C_ByteWrite) for MPU6050_I2C_ByteWrite
[...]
    atan_x.o(i.__atan$lsc) refers to dadd.o(.text) for __aeabi_dadd
    atan_x.o(i.__atan$lsc) refers to dscalb.o(.text) for __ARM_scalbn
    atan_x.o(i.__atan$lsc) refers to ddiv.o(.text) for __aeabi_ddiv
    atan_x.o(i.__atan$lsc) refers to dmul.o(.text) for __aeabi_dmul
    atan_x.o(i.__atan$lsc) refers to poly.o(i.__kernel_poly) for __kernel_poly
    atan_x.o(i.__atan$lsc) refers to atan_x.o(.constdata) for .constdata
    atan_x.o(.constdata) refers (Special) to iusefp.o(.text) for __I$use$fp
    atan2.o(i.__softfp_atan2) refers (Special) to iusefp.o(.text) for __I$use$fp
    atan2.o(i.__softfp_atan2) refers to atan2.o(i.atan2) for atan2
    atan2.o(i.atan2) refers (Special) to iusefp.o(.text) for __I$use$fp
    atan2.o(i.atan2) refers to dunder.o(i.__mathlib_dbl_infnan2) for __mathlib_dbl_infnan2
    atan2.o(i.atan2) refers to atan.o(i.atan) for atan
    atan2.o(i.atan2) refers to ddiv.o(.text) for __aeabi_ddiv
    atan2.o(i.atan2) refers to dadd.o(.text) for __aeabi_dsub
    atan2.o(i.atan2) refers to qnan.o(.constdata) for __mathlib_zero
    atan2_x.o(i.____softfp_atan2$lsc) refers (Special) to iusefp.o(.text) for __I$use$fp
    atan2_x.o(i.____softfp_atan2$lsc) refers to atan2_x.o(i.__atan2$lsc) for __atan2$lsc
    atan2_x.o(i.__atan2$lsc) refers (Special) to iusefp.o(.text) for __I$use$fp
    atan2_x.o(i.__atan2$lsc) refers to dunder.o(i.__mathlib_dbl_infnan2) for __mathlib_dbl_infnan2
    atan2_x.o(i.__atan2$lsc) refers to atan.o(i.atan) for atan
    atan2_x.o(i.__atan2$lsc) refers to errno.o(i.__set_errno) for __set_errno
    atan2_x.o(i.__atan2$lsc) refers to ddiv.o(.text) for __aeabi_ddiv
    atan2_x.o(i.__atan2$lsc) refers to dadd.o(.text) for __aeabi_dsub
    atan2_x.o(i.__atan2$lsc) refers to qnan.o(.constdata) for __mathlib_zero
    sqrt.o(i.__softfp_sqrt) refers (Special) to iusefp.o(.text) for __I$use$fp
    sqrt.o(i.__softfp_sqrt) refers to dsqrt.o(.text) for _dsqrt
    sqrt.o(i.__softfp_sqrt) refers to errno.o(i.__set_errno) for __set_errno
    sqrt.o(i.sqrt) refers (Special) to iusefp.o(.text) for __I$use$fp
    sqrt.o(i.sqrt) refers to dsqrt.o(.text) for _dsqrt
    sqrt.o(i.sqrt) refers to errno.o(i.__set_errno) for __set_errno
    sqrt_x.o(i.____softfp_sqrt$lsc) refers (Special) to iusefp.o(.text) for __I$use$fp
    sqrt_x.o(i.____softfp_sqrt$lsc) refers to cdcmple.o(.text) for __aeabi_cdcmple
    sqrt_x.o(i.____softfp_sqrt$lsc) refers to errno.o(i.__set_errno) for __set_errno
    sqrt_x.o(i.____softfp_sqrt$lsc) refers to dsqrt.o(.text) for _dsqrt
    sqrt_x.o(i.__sqrt$lsc) refers (Special) to iusefp.o(.text) for __I$use$fp
    sqrt_x.o(i.__sqrt$lsc) refers to cdcmple.o(.text) for __aeabi_cdcmple
    sqrt_x.o(i.__sqrt$lsc) refers to errno.o(i.__set_errno) for __set_errno
    sqrt_x.o(i.__sqrt$lsc) refers to dsqrt.o(.text) for _dsqrt
    entry.o(.ARM.Collect$$$$00000000) refers (Special) to entry10a.o(.ARM.Collect$$$$0000000D) for __rt_final_cpp
    entry.o(.ARM.Collect$$$$00000000) refers (Special) to entry11a.o(.ARM.Collect$$$$0000000F) for __rt_final_exit
    entry.o(.ARM.Collect$$$$00000000) refers (Special) to entry7b.o(.ARM.Collect$$$$00000008) for _main_clock
    entry.o(.ARM.Collect$$$$00000000) refers (Special) to entry8b.o(.ARM.Collect$$$$0000000A) for _main_cpp_init
    entry.o(.ARM.Collect$$$$00000000) refers (Special) to entry9a.o(.ARM.Collect$$$$0000000B) for _main_init
    entry.o(.ARM.Collect$$$$00000000) refers (Special) to entry5.o(.ARM.Collect$$$$00000004) for _main_scatterload
    entry.o(.ARM.Collect$$$$00000000) refers (Special) to entry2.o(.ARM.Collect$$$$00000001) for _main_stk
    malloc.o(i.free) refers to mvars.o(.data) for __microlib_freelist
    malloc.o(i.malloc) refers to mvars.o(.data) for __microlib_freelist_initialised
    malloc.o(i.malloc) refers to mvars.o(.data) for __microlib_freelist
    malloc.o(i.malloc) refers to startup_stm32f103xb.o(HEAP) for __heap_base
    mallocr.o(i.__free$realloc) refers to mvars.o(.data) for __microlib_freelist
    mallocr.o(i.__malloc$realloc) refers to mallocr.o(i.internal_alloc) for internal_alloc
    mallocr.o(i.__malloc$realloc) refers to mvars.o(.data) for __microlib_freelist_initialised
    mallocr.o(i.__malloc$realloc) refers to startup_stm32f103xb.o(HEAP) for __heap_base
    mallocr.o(i.__malloc$realloc) refers to mvars.o(.data) for __microlib_freelist
    mallocr.o(i.internal_alloc) refers to memcpya.o(.text) for __aeabi_memcpy
    mallocr.o(i.internal_alloc) refers to mvars.o(.data) for __microlib_freelist
    mallocr.o(i.realloc) refers to mallocr.o(i.__free$realloc) for free
    mallocr.o(i.realloc) refers to mallocr.o(i.internal_alloc) for internal_alloc
    mallocr.o(i.realloc) refers to mallocr.o(i.__malloc$realloc) for malloc
    mallocr.o(i.realloc) refers to mvars.o(.data) for __microlib_freelist
    malloca.o(i.__aligned_malloc) refers to mvars.o(.data) for __microlib_freelist_initialised
    malloca.o(i.__aligned_malloc) refers to mvars.o(.data) for __microlib_freelist
    malloca.o(i.__aligned_malloc) refers to startup_stm32f103xb.o(HEAP) for __heap_base
    malloca.o(i.__free$memalign) refers to mvars.o(.data) for __microlib_freelist
    malloca.o(i.__malloc$memalign) refers to malloca.o(i.__aligned_malloc) for __aligned_malloc
    mallocra.o(i.__aligned_malloc$realloc) refers to mallocra.o(i.internal_alloc) for internal_alloc
    mallocra.o(i.__aligned_malloc$realloc) refers to mvars.o(.data) for __microlib_freelist_initialised
    mallocra.o(i.__aligned_malloc$realloc) refers to startup_stm32f103xb.o(HEAP) for __heap_base
    mallocra.o(i.__aligned_malloc$realloc) refers to mvars.o(.data) for __microlib_freelist
    mallocra.o(i.__free$realloc$memalign) refers to mvars.o(.data) for __microlib_freelist
    mallocra.o(i.__malloc$realloc$memalign) refers to mallocra.o(i.__aligned_malloc$realloc) for __aligned_malloc$realloc
    mallocra.o(i.__realloc$memalign) refers to mallocra.o(i.__free$realloc$memalign) for __free$realloc$memalign
    mallocra.o(i.__realloc$memalign) refers to mallocra.o(i.internal_alloc) for internal_alloc
    mallocra.o(i.__realloc$memalign) refers to mallocra.o(i.__malloc$realloc$memalign) for __malloc$realloc$memalign
    mallocra.o(i.__realloc$memalign) refers to mvars.o(.data) for __microlib_freelist
    mallocra.o(i.internal_alloc) refers to memcpya.o(.text) for __aeabi_memcpy
    mallocra.o(i.internal_alloc) refers to mvars.o(.data) for __microlib_freelist
    fadd.o(.text) refers (Special) to iusefp.o(.text) for __I$use$fp
    fadd.o(.text) refers to fepilogue.o(.text) for _float_epilogue
    fmul.o(.text) refers (Special) to iusefp.o(.text) for __I$use$fp
    fscalb.o(.text) refers (Special) to iusefp.o(.text) for __I$use$fp
    dadd.o(.text) refers (Special) to iusefp.o(.text) for __I$use$fp
    dadd.o(.text) refers to llshl.o(.text) for __aeabi_llsl
    dadd.o(.text) refers to llsshr.o(.text) for __aeabi_lasr
    dadd.o(.text) refers to depilogue.o(.text) for _double_epilogue
    ddiv.o(.text) refers (Special) to iusefp.o(.text) for __I$use$fp
    ddiv.o(.text) refers to depilogue.o(.text) for _double_round
    fflti.o(.text) refers (Special) to iusefp.o(.text) for __I$use$fp
    fflti.o(.text) refers to fepilogue.o(.text) for _float_epilogue
    dflti.o(.text) refers (Special) to iusefp.o(.text) for __I$use$fp
    dflti.o(.text) refers to depilogue.o(.text) for _double_epilogue
    dfltui.o(.text) refers (Special) to iusefp.o(.text) for __I$use$fp
    dfltui.o(.text) refers to depilogue.o(.text) for _double_epilogue
    ffixi.o(.text) refers (Special) to iusefp.o(.text) for __I$use$fp
    f2d.o(.text) refers (Special) to iusefp.o(.text) for __I$use$fp
    d2f.o(.text) refers (Special) to iusefp.o(.text) for __I$use$fp
    d2f.o(.text) refers to fepilogue.o(.text) for _float_round
    dunder.o(i.__mathlib_dbl_divzero) refers to ddiv.o(.text) for __aeabi_ddiv
    dunder.o(i.__mathlib_dbl_infnan) refers to dscalb.o(.text) for __ARM_scalbn
    dunder.o(i.__mathlib_dbl_infnan2) refers to dadd.o(.text) for __aeabi_dadd
    dunder.o(i.__mathlib_dbl_invalid) refers to ddiv.o(.text) for __aeabi_ddiv
    dunder.o(i.__mathlib_dbl_overflow) refers to dscalb.o(.text) for __ARM_scalbn
    dunder.o(i.__mathlib_dbl_posinfnan) refers to dmul.o(.text) for __aeabi_dmul
    dunder.o(i.__mathlib_dbl_underflow) refers to dscalb.o(.text) for __ARM_scalbn
    fpclassify.o(i.__ARM_fpclassify) refers (Special) to iusefp.o(.text) for __I$use$fp
    poly.o(i.__kernel_poly) refers (Special) to iusefp.o(.text) for __I$use$fp
    poly.o(i.__kernel_poly) refers to dmul.o(.text) for __aeabi_dmul
    poly.o(i.__kernel_poly) refers to dadd.o(.text) for __aeabi_dadd
    qnan.o(.constdata) refers (Special) to iusefp.o(.text) for __I$use$fp
    entry2.o(.ARM.Collect$$$$00000001) refers to entry2.o(.ARM.Collect$$$$00002712) for __lit__00000000
    entry2.o(.ARM.Collect$$$$00002712) refers to startup_stm32f103xb.o(STACK) for __initial_sp
    entry2.o(__vectab_stack_and_reset_area) refers to startup_stm32f103xb.o(STACK) for __initial_sp
    entry2.o(__vectab_stack_and_reset_area) refers to entry.o(.ARM.Collect$$$$00000000) for __main
    entry5.o(.ARM.Collect$$$$00000004) refers to init.o(.text) for __scatterload
    entry9a.o(.ARM.Collect$$$$0000000B) refers to main.o(i.main) for main
    entry9b.o(.ARM.Collect$$$$0000000C) refers to main.o(i.main) for main
    errno.o(i.__aeabi_errno_addr) refers to errno.o(.data) for .data
    errno.o(i.__read_errno) refers to errno.o(.data) for .data
    errno.o(i.__set_errno) refers to errno.o(.data) for .data
    depilogue.o(.text) refers to llshl.o(.text) for __aeabi_llsl
    depilogue.o(.text) refers to llushr.o(.text) for __aeabi_llsr
    dmul.o(.text) refers to depilogue.o(.text) for _double_epilogue
    dsqrt.o(.text) refers to llushr.o(.text) for __aeabi_llsr
    dsqrt.o(.text) refers to depilogue.o(.text) for _double_round
    init.o(.text) refers to entry5.o(.ARM.Collect$$$$00000004) for __main_after_scatterload


==============================================================================

Removing Unused input sections from the image.

    Removing startup_stm32f103xb.o(HEAP), (512 bytes).
    Removing mpu6050.o(.rev16_text), (4 bytes).
    Removing mpu6050.o(.revsh_text), (4 bytes).
    Removing mpu6050.o(.rrx_text), (6 bytes).
    Removing mpu6050.o(i.MPU6050_GetDeviceID), (32 bytes).
    Removing mpu6050.o(i.MPU6050_GetFullScaleAccelRange), (32 bytes).
    Removing mpu6050.o(i.MPU6050_GetFullScaleGyroRange), (32 bytes).
    Removing mpu6050.o(i.MPU6050_GetRawAccelTempGyro), (84 bytes).
    Removing mpu6050.o(i.MPU6050_GetSleepModeStatus), (32 bytes).
    Removing mpu6050.o(i.MPU6050_I2C_BufferRead), (28 bytes).
    Removing mpu6050.o(i.MPU6050_I2C_ByteWrite), (36 bytes).
    Removing mpu6050.o(i.MPU6050_I2C_Init), (92 bytes).
    Removing mpu6050.o(i.MPU6050_Initialize), (148 bytes).
    Removing mpu6050.o(i.MPU6050_ReadBit), (30 bytes).
    Removing mpu6050.o(i.MPU6050_ReadBits), (48 bytes).
    Removing mpu6050.o(i.MPU6050_SetClockSource), (24 bytes).
    Removing mpu6050.o(i.MPU6050_SetFullScaleAccelRange), (24 bytes).
    Removing mpu6050.o(i.MPU6050_SetFullScaleGyroRange), (24 bytes).
    Removing mpu6050.o(i.MPU6050_SetSleepModeStatus), (20 bytes).
    Removing mpu6050.o(i.MPU6050_TestConnection), (18 bytes).
    Removing mpu6050.o(i.MPU6050_WriteBit), (54 bytes).
    Removing mpu6050.o(i.MPU6050_WriteBits), (68 bytes).
    Removing mpu6050.o(i.MPU6050_convert), (216 bytes).
    Removing mpu6050.o(i.MPU6050_setSleepDisabled), (20 bytes).
    Removing mpu6050.o(i.MPU6050_setSleepEnabled), (20 bytes).
    Removing mpu6050.o(.bss), (84 bytes).
    Removing mpu6050.o(.data), (6 bytes).
    Removing mpu6050_dmp.o(.rev16_text), (4 bytes).
    Removing mpu6050_dmp.o(.revsh_text), (4 bytes).
    Removing mpu6050_dmp.o(.rrx_text), (6 bytes).
    Removing mpu6050_dmp.o(i.I2Cdev_readBit), (24 bytes).
    Removing mpu6050_dmp.o(i.I2Cdev_readBits), (48 bytes).
    Removing mpu6050_dmp.o(i.I2Cdev_readByte), (8 bytes).
    Removing mpu6050_dmp.o(i.I2Cdev_readBytes), (36 bytes).
    Removing mpu6050_dmp.o(i.I2Cdev_readWord), (8 bytes).
    Removing mpu6050_dmp.o(i.I2Cdev_readWords), (88 bytes).
    Removing mpu6050_dmp.o(i.I2Cdev_writeBit), (56 bytes).
    Removing mpu6050_dmp.o(i.I2Cdev_writeBitW), (54 bytes).
    Removing mpu6050_dmp.o(i.I2Cdev_writeBits), (68 bytes).
    Removing mpu6050_dmp.o(i.I2Cdev_writeBitsW), (68 bytes).
    Removing mpu6050_dmp.o(i.I2Cdev_writeByte), (12 bytes).
    Removing mpu6050_dmp.o(i.I2Cdev_writeBytes), (36 bytes).
    Removing mpu6050_dmp.o(i.I2Cdev_writeWord), (22 bytes).
    Removing mpu6050_dmp.o(i.I2Cdev_writeWords), (82 bytes).
    Removing mpu6050_dmp.o(i.MPU6050_getAccelFIFOEnabled), (32 bytes).
    Removing mpu6050_dmp.o(i.MPU6050_getAccelXSelfTest), (32 bytes).
    Removing mpu6050_dmp.o(i.MPU6050_getAccelYSelfTest), (32 bytes).
    Removing mpu6050_dmp.o(i.MPU6050_getAccelZSelfTest), (32 bytes).
    Removing mpu6050_dmp.o(i.MPU6050_getAcceleration), (52 bytes).
    Removing mpu6050_dmp.o(i.MPU6050_getAccelerationX), (32 bytes).
    Removing mpu6050_dmp.o(i.MPU6050_getAccelerationY), (32 bytes).
    Removing mpu6050_dmp.o(i.MPU6050_getAccelerationZ), (32 bytes).
    Removing mpu6050_dmp.o(i.MPU6050_getAccelerometerPowerOnDelay), (28 bytes).
    Removing mpu6050_dmp.o(i.MPU6050_getAuxVDDIOLevel), (24 bytes).
    Removing mpu6050_dmp.o(i.MPU6050_getClockOutputEnabled), (32 bytes).
    Removing mpu6050_dmp.o(i.MPU6050_getClockSource), (28 bytes).
    Removing mpu6050_dmp.o(i.MPU6050_getDHPFMode), (28 bytes).
    Removing mpu6050_dmp.o(i.MPU6050_getDLPFMode), (28 bytes).
    Removing mpu6050_dmp.o(i.MPU6050_getDMPConfig1), (24 bytes).
    Removing mpu6050_dmp.o(i.MPU6050_getDMPConfig2), (24 bytes).
    Removing mpu6050_dmp.o(i.MPU6050_getDMPEnabled), (32 bytes).
    Removing mpu6050_dmp.o(i.MPU6050_getDMPInt0Status), (32 bytes).
    Removing mpu6050_dmp.o(i.MPU6050_getDMPInt1Status), (32 bytes).
    Removing mpu6050_dmp.o(i.MPU6050_getDMPInt2Status), (32 bytes).
    Removing mpu6050_dmp.o(i.MPU6050_getDMPInt3Status), (32 bytes).
    Removing mpu6050_dmp.o(i.MPU6050_getDMPInt4Status), (32 bytes).
    Removing mpu6050_dmp.o(i.MPU6050_getDMPInt5Status), (32 bytes).
    Removing mpu6050_dmp.o(i.MPU6050_getDeviceID), (28 bytes).
    Removing mpu6050_dmp.o(i.MPU6050_getExternalFrameSync), (28 bytes).
    Removing mpu6050_dmp.o(i.MPU6050_getExternalSensorByte), (24 bytes).
    Removing mpu6050_dmp.o(i.MPU6050_getExternalSensorDWord), (40 bytes).
    Removing mpu6050_dmp.o(i.MPU6050_getExternalSensorWord), (32 bytes).
    Removing mpu6050_dmp.o(i.MPU6050_getExternalShadowDelayEnabled), (32 bytes).
    Removing mpu6050_dmp.o(i.MPU6050_getFIFOByte), (24 bytes).
    Removing mpu6050_dmp.o(i.MPU6050_getFIFOBytes), (20 bytes).
    Removing mpu6050_dmp.o(i.MPU6050_getFIFOCount), (28 bytes).
    Removing mpu6050_dmp.o(i.MPU6050_getFIFOEnabled), (32 bytes).
    Removing mpu6050_dmp.o(i.MPU6050_getFSyncInterruptEnabled), (32 bytes).
    Removing mpu6050_dmp.o(i.MPU6050_getFSyncInterruptLevel), (32 bytes).
    Removing mpu6050_dmp.o(i.MPU6050_getFreefallDetectionCounterDecrement), (28 bytes).
    Removing mpu6050_dmp.o(i.MPU6050_getFreefallDetectionDuration), (24 bytes).
    Removing mpu6050_dmp.o(i.MPU6050_getFreefallDetectionThreshold), (24 bytes).
    Removing mpu6050_dmp.o(i.MPU6050_getFullScaleAccelRange), (28 bytes).
    Removing mpu6050_dmp.o(i.MPU6050_getFullScaleGyroRange), (28 bytes).
    Removing mpu6050_dmp.o(i.MPU6050_getI2CBypassEnabled), (32 bytes).
    Removing mpu6050_dmp.o(i.MPU6050_getI2CMasterModeEnabled), (32 bytes).
    Removing mpu6050_dmp.o(i.MPU6050_getIntDMPEnabled), (32 bytes).
    Removing mpu6050_dmp.o(i.MPU6050_getIntDMPStatus), (32 bytes).
    Removing mpu6050_dmp.o(i.MPU6050_getIntDataReadyEnabled), (32 bytes).
    Removing mpu6050_dmp.o(i.MPU6050_getIntDataReadyStatus), (32 bytes).
    Removing mpu6050_dmp.o(i.MPU6050_getIntEnabled), (24 bytes).
    Removing mpu6050_dmp.o(i.MPU6050_getIntFIFOBufferOverflowEnabled), (32 bytes).
    Removing mpu6050_dmp.o(i.MPU6050_getIntFIFOBufferOverflowStatus), (32 bytes).
    Removing mpu6050_dmp.o(i.MPU6050_getIntFreefallEnabled), (32 bytes).
    Removing mpu6050_dmp.o(i.MPU6050_getIntFreefallStatus), (32 bytes).
    Removing mpu6050_dmp.o(i.MPU6050_getIntI2CMasterEnabled), (32 bytes).
    Removing mpu6050_dmp.o(i.MPU6050_getIntI2CMasterStatus), (32 bytes).
    Removing mpu6050_dmp.o(i.MPU6050_getIntMotionEnabled), (32 bytes).
    Removing mpu6050_dmp.o(i.MPU6050_getIntMotionStatus), (32 bytes).
    Removing mpu6050_dmp.o(i.MPU6050_getIntPLLReadyEnabled), (32 bytes).
    Removing mpu6050_dmp.o(i.MPU6050_getIntPLLReadyStatus), (32 bytes).
    Removing mpu6050_dmp.o(i.MPU6050_getIntStatus), (24 bytes).
    Removing mpu6050_dmp.o(i.MPU6050_getIntZeroMotionEnabled), (32 bytes).
    Removing mpu6050_dmp.o(i.MPU6050_getIntZeroMotionStatus), (32 bytes).
    Removing mpu6050_dmp.o(i.MPU6050_getInterruptDrive), (32 bytes).
    Removing mpu6050_dmp.o(i.MPU6050_getInterruptLatch), (32 bytes).
    Removing mpu6050_dmp.o(i.MPU6050_getInterruptLatchClear), (32 bytes).
    Removing mpu6050_dmp.o(i.MPU6050_getInterruptMode), (32 bytes).
    Removing mpu6050_dmp.o(i.MPU6050_getLostArbitration), (32 bytes).
    Removing mpu6050_dmp.o(i.MPU6050_getMasterClockSpeed), (28 bytes).
    Removing mpu6050_dmp.o(i.MPU6050_getMotion6), (84 bytes).
    Removing mpu6050_dmp.o(i.MPU6050_getMotion9), (16 bytes).
    Removing mpu6050_dmp.o(i.MPU6050_getMotionDetectionCounterDecrement), (28 bytes).
    Removing mpu6050_dmp.o(i.MPU6050_getMotionDetectionDuration), (24 bytes).
    Removing mpu6050_dmp.o(i.MPU6050_getMotionDetectionThreshold), (24 bytes).
    Removing mpu6050_dmp.o(i.MPU6050_getMultiMasterEnabled), (32 bytes).
    Removing mpu6050_dmp.o(i.MPU6050_getOTPBankValid), (24 bytes).
    Removing mpu6050_dmp.o(i.MPU6050_getPassthroughStatus), (32 bytes).
    Removing mpu6050_dmp.o(i.MPU6050_getRate), (24 bytes).
    Removing mpu6050_dmp.o(i.MPU6050_getRotation), (52 bytes).
    Removing mpu6050_dmp.o(i.MPU6050_getRotationX), (32 bytes).
    Removing mpu6050_dmp.o(i.MPU6050_getRotationY), (32 bytes).
    Removing mpu6050_dmp.o(i.MPU6050_getRotationZ), (32 bytes).
    Removing mpu6050_dmp.o(i.MPU6050_getSlate4InputByte), (24 bytes).
    Removing mpu6050_dmp.o(i.MPU6050_getSlave0FIFOEnabled), (32 bytes).
    Removing mpu6050_dmp.o(i.MPU6050_getSlave0Nack), (32 bytes).
    Removing mpu6050_dmp.o(i.MPU6050_getSlave1FIFOEnabled), (32 bytes).
    Removing mpu6050_dmp.o(i.MPU6050_getSlave1Nack), (32 bytes).
    Removing mpu6050_dmp.o(i.MPU6050_getSlave2FIFOEnabled), (32 bytes).
    Removing mpu6050_dmp.o(i.MPU6050_getSlave2Nack), (32 bytes).
    Removing mpu6050_dmp.o(i.MPU6050_getSlave3FIFOEnabled), (32 bytes).
    Removing mpu6050_dmp.o(i.MPU6050_getSlave3Nack), (32 bytes).
    Removing mpu6050_dmp.o(i.MPU6050_getSlave4Address), (24 bytes).
    Removing mpu6050_dmp.o(i.MPU6050_getSlave4Enabled), (32 bytes).
    Removing mpu6050_dmp.o(i.MPU6050_getSlave4InterruptEnabled), (32 bytes).
    Removing mpu6050_dmp.o(i.MPU6050_getSlave4IsDone), (32 bytes).
    Removing mpu6050_dmp.o(i.MPU6050_getSlave4MasterDelay), (28 bytes).
    Removing mpu6050_dmp.o(i.MPU6050_getSlave4Nack), (32 bytes).
    Removing mpu6050_dmp.o(i.MPU6050_getSlave4Register), (24 bytes).
    Removing mpu6050_dmp.o(i.MPU6050_getSlave4WriteMode), (32 bytes).
    Removing mpu6050_dmp.o(i.MPU6050_getSlaveAddress), (36 bytes).
    Removing mpu6050_dmp.o(i.MPU6050_getSlaveDataLength), (44 bytes).
    Removing mpu6050_dmp.o(i.MPU6050_getSlaveDelayEnabled), (40 bytes).
    Removing mpu6050_dmp.o(i.MPU6050_getSlaveEnabled), (44 bytes).
    Removing mpu6050_dmp.o(i.MPU6050_getSlaveReadWriteTransitionEnabled), (32 bytes).
    Removing mpu6050_dmp.o(i.MPU6050_getSlaveRegister), (36 bytes).
    Removing mpu6050_dmp.o(i.MPU6050_getSlaveWordByteSwap), (44 bytes).
    Removing mpu6050_dmp.o(i.MPU6050_getSlaveWordGroupOffset), (44 bytes).
    Removing mpu6050_dmp.o(i.MPU6050_getSlaveWriteMode), (44 bytes).
    Removing mpu6050_dmp.o(i.MPU6050_getSleepEnabled), (32 bytes).
    Removing mpu6050_dmp.o(i.MPU6050_getStandbyXAccelEnabled), (32 bytes).
    Removing mpu6050_dmp.o(i.MPU6050_getStandbyXGyroEnabled), (32 bytes).
    Removing mpu6050_dmp.o(i.MPU6050_getStandbyYAccelEnabled), (32 bytes).
    Removing mpu6050_dmp.o(i.MPU6050_getStandbyYGyroEnabled), (32 bytes).
    Removing mpu6050_dmp.o(i.MPU6050_getStandbyZAccelEnabled), (32 bytes).
    Removing mpu6050_dmp.o(i.MPU6050_getStandbyZGyroEnabled), (32 bytes).
    Removing mpu6050_dmp.o(i.MPU6050_getTempFIFOEnabled), (32 bytes).
    Removing mpu6050_dmp.o(i.MPU6050_getTempSensorEnabled), (32 bytes).
    Removing mpu6050_dmp.o(i.MPU6050_getTemperature), (32 bytes).
    Removing mpu6050_dmp.o(i.MPU6050_getWaitForExternalSensorEnabled), (32 bytes).
    Removing mpu6050_dmp.o(i.MPU6050_getWakeCycleEnabled), (32 bytes).
    Removing mpu6050_dmp.o(i.MPU6050_getWakeFrequency), (28 bytes).
    Removing mpu6050_dmp.o(i.MPU6050_getXAccelOffset), (32 bytes).
    Removing mpu6050_dmp.o(i.MPU6050_getXFineGain), (24 bytes).
    Removing mpu6050_dmp.o(i.MPU6050_getXGyroFIFOEnabled), (32 bytes).
    Removing mpu6050_dmp.o(i.MPU6050_getXGyroOffset), (32 bytes).
    Removing mpu6050_dmp.o(i.MPU6050_getXGyroOffsetTC), (32 bytes).
    Removing mpu6050_dmp.o(i.MPU6050_getXNegMotionDetected), (32 bytes).
    Removing mpu6050_dmp.o(i.MPU6050_getXPosMotionDetected), (32 bytes).
    Removing mpu6050_dmp.o(i.MPU6050_getYAccelOffset), (32 bytes).
    Removing mpu6050_dmp.o(i.MPU6050_getYFineGain), (24 bytes).
    Removing mpu6050_dmp.o(i.MPU6050_getYGyroFIFOEnabled), (32 bytes).
    Removing mpu6050_dmp.o(i.MPU6050_getYGyroOffset), (32 bytes).
    Removing mpu6050_dmp.o(i.MPU6050_getYGyroOffsetTC), (32 bytes).
    Removing mpu6050_dmp.o(i.MPU6050_getYNegMotionDetected), (32 bytes).
    Removing mpu6050_dmp.o(i.MPU6050_getYPosMotionDetected), (32 bytes).
    Removing mpu6050_dmp.o(i.MPU6050_getZAccelOffset), (32 bytes).
    Removing mpu6050_dmp.o(i.MPU6050_getZFineGain), (24 bytes).
    Removing mpu6050_dmp.o(i.MPU6050_getZGyroFIFOEnabled), (32 bytes).
    Removing mpu6050_dmp.o(i.MPU6050_getZGyroOffset), (32 bytes).
    Removing mpu6050_dmp.o(i.MPU6050_getZGyroOffsetTC), (32 bytes).
    Removing mpu6050_dmp.o(i.MPU6050_getZNegMotionDetected), (32 bytes).
    Removing mpu6050_dmp.o(i.MPU6050_getZPosMotionDetected), (32 bytes).
    Removing mpu6050_dmp.o(i.MPU6050_getZeroMotionDetected), (32 bytes).
    Removing mpu6050_dmp.o(i.MPU6050_getZeroMotionDetectionDuration), (24 bytes).
    Removing mpu6050_dmp.o(i.MPU6050_getZeroMotionDetectionThreshold), (24 bytes).
    Removing mpu6050_dmp.o(i.MPU6050_initialize), (30 bytes).
    Removing mpu6050_dmp.o(i.MPU6050_readMemoryBlock), (124 bytes).
    Removing mpu6050_dmp.o(i.MPU6050_readMemoryByte), (24 bytes).
    Removing mpu6050_dmp.o(i.MPU6050_reset), (20 bytes).
    Removing mpu6050_dmp.o(i.MPU6050_resetAccelerometerPath), (20 bytes).
    Removing mpu6050_dmp.o(i.MPU6050_resetDMP), (20 bytes).
    Removing mpu6050_dmp.o(i.MPU6050_resetFIFO), (20 bytes).
    Removing mpu6050_dmp.o(i.MPU6050_resetGyroscopePath), (20 bytes).
    Removing mpu6050_dmp.o(i.MPU6050_resetI2CMaster), (20 bytes).
    Removing mpu6050_dmp.o(i.MPU6050_resetSensors), (20 bytes).
    Removing mpu6050_dmp.o(i.MPU6050_resetTemperaturePath), (20 bytes).
    Removing mpu6050_dmp.o(i.MPU6050_setAccelFIFOEnabled), (20 bytes).
    Removing mpu6050_dmp.o(i.MPU6050_setAccelXSelfTest), (20 bytes).
    Removing mpu6050_dmp.o(i.MPU6050_setAccelYSelfTest), (20 bytes).
    Removing mpu6050_dmp.o(i.MPU6050_setAccelZSelfTest), (20 bytes).
    Removing mpu6050_dmp.o(i.MPU6050_setAccelerometerPowerOnDelay), (24 bytes).
    Removing mpu6050_dmp.o(i.MPU6050_setAuxVDDIOLevel), (20 bytes).
    Removing mpu6050_dmp.o(i.MPU6050_setClockOutputEnabled), (20 bytes).
    Removing mpu6050_dmp.o(i.MPU6050_setClockSource), (24 bytes).
    Removing mpu6050_dmp.o(i.MPU6050_setDHPFMode), (24 bytes).
    Removing mpu6050_dmp.o(i.MPU6050_setDLPFMode), (24 bytes).
    Removing mpu6050_dmp.o(i.MPU6050_setDMPConfig1), (16 bytes).
    Removing mpu6050_dmp.o(i.MPU6050_setDMPConfig2), (16 bytes).
    Removing mpu6050_dmp.o(i.MPU6050_setDMPEnabled), (20 bytes).
    Removing mpu6050_dmp.o(i.MPU6050_setDeviceID), (24 bytes).
    Removing mpu6050_dmp.o(i.MPU6050_setExternalFrameSync), (24 bytes).
    Removing mpu6050_dmp.o(i.MPU6050_setExternalShadowDelayEnabled), (20 bytes).
    Removing mpu6050_dmp.o(i.MPU6050_setFIFOByte), (16 bytes).
    Removing mpu6050_dmp.o(i.MPU6050_setFIFOEnabled), (20 bytes).
    Removing mpu6050_dmp.o(i.MPU6050_setFSyncInterruptEnabled), (20 bytes).
    Removing mpu6050_dmp.o(i.MPU6050_setFSyncInterruptLevel), (20 bytes).
    Removing mpu6050_dmp.o(i.MPU6050_setFreefallDetectionCounterDecrement), (24 bytes).
    Removing mpu6050_dmp.o(i.MPU6050_setFreefallDetectionDuration), (16 bytes).
    Removing mpu6050_dmp.o(i.MPU6050_setFreefallDetectionThreshold), (16 bytes).
    Removing mpu6050_dmp.o(i.MPU6050_setFullScaleAccelRange), (24 bytes).
    Removing mpu6050_dmp.o(i.MPU6050_setFullScaleGyroRange), (24 bytes).
    Removing mpu6050_dmp.o(i.MPU6050_setI2CBypassEnabled), (20 bytes).
    Removing mpu6050_dmp.o(i.MPU6050_setI2CMasterModeEnabled), (20 bytes).
    Removing mpu6050_dmp.o(i.MPU6050_setIntDMPEnabled), (20 bytes).
    Removing mpu6050_dmp.o(i.MPU6050_setIntDataReadyEnabled), (20 bytes).
    Removing mpu6050_dmp.o(i.MPU6050_setIntEnabled), (16 bytes).
    Removing mpu6050_dmp.o(i.MPU6050_setIntFIFOBufferOverflowEnabled), (20 bytes).
    Removing mpu6050_dmp.o(i.MPU6050_setIntFreefallEnabled), (20 bytes).
    Removing mpu6050_dmp.o(i.MPU6050_setIntI2CMasterEnabled), (20 bytes).
    Removing mpu6050_dmp.o(i.MPU6050_setIntMotionEnabled), (20 bytes).
    Removing mpu6050_dmp.o(i.MPU6050_setIntPLLReadyEnabled), (20 bytes).
    Removing mpu6050_dmp.o(i.MPU6050_setIntZeroMotionEnabled), (20 bytes).
    Removing mpu6050_dmp.o(i.MPU6050_setInterruptDrive), (20 bytes).
    Removing mpu6050_dmp.o(i.MPU6050_setInterruptLatch), (20 bytes).
    Removing mpu6050_dmp.o(i.MPU6050_setInterruptLatchClear), (20 bytes).
    Removing mpu6050_dmp.o(i.MPU6050_setInterruptMode), (20 bytes).
    Removing mpu6050_dmp.o(i.MPU6050_setMasterClockSpeed), (24 bytes).
    Removing mpu6050_dmp.o(i.MPU6050_setMemoryBank), (32 bytes).
    Removing mpu6050_dmp.o(i.MPU6050_setMemoryStartAddress), (16 bytes).
    Removing mpu6050_dmp.o(i.MPU6050_setMotionDetectionCounterDecrement), (24 bytes).
    Removing mpu6050_dmp.o(i.MPU6050_setMotionDetectionDuration), (16 bytes).
    Removing mpu6050_dmp.o(i.MPU6050_setMotionDetectionThreshold), (16 bytes).
    Removing mpu6050_dmp.o(i.MPU6050_setMultiMasterEnabled), (20 bytes).
    Removing mpu6050_dmp.o(i.MPU6050_setOTPBankValid), (20 bytes).
    Removing mpu6050_dmp.o(i.MPU6050_setRate), (16 bytes).
    Removing mpu6050_dmp.o(i.MPU6050_setSlave0FIFOEnabled), (20 bytes).
    Removing mpu6050_dmp.o(i.MPU6050_setSlave1FIFOEnabled), (20 bytes).
    Removing mpu6050_dmp.o(i.MPU6050_setSlave2FIFOEnabled), (20 bytes).
    Removing mpu6050_dmp.o(i.MPU6050_setSlave3FIFOEnabled), (20 bytes).
    Removing mpu6050_dmp.o(i.MPU6050_setSlave4Address), (16 bytes).
    Removing mpu6050_dmp.o(i.MPU6050_setSlave4Enabled), (20 bytes).
    Removing mpu6050_dmp.o(i.MPU6050_setSlave4InterruptEnabled), (20 bytes).
    Removing mpu6050_dmp.o(i.MPU6050_setSlave4MasterDelay), (24 bytes).
    Removing mpu6050_dmp.o(i.MPU6050_setSlave4OutputByte), (16 bytes).
    Removing mpu6050_dmp.o(i.MPU6050_setSlave4Register), (16 bytes).
    Removing mpu6050_dmp.o(i.MPU6050_setSlave4WriteMode), (20 bytes).
    Removing mpu6050_dmp.o(i.MPU6050_setSlaveAddress), (32 bytes).
    Removing mpu6050_dmp.o(i.MPU6050_setSlaveDataLength), (36 bytes).
    Removing mpu6050_dmp.o(i.MPU6050_setSlaveDelayEnabled), (20 bytes).
    Removing mpu6050_dmp.o(i.MPU6050_setSlaveEnabled), (32 bytes).
    Removing mpu6050_dmp.o(i.MPU6050_setSlaveOutputByte), (28 bytes).
    Removing mpu6050_dmp.o(i.MPU6050_setSlaveReadWriteTransitionEnabled), (20 bytes).
    Removing mpu6050_dmp.o(i.MPU6050_setSlaveRegister), (32 bytes).
    Removing mpu6050_dmp.o(i.MPU6050_setSlaveWordByteSwap), (32 bytes).
    Removing mpu6050_dmp.o(i.MPU6050_setSlaveWordGroupOffset), (32 bytes).
    Removing mpu6050_dmp.o(i.MPU6050_setSlaveWriteMode), (32 bytes).
    Removing mpu6050_dmp.o(i.MPU6050_setSleepEnabled_dmp), (20 bytes).
    Removing mpu6050_dmp.o(i.MPU6050_setStandbyXAccelEnabled), (20 bytes).
    Removing mpu6050_dmp.o(i.MPU6050_setStandbyXGyroEnabled), (20 bytes).
    Removing mpu6050_dmp.o(i.MPU6050_setStandbyYAccelEnabled), (20 bytes).
    Removing mpu6050_dmp.o(i.MPU6050_setStandbyYGyroEnabled), (20 bytes).
    Removing mpu6050_dmp.o(i.MPU6050_setStandbyZAccelEnabled), (20 bytes).
    Removing mpu6050_dmp.o(i.MPU6050_setStandbyZGyroEnabled), (20 bytes).
    Removing mpu6050_dmp.o(i.MPU6050_setTempFIFOEnabled), (20 bytes).
    Removing mpu6050_dmp.o(i.MPU6050_setTempSensorEnabled), (20 bytes).
    Removing mpu6050_dmp.o(i.MPU6050_setWaitForExternalSensorEnabled), (20 bytes).
    Removing mpu6050_dmp.o(i.MPU6050_setWakeCycleEnabled), (20 bytes).
    Removing mpu6050_dmp.o(i.MPU6050_setWakeFrequency), (24 bytes).
    Removing mpu6050_dmp.o(i.MPU6050_setXAccelOffset), (16 bytes).
    Removing mpu6050_dmp.o(i.MPU6050_setXFineGain), (16 bytes).
    Removing mpu6050_dmp.o(i.MPU6050_setXGyroFIFOEnabled), (20 bytes).
    Removing mpu6050_dmp.o(i.MPU6050_setXGyroOffset), (16 bytes).
    Removing mpu6050_dmp.o(i.MPU6050_setXGyroOffsetTC), (28 bytes).
    Removing mpu6050_dmp.o(i.MPU6050_setYAccelOffset), (16 bytes).
    Removing mpu6050_dmp.o(i.MPU6050_setYFineGain), (16 bytes).
    Removing mpu6050_dmp.o(i.MPU6050_setYGyroFIFOEnabled), (20 bytes).
    Removing mpu6050_dmp.o(i.MPU6050_setYGyroOffset), (16 bytes).
    Removing mpu6050_dmp.o(i.MPU6050_setYGyroOffsetTC), (28 bytes).
    Removing mpu6050_dmp.o(i.MPU6050_setZAccelOffset), (16 bytes).
    Removing mpu6050_dmp.o(i.MPU6050_setZFineGain), (16 bytes).
    Removing mpu6050_dmp.o(i.MPU6050_setZGyroFIFOEnabled), (20 bytes).
    Removing mpu6050_dmp.o(i.MPU6050_setZGyroOffset), (16 bytes).
    Removing mpu6050_dmp.o(i.MPU6050_setZGyroOffsetTC), (28 bytes).
    Removing mpu6050_dmp.o(i.MPU6050_setZeroMotionDetectionDuration), (16 bytes).
    Removing mpu6050_dmp.o(i.MPU6050_setZeroMotionDetectionThreshold), (16 bytes).
    Removing mpu6050_dmp.o(i.MPU6050_switchSPIEnabled), (20 bytes).
    Removing mpu6050_dmp.o(i.MPU6050_testConnection), (18 bytes).
    Removing mpu6050_dmp.o(i.MPU6050_writeDMPConfigurationSet), (184 bytes).
    Removing mpu6050_dmp.o(i.MPU6050_writeMemoryBlock), (260 bytes).
    Removing mpu6050_dmp.o(i.MPU6050_writeMemoryByte), (16 bytes).
    Removing mpu6050_dmp.o(i.MPU6050_writeProgDMPConfigurationSet), (6 bytes).
    Removing mpu6050_dmp.o(i.MPU6050_writeProgMemoryBlock), (16 bytes).
    Removing mpu6050_dmp.o(i.MPU6050address), (12 bytes).
    Removing mpu6050_dmp.o(.bss), (15 bytes).
    Removing mpu6050_dmp_6axis_motionapps20.o(.rev16_text), (4 bytes).
    Removing mpu6050_dmp_6axis_motionapps20.o(.revsh_text), (4 bytes).
    Removing mpu6050_dmp_6axis_motionapps20.o(.rrx_text), (6 bytes).
    Removing mpu6050_dmp_6axis_motionapps20.o(i.MPU6050_dmpGetAccelVectorInt16), (32 bytes).
    Removing mpu6050_dmp_6axis_motionapps20.o(i.MPU6050_dmpGetAccel_data16), (32 bytes).
    Removing mpu6050_dmp_6axis_motionapps20.o(i.MPU6050_dmpGetAccel_data32), (60 bytes).
    Removing mpu6050_dmp_6axis_motionapps20.o(i.MPU6050_dmpGetEuler), (278 bytes).
    Removing mpu6050_dmp_6axis_motionapps20.o(i.MPU6050_dmpGetFIFOPacketSize), (12 bytes).
    Removing mpu6050_dmp_6axis_motionapps20.o(i.MPU6050_dmpGetGravity), (136 bytes).
    Removing mpu6050_dmp_6axis_motionapps20.o(i.MPU6050_dmpGetGyro_VectorInt16), (32 bytes).
    Removing mpu6050_dmp_6axis_motionapps20.o(i.MPU6050_dmpGetGyro_int16), (32 bytes).
    Removing mpu6050_dmp_6axis_motionapps20.o(i.MPU6050_dmpGetGyro_int32), (56 bytes).
    Removing mpu6050_dmp_6axis_motionapps20.o(i.MPU6050_dmpGetLinearAccelInWorld), (12 bytes).
    Removing mpu6050_dmp_6axis_motionapps20.o(i.MPU6050_dmpGetLinearAccel_VectorInt16), (106 bytes).
    Removing mpu6050_dmp_6axis_motionapps20.o(i.MPU6050_dmpGetQuaternion), (86 bytes).
    Removing mpu6050_dmp_6axis_motionapps20.o(i.MPU6050_dmpGetQuaternion_int16), (40 bytes).
    Removing mpu6050_dmp_6axis_motionapps20.o(i.MPU6050_dmpGetQuaternion_int32), (72 bytes).
    Removing mpu6050_dmp_6axis_motionapps20.o(i.MPU6050_dmpGetYawPitchRoll), (238 bytes).
    Removing mpu6050_dmp_6axis_motionapps20.o(i.MPU6050_dmpInitialize), (732 bytes).
    Removing mpu6050_dmp_6axis_motionapps20.o(i.MPU6050_dmpPacketAvailable), (28 bytes).
    Removing mpu6050_dmp_6axis_motionapps20.o(i.MPU6050_dmpProcessFIFOPacket), (4 bytes).
    Removing mpu6050_dmp_6axis_motionapps20.o(i.MPU6050_dmpReadAndProcessFIFOPacket), (64 bytes).
    Removing mpu6050_dmp_6axis_motionapps20.o(.constdata), (2168 bytes).
    Removing mpu6050_dmp_6axis_motionapps20.o(.data), (8 bytes).
    Removing main.o(.rev16_text), (4 bytes).
    Removing main.o(.revsh_text), (4 bytes).
    Removing main.o(.rrx_text), (6 bytes).
    Removing main.o(i._Error_Handler), (2 bytes).
    Removing stm32f1xx_it.o(.rev16_text), (4 bytes).
    Removing stm32f1xx_it.o(.revsh_text), (4 bytes).
    Removing stm32f1xx_it.o(.rrx_text), (6 bytes).
    Removing stm32f1xx_hal_msp.o(.rev16_text), (4 bytes).
    Removing stm32f1xx_hal_msp.o(.revsh_text), (4 bytes).
    Removing stm32f1xx_hal_msp.o(.rrx_text), (6 bytes).
    Removing stm32f1xx_hal_msp.o(i.HAL_I2C_MspDeInit), (40 bytes).
    Removing stm32f1xx_hal_msp.o(i.HAL_UART_MspDeInit), (44 bytes).
    Removing stm32f1xx_hal_i2c.o(.rev16_text), (4 bytes).
    Removing stm32f1xx_hal_i2c.o(.revsh_text), (4 bytes).
    Removing stm32f1xx_hal_i2c.o(.rrx_text), (6 bytes).
    Removing stm32f1xx_hal_i2c.o(i.HAL_I2C_AbortCpltCallback), (2 bytes).
    Removing stm32f1xx_hal_i2c.o(i.HAL_I2C_AddrCallback), (2 bytes).
    Removing stm32f1xx_hal_i2c.o(i.HAL_I2C_DeInit), (50 bytes).
    Removing stm32f1xx_hal_i2c.o(i.HAL_I2C_DisableListen_IT), (68 bytes).
    Removing stm32f1xx_hal_i2c.o(i.HAL_I2C_ER_IRQHandler), (208 bytes).
    Removing stm32f1xx_hal_i2c.o(i.HAL_I2C_EV_IRQHandler), (496 bytes).
    Removing stm32f1xx_hal_i2c.o(i.HAL_I2C_EnableListen_IT), (58 bytes).
    Removing stm32f1xx_hal_i2c.o(i.HAL_I2C_ErrorCallback), (2 bytes).
    Removing stm32f1xx_hal_i2c.o(i.HAL_I2C_GetError), (4 bytes).
    Removing stm32f1xx_hal_i2c.o(i.HAL_I2C_GetMode), (6 bytes).
    Removing stm32f1xx_hal_i2c.o(i.HAL_I2C_GetState), (6 bytes).
    Removing stm32f1xx_hal_i2c.o(i.HAL_I2C_IsDeviceReady), (352 bytes).
    Removing stm32f1xx_hal_i2c.o(i.HAL_I2C_ListenCpltCallback), (2 bytes).
    Removing stm32f1xx_hal_i2c.o(i.HAL_I2C_MasterRxCpltCallback), (2 bytes).
    Removing stm32f1xx_hal_i2c.o(i.HAL_I2C_MasterTxCpltCallback), (2 bytes).
    Removing stm32f1xx_hal_i2c.o(i.HAL_I2C_Master_Abort_IT), (86 bytes).
    Removing stm32f1xx_hal_i2c.o(i.HAL_I2C_Master_Receive), (528 bytes).
    Removing stm32f1xx_hal_i2c.o(i.HAL_I2C_Master_Receive_DMA), (284 bytes).
    Removing stm32f1xx_hal_i2c.o(i.HAL_I2C_Master_Receive_IT), (188 bytes).
    Removing stm32f1xx_hal_i2c.o(i.HAL_I2C_Master_Sequential_Receive_IT), (204 bytes).
    Removing stm32f1xx_hal_i2c.o(i.HAL_I2C_Master_Sequential_Transmit_IT), (192 bytes).
    Removing stm32f1xx_hal_i2c.o(i.HAL_I2C_Master_Transmit), (312 bytes).
    Removing stm32f1xx_hal_i2c.o(i.HAL_I2C_Master_Transmit_DMA), (284 bytes).
    Removing stm32f1xx_hal_i2c.o(i.HAL_I2C_Master_Transmit_IT), (180 bytes).
    Removing stm32f1xx_hal_i2c.o(i.HAL_I2C_MemRxCpltCallback), (2 bytes).
    Removing stm32f1xx_hal_i2c.o(i.HAL_I2C_MemTxCpltCallback), (2 bytes).
    Removing stm32f1xx_hal_i2c.o(i.HAL_I2C_Mem_Read), (544 bytes).
    Removing stm32f1xx_hal_i2c.o(i.HAL_I2C_Mem_Read_DMA), (364 bytes).
    Removing stm32f1xx_hal_i2c.o(i.HAL_I2C_Mem_Read_IT), (216 bytes).
    Removing stm32f1xx_hal_i2c.o(i.HAL_I2C_Mem_Write), (316 bytes).
    Removing stm32f1xx_hal_i2c.o(i.HAL_I2C_Mem_Write_DMA), (284 bytes).
    Removing stm32f1xx_hal_i2c.o(i.HAL_I2C_Mem_Write_IT), (204 bytes).
    Removing stm32f1xx_hal_i2c.o(i.HAL_I2C_MspDeInit), (2 bytes).
    Removing stm32f1xx_hal_i2c.o(i.HAL_I2C_MspInit), (2 bytes).
    Removing stm32f1xx_hal_i2c.o(i.HAL_I2C_SlaveRxCpltCallback), (2 bytes).
    Removing stm32f1xx_hal_i2c.o(i.HAL_I2C_SlaveTxCpltCallback), (2 bytes).
    Removing stm32f1xx_hal_i2c.o(i.HAL_I2C_Slave_Receive), (384 bytes).
    Removing stm32f1xx_hal_i2c.o(i.HAL_I2C_Slave_Receive_DMA), (236 bytes).
    Removing stm32f1xx_hal_i2c.o(i.HAL_I2C_Slave_Receive_IT), (180 bytes).
    Removing stm32f1xx_hal_i2c.o(i.HAL_I2C_Slave_Sequential_Receive_IT), (114 bytes).
    Removing stm32f1xx_hal_i2c.o(i.HAL_I2C_Slave_Sequential_Transmit_IT), (114 bytes).
    Removing stm32f1xx_hal_i2c.o(i.HAL_I2C_Slave_Transmit), (356 bytes).
    Removing stm32f1xx_hal_i2c.o(i.HAL_I2C_Slave_Transmit_DMA), (236 bytes).
    Removing stm32f1xx_hal_i2c.o(i.HAL_I2C_Slave_Transmit_IT), (184 bytes).
    Removing stm32f1xx_hal_i2c.o(i.I2C_DMAAbort), (78 bytes).
    Removing stm32f1xx_hal_i2c.o(i.I2C_DMAError), (42 bytes).
    Removing stm32f1xx_hal_i2c.o(i.I2C_DMAXferCplt), (134 bytes).
    Removing stm32f1xx_hal_i2c.o(i.I2C_ITError), (292 bytes).
    Removing stm32f1xx_hal_i2c.o(i.I2C_IsAcknowledgeFailed), (40 bytes).
    Removing stm32f1xx_hal_i2c.o(i.I2C_MasterReceive_BTF), (200 bytes).
    Removing stm32f1xx_hal_i2c.o(i.I2C_MasterReceive_RXNE), (174 bytes).
    Removing stm32f1xx_hal_i2c.o(i.I2C_MasterRequestRead), (222 bytes).
    Removing stm32f1xx_hal_i2c.o(i.I2C_MasterRequestWrite), (148 bytes).
    Removing stm32f1xx_hal_i2c.o(i.I2C_MasterTransmit_BTF), (128 bytes).
    Removing stm32f1xx_hal_i2c.o(i.I2C_MasterTransmit_TXE), (264 bytes).
    Removing stm32f1xx_hal_i2c.o(i.I2C_Master_ADDR), (282 bytes).
    Removing stm32f1xx_hal_i2c.o(i.I2C_Master_SB), (90 bytes).
    Removing stm32f1xx_hal_i2c.o(i.I2C_RequestMemoryRead), (240 bytes).
    Removing stm32f1xx_hal_i2c.o(i.I2C_RequestMemoryWrite), (160 bytes).
    Removing stm32f1xx_hal_i2c.o(i.I2C_Slave_AF), (132 bytes).
    Removing stm32f1xx_hal_i2c.o(i.I2C_Slave_STOPF), (220 bytes).
    Removing stm32f1xx_hal_i2c.o(i.I2C_WaitOnBTFFlagUntilTimeout), (78 bytes).
    Removing stm32f1xx_hal_i2c.o(i.I2C_WaitOnFlagUntilTimeout), (96 bytes).
    Removing stm32f1xx_hal_i2c.o(i.I2C_WaitOnMasterAddressFlagUntilTimeout), (136 bytes).
    Removing stm32f1xx_hal_i2c.o(i.I2C_WaitOnRXNEFlagUntilTimeout), (98 bytes).
    Removing stm32f1xx_hal_i2c.o(i.I2C_WaitOnTXEFlagUntilTimeout), (78 bytes).
    Removing stm32f1xx_hal_dma.o(.rev16_text), (4 bytes).
    Removing stm32f1xx_hal_dma.o(.revsh_text), (4 bytes).
    Removing stm32f1xx_hal_dma.o(.rrx_text), (6 bytes).
    Removing stm32f1xx_hal_dma.o(i.DMA_SetConfig), (42 bytes).
    Removing stm32f1xx_hal_dma.o(i.HAL_DMA_Abort), (48 bytes).
    Removing stm32f1xx_hal_dma.o(i.HAL_DMA_Abort_IT), (152 bytes).
    Removing stm32f1xx_hal_dma.o(i.HAL_DMA_DeInit), (84 bytes).
    Removing stm32f1xx_hal_dma.o(i.HAL_DMA_GetError), (4 bytes).
    Removing stm32f1xx_hal_dma.o(i.HAL_DMA_GetState), (6 bytes).
    Removing stm32f1xx_hal_dma.o(i.HAL_DMA_IRQHandler), (340 bytes).
    Removing stm32f1xx_hal_dma.o(i.HAL_DMA_Init), (100 bytes).
    Removing stm32f1xx_hal_dma.o(i.HAL_DMA_PollForTransfer), (532 bytes).
    Removing stm32f1xx_hal_dma.o(i.HAL_DMA_RegisterCallback), (74 bytes).
    Removing stm32f1xx_hal_dma.o(i.HAL_DMA_Start), (80 bytes).
    Removing stm32f1xx_hal_dma.o(i.HAL_DMA_Start_IT), (112 bytes).
    Removing stm32f1xx_hal_dma.o(i.HAL_DMA_UnRegisterCallback), (82 bytes).
    Removing stm32f1xx_hal_rcc.o(.rev16_text), (4 bytes).
    Removing stm32f1xx_hal_rcc.o(.revsh_text), (4 bytes).
    Removing stm32f1xx_hal_rcc.o(.rrx_text), (6 bytes).
    Removing stm32f1xx_hal_rcc.o(i.HAL_RCC_CSSCallback), (2 bytes).
    Removing stm32f1xx_hal_rcc.o(i.HAL_RCC_DeInit), (216 bytes).
    Removing stm32f1xx_hal_rcc.o(i.HAL_RCC_DisableCSS), (12 bytes).
    Removing stm32f1xx_hal_rcc.o(i.HAL_RCC_EnableCSS), (12 bytes).
    Removing stm32f1xx_hal_rcc.o(i.HAL_RCC_GetClockConfig), (64 bytes).
    Removing stm32f1xx_hal_rcc.o(i.HAL_RCC_GetOscConfig), (144 bytes).
    Removing stm32f1xx_hal_rcc.o(i.HAL_RCC_MCOConfig), (72 bytes).
    Removing stm32f1xx_hal_rcc.o(i.HAL_RCC_NMI_IRQHandler), (24 bytes).
    Removing stm32f1xx_hal_rcc_ex.o(.rev16_text), (4 bytes).
    Removing stm32f1xx_hal_rcc_ex.o(.revsh_text), (4 bytes).
    Removing stm32f1xx_hal_rcc_ex.o(.rrx_text), (6 bytes).
    Removing stm32f1xx_hal_rcc_ex.o(i.HAL_RCCEx_GetPeriphCLKConfig), (44 bytes).
    Removing stm32f1xx_hal_rcc_ex.o(i.HAL_RCCEx_GetPeriphCLKFreq), (200 bytes).
    Removing stm32f1xx_hal_rcc_ex.o(i.HAL_RCCEx_PeriphCLKConfig), (236 bytes).
    Removing stm32f1xx_hal_cortex.o(.rev16_text), (4 bytes).
    Removing stm32f1xx_hal_cortex.o(.revsh_text), (4 bytes).
    Removing stm32f1xx_hal_cortex.o(.rrx_text), (6 bytes).
    Removing stm32f1xx_hal_cortex.o(i.HAL_NVIC_ClearPendingIRQ), (22 bytes).
    Removing stm32f1xx_hal_cortex.o(i.HAL_NVIC_DisableIRQ), (22 bytes).
    Removing stm32f1xx_hal_cortex.o(i.HAL_NVIC_GetActive), (32 bytes).
    Removing stm32f1xx_hal_cortex.o(i.HAL_NVIC_GetPendingIRQ), (32 bytes).
    Removing stm32f1xx_hal_cortex.o(i.HAL_NVIC_GetPriority), (82 bytes).
    Removing stm32f1xx_hal_cortex.o(i.HAL_NVIC_GetPriorityGrouping), (16 bytes).
    Removing stm32f1xx_hal_cortex.o(i.HAL_NVIC_SetPendingIRQ), (22 bytes).
    Removing stm32f1xx_hal_cortex.o(i.HAL_NVIC_SystemReset), (36 bytes).
    Removing stm32f1xx_hal_gpio.o(.rev16_text), (4 bytes).
    Removing stm32f1xx_hal_gpio.o(.revsh_text), (4 bytes).
    Removing stm32f1xx_hal_gpio.o(.rrx_text), (6 bytes).
    Removing stm32f1xx_hal_gpio.o(i.HAL_GPIO_DeInit), (228 bytes).
    Removing stm32f1xx_hal_gpio.o(i.HAL_GPIO_EXTI_Callback), (2 bytes).
    Removing stm32f1xx_hal_gpio.o(i.HAL_GPIO_LockPin), (34 bytes).
    Removing stm32f1xx_hal_gpio.o(i.HAL_GPIO_ReadPin), (10 bytes).
    Removing stm32f1xx_hal_gpio.o(i.HAL_GPIO_TogglePin), (8 bytes).
    Removing stm32f1xx_hal_gpio.o(i.HAL_GPIO_WritePin), (10 bytes).
    Removing stm32f1xx_hal_gpio_ex.o(.rev16_text), (4 bytes).
    Removing stm32f1xx_hal_gpio_ex.o(.revsh_text), (4 bytes).
    Removing stm32f1xx_hal_gpio_ex.o(.rrx_text), (6 bytes).
    Removing stm32f1xx_hal_gpio_ex.o(i.HAL_GPIOEx_ConfigEventout), (20 bytes).
    Removing stm32f1xx_hal_gpio_ex.o(i.HAL_GPIOEx_DisableEventout), (16 bytes).
    Removing stm32f1xx_hal_gpio_ex.o(i.HAL_GPIOEx_EnableEventout), (16 bytes).
    Removing stm32f1xx_hal.o(.rev16_text), (4 bytes).
    Removing stm32f1xx_hal.o(.revsh_text), (4 bytes).
    Removing stm32f1xx_hal.o(.rrx_text), (6 bytes).
    Removing stm32f1xx_hal.o(i.HAL_DBGMCU_DisableDBGSleepMode), (16 bytes).
    Removing stm32f1xx_hal.o(i.HAL_DBGMCU_DisableDBGStandbyMode), (16 bytes).
    Removing stm32f1xx_hal.o(i.HAL_DBGMCU_DisableDBGStopMode), (16 bytes).
    Removing stm32f1xx_hal.o(i.HAL_DBGMCU_EnableDBGSleepMode), (16 bytes).
    Removing stm32f1xx_hal.o(i.HAL_DBGMCU_EnableDBGStandbyMode), (16 bytes).
    Removing stm32f1xx_hal.o(i.HAL_DBGMCU_EnableDBGStopMode), (16 bytes).
    Removing stm32f1xx_hal.o(i.HAL_DeInit), (32 bytes).
    Removing stm32f1xx_hal.o(i.HAL_Delay), (36 bytes).
    Removing stm32f1xx_hal.o(i.HAL_GetDEVID), (16 bytes).
    Removing stm32f1xx_hal.o(i.HAL_GetHalVersion), (8 bytes).
    Removing stm32f1xx_hal.o(i.HAL_GetREVID), (12 bytes).
    Removing stm32f1xx_hal.o(i.HAL_GetTickFreq), (12 bytes).
    Removing stm32f1xx_hal.o(i.HAL_GetTickPrio), (12 bytes).
    Removing stm32f1xx_hal.o(i.HAL_GetUID), (28 bytes).
    Removing stm32f1xx_hal.o(i.HAL_MspDeInit), (2 bytes).
    Removing stm32f1xx_hal.o(i.HAL_MspInit), (2 bytes).
    Removing stm32f1xx_hal.o(i.HAL_ResumeTick), (14 bytes).
    Removing stm32f1xx_hal.o(i.HAL_SetTickFreq), (28 bytes).
    Removing stm32f1xx_hal.o(i.HAL_SuspendTick), (14 bytes).
    Removing stm32f1xx_hal_uart.o(.rev16_text), (4 bytes).
    Removing stm32f1xx_hal_uart.o(.revsh_text), (4 bytes).
    Removing stm32f1xx_hal_uart.o(.rrx_text), (6 bytes).
    Removing stm32f1xx_hal_uart.o(i.HAL_HalfDuplex_EnableReceiver), (50 bytes).
    Removing stm32f1xx_hal_uart.o(i.HAL_HalfDuplex_EnableTransmitter), (50 bytes).
    Removing stm32f1xx_hal_uart.o(i.HAL_HalfDuplex_Init), (108 bytes).
    Removing stm32f1xx_hal_uart.o(i.HAL_LIN_Init), (122 bytes).
    Removing stm32f1xx_hal_uart.o(i.HAL_LIN_SendBreak), (46 bytes).
    Removing stm32f1xx_hal_uart.o(i.HAL_MultiProcessor_EnterMuteMode), (46 bytes).
    Removing stm32f1xx_hal_uart.o(i.HAL_MultiProcessor_ExitMuteMode), (46 bytes).
    Removing stm32f1xx_hal_uart.o(i.HAL_MultiProcessor_Init), (130 bytes).
    Removing stm32f1xx_hal_uart.o(i.HAL_UART_Abort), (104 bytes).
    Removing stm32f1xx_hal_uart.o(i.HAL_UART_AbortCpltCallback), (2 bytes).
    Removing stm32f1xx_hal_uart.o(i.HAL_UART_AbortReceive), (68 bytes).
    Removing stm32f1xx_hal_uart.o(i.HAL_UART_AbortReceiveCpltCallback), (2 bytes).
    Removing stm32f1xx_hal_uart.o(i.HAL_UART_AbortReceive_IT), (92 bytes).
    Removing stm32f1xx_hal_uart.o(i.HAL_UART_AbortTransmit), (58 bytes).
    Removing stm32f1xx_hal_uart.o(i.HAL_UART_AbortTransmitCpltCallback), (2 bytes).
    Removing stm32f1xx_hal_uart.o(i.HAL_UART_AbortTransmit_IT), (84 bytes).
    Removing stm32f1xx_hal_uart.o(i.HAL_UART_Abort_IT), (172 bytes).
    Removing stm32f1xx_hal_uart.o(i.HAL_UART_DMAPause), (102 bytes).
    Removing stm32f1xx_hal_uart.o(i.HAL_UART_DMAResume), (94 bytes).
    Removing stm32f1xx_hal_uart.o(i.HAL_UART_DMAStop), (88 bytes).
    Removing stm32f1xx_hal_uart.o(i.HAL_UART_DeInit), (40 bytes).
    Removing stm32f1xx_hal_uart.o(i.HAL_UART_ErrorCallback), (2 bytes).
    Removing stm32f1xx_hal_uart.o(i.HAL_UART_GetError), (4 bytes).
    Removing stm32f1xx_hal_uart.o(i.HAL_UART_GetState), (10 bytes).
    Removing stm32f1xx_hal_uart.o(i.HAL_UART_IRQHandler), (272 bytes).
    Removing stm32f1xx_hal_uart.o(i.HAL_UART_MspDeInit), (2 bytes).
    Removing stm32f1xx_hal_uart.o(i.HAL_UART_MspInit), (2 bytes).
    Removing stm32f1xx_hal_uart.o(i.HAL_UART_Receive), (184 bytes).
    Removing stm32f1xx_hal_uart.o(i.HAL_UART_Receive_DMA), (152 bytes).
    Removing stm32f1xx_hal_uart.o(i.HAL_UART_Receive_IT), (82 bytes).
    Removing stm32f1xx_hal_uart.o(i.HAL_UART_RxCpltCallback), (2 bytes).
    Removing stm32f1xx_hal_uart.o(i.HAL_UART_RxHalfCpltCallback), (2 bytes).
    Removing stm32f1xx_hal_uart.o(i.HAL_UART_Transmit), (186 bytes).
    Removing stm32f1xx_hal_uart.o(i.HAL_UART_Transmit_DMA), (128 bytes).
    Removing stm32f1xx_hal_uart.o(i.HAL_UART_Transmit_IT), (62 bytes).
    Removing stm32f1xx_hal_uart.o(i.HAL_UART_TxCpltCallback), (2 bytes).
    Removing stm32f1xx_hal_uart.o(i.HAL_UART_TxHalfCpltCallback), (2 bytes).
    Removing stm32f1xx_hal_uart.o(i.UART_DMAAbortOnError), (16 bytes).
    Removing stm32f1xx_hal_uart.o(i.UART_DMAError), (74 bytes).
    Removing stm32f1xx_hal_uart.o(i.UART_DMAReceiveCplt), (60 bytes).
    Removing stm32f1xx_hal_uart.o(i.UART_DMARxAbortCallback), (42 bytes).
    Removing stm32f1xx_hal_uart.o(i.UART_DMARxHalfCplt), (10 bytes).
    Removing stm32f1xx_hal_uart.o(i.UART_DMARxOnlyAbortCallback), (20 bytes).
    Removing stm32f1xx_hal_uart.o(i.UART_DMATransmitCplt), (46 bytes).
    Removing stm32f1xx_hal_uart.o(i.UART_DMATxAbortCallback), (42 bytes).
    Removing stm32f1xx_hal_uart.o(i.UART_DMATxHalfCplt), (10 bytes).
    Removing stm32f1xx_hal_uart.o(i.UART_DMATxOnlyAbortCallback), (20 bytes).
    Removing stm32f1xx_hal_uart.o(i.UART_EndRxTransfer), (28 bytes).
    Removing stm32f1xx_hal_uart.o(i.UART_EndTxTransfer), (18 bytes).
    Removing stm32f1xx_hal_uart.o(i.UART_Receive_IT), (150 bytes).
    Removing stm32f1xx_hal_uart.o(i.UART_Transmit_IT), (98 bytes).
    Removing stm32f1xx_hal_uart.o(i.UART_WaitOnFlagUntilTimeout), (100 bytes).
    Removing stm32f1xx_hal_tim_ex.o(.rev16_text), (4 bytes).
    Removing stm32f1xx_hal_tim_ex.o(.revsh_text), (4 bytes).
    Removing stm32f1xx_hal_tim_ex.o(.rrx_text), (6 bytes).
    Removing stm32f1xx_hal_flash.o(.rev16_text), (4 bytes).
    Removing stm32f1xx_hal_flash.o(.revsh_text), (4 bytes).
    Removing stm32f1xx_hal_flash.o(.rrx_text), (6 bytes).
    Removing stm32f1xx_hal_flash.o(i.FLASH_Program_HalfWord), (28 bytes).
    Removing stm32f1xx_hal_flash.o(i.FLASH_SetErrorCode), (92 bytes).
    Removing stm32f1xx_hal_flash.o(i.FLASH_WaitForLastOperation), (84 bytes).
    Removing stm32f1xx_hal_flash.o(i.HAL_FLASH_EndOfOperationCallback), (2 bytes).
    Removing stm32f1xx_hal_flash.o(i.HAL_FLASH_GetError), (12 bytes).
    Removing stm32f1xx_hal_flash.o(i.HAL_FLASH_IRQHandler), (264 bytes).
    Removing stm32f1xx_hal_flash.o(i.HAL_FLASH_Lock), (20 bytes).
    Removing stm32f1xx_hal_flash.o(i.HAL_FLASH_OB_Launch), (4 bytes).
    Removing stm32f1xx_hal_flash.o(i.HAL_FLASH_OB_Lock), (20 bytes).
    Removing stm32f1xx_hal_flash.o(i.HAL_FLASH_OB_Unlock), (36 bytes).
    Removing stm32f1xx_hal_flash.o(i.HAL_FLASH_OperationErrorCallback), (2 bytes).
    Removing stm32f1xx_hal_flash.o(i.HAL_FLASH_Program), (128 bytes).
    Removing stm32f1xx_hal_flash.o(i.HAL_FLASH_Program_IT), (100 bytes).
    Removing stm32f1xx_hal_flash.o(i.HAL_FLASH_Unlock), (40 bytes).
    Removing stm32f1xx_hal_flash.o(.bss), (32 bytes).
    Removing stm32f1xx_hal_flash_ex.o(.rev16_text), (4 bytes).
    Removing stm32f1xx_hal_flash_ex.o(.revsh_text), (4 bytes).
    Removing stm32f1xx_hal_flash_ex.o(.rrx_text), (6 bytes).
    Removing stm32f1xx_hal_flash_ex.o(i.FLASH_MassErase), (36 bytes).
    Removing stm32f1xx_hal_flash_ex.o(i.FLASH_OB_DisableWRP), (176 bytes).
    Removing stm32f1xx_hal_flash_ex.o(i.FLASH_OB_EnableWRP), (176 bytes).
    Removing stm32f1xx_hal_flash_ex.o(i.FLASH_OB_GetRDP), (24 bytes).
    Removing stm32f1xx_hal_flash_ex.o(i.FLASH_OB_RDP_LevelConfig), (100 bytes).
    Removing stm32f1xx_hal_flash_ex.o(i.FLASH_PageErase), (36 bytes).
    Removing stm32f1xx_hal_flash_ex.o(i.HAL_FLASHEx_Erase), (168 bytes).
    Removing stm32f1xx_hal_flash_ex.o(i.HAL_FLASHEx_Erase_IT), (84 bytes).
    Removing stm32f1xx_hal_flash_ex.o(i.HAL_FLASHEx_OBErase), (84 bytes).
    Removing stm32f1xx_hal_flash_ex.o(i.HAL_FLASHEx_OBGetConfig), (36 bytes).
    Removing stm32f1xx_hal_flash_ex.o(i.HAL_FLASHEx_OBGetUserData), (32 bytes).
    Removing stm32f1xx_hal_flash_ex.o(i.HAL_FLASHEx_OBProgram), (200 bytes).
    Removing stm32f1xx_hal_tim.o(.rev16_text), (4 bytes).
    Removing stm32f1xx_hal_tim.o(.revsh_text), (4 bytes).
    Removing stm32f1xx_hal_tim.o(.rrx_text), (6 bytes).
    Removing stm32f1xx_hal_pwr.o(.rev16_text), (4 bytes).
    Removing stm32f1xx_hal_pwr.o(.revsh_text), (4 bytes).
    Removing stm32f1xx_hal_pwr.o(.rrx_text), (6 bytes).
    Removing stm32f1xx_hal_pwr.o(i.HAL_PWR_ConfigPVD), (124 bytes).
    Removing stm32f1xx_hal_pwr.o(i.HAL_PWR_DeInit), (24 bytes).
    Removing stm32f1xx_hal_pwr.o(i.HAL_PWR_DisableBkUpAccess), (12 bytes).
    Removing stm32f1xx_hal_pwr.o(i.HAL_PWR_DisablePVD), (12 bytes).
    Removing stm32f1xx_hal_pwr.o(i.HAL_PWR_DisableSEVOnPend), (16 bytes).
    Removing stm32f1xx_hal_pwr.o(i.HAL_PWR_DisableSleepOnExit), (16 bytes).
    Removing stm32f1xx_hal_pwr.o(i.HAL_PWR_DisableWakeUpPin), (28 bytes).
    Removing stm32f1xx_hal_pwr.o(i.HAL_PWR_EnableBkUpAccess), (12 bytes).
    Removing stm32f1xx_hal_pwr.o(i.HAL_PWR_EnablePVD), (12 bytes).
    Removing stm32f1xx_hal_pwr.o(i.HAL_PWR_EnableSEVOnPend), (16 bytes).
    Removing stm32f1xx_hal_pwr.o(i.HAL_PWR_EnableSleepOnExit), (16 bytes).
    Removing stm32f1xx_hal_pwr.o(i.HAL_PWR_EnableWakeUpPin), (28 bytes).
    Removing stm32f1xx_hal_pwr.o(i.HAL_PWR_EnterSLEEPMode), (32 bytes).
    Removing stm32f1xx_hal_pwr.o(i.HAL_PWR_EnterSTANDBYMode), (32 bytes).
    Removing stm32f1xx_hal_pwr.o(i.HAL_PWR_EnterSTOPMode), (68 bytes).
    Removing stm32f1xx_hal_pwr.o(i.HAL_PWR_PVDCallback), (2 bytes).
    Removing stm32f1xx_hal_pwr.o(i.HAL_PWR_PVD_IRQHandler), (28 bytes).
    Removing stm32f1xx_hal_pwr.o(i.PWR_OverloadWfe), (6 bytes).
    Removing system_stm32f1xx.o(.rev16_text), (4 bytes).
    Removing system_stm32f1xx.o(.revsh_text), (4 bytes).
    Removing system_stm32f1xx.o(.rrx_text), (6 bytes).
    Removing system_stm32f1xx.o(i.SystemCoreClockUpdate), (104 bytes).
    Removing fadd.o(.text), (176 bytes).
    Removing fmul.o(.text), (100 bytes).
    Removing fscalb.o(.text), (24 bytes).
    Removing dadd.o(.text), (334 bytes).
    Removing ddiv.o(.text), (222 bytes).
    Removing fflti.o(.text), (18 bytes).
    Removing dflti.o(.text), (34 bytes).
    Removing dfltui.o(.text), (26 bytes).
    Removing ffixi.o(.text), (50 bytes).
    Removing f2d.o(.text), (38 bytes).
    Removing d2f.o(.text), (56 bytes).
    Removing fepilogue.o(.text), (110 bytes).
    Removing depilogue.o(.text), (186 bytes).
    Removing dmul.o(.text), (228 bytes).
    Removing dscalb.o(.text), (46 bytes).
    Removing dsqrt.o(.text), (162 bytes).
    Removing cdcmple.o(.text), (48 bytes).

627 unused section(s) (total 36315 bytes) removed from the image.

==============================================================================

Image Symbol Table

    Local Symbols

    Symbol Name                              Value     Ov Type        Size  Object(Section)

    ../Drivers/STM32F1xx_HAL_Driver/Src/stm32f1xx_hal.c 0x00000000   Number         0  stm32f1xx_hal.o ABSOLUTE
    ../Drivers/STM32F1xx_HAL_Driver/Src/stm32f1xx_hal_cortex.c 0x00000000   Number         0  stm32f1xx_hal_cortex.o ABSOLUTE
    ../Drivers/STM32F1xx_HAL_Driver/Src/stm32f1xx_hal_dma.c 0x00000000   Number         0  stm32f1xx_hal_dma.o ABSOLUTE
    ../Drivers/STM32F1xx_HAL_Driver/Src/stm32f1xx_hal_flash.c 0x00000000   Number         0  stm32f1xx_hal_flash.o ABSOLUTE
    ../Drivers/STM32F1xx_HAL_Driver/Src/stm32f1xx_hal_flash_ex.c 0x00000000   Number         0  stm32f1xx_hal_flash_ex.o ABSOLUTE
    ../Drivers/STM32F1xx_HAL_Driver/Src/stm32f1xx_hal_gpio.c 0x00000000   Number         0  stm32f1xx_hal_gpio.o ABSOLUTE
    ../Drivers/STM32F1xx_HAL_Driver/Src/stm32f1xx_hal_gpio_ex.c 0x00000000   Number         0  stm32f1xx_hal_gpio_ex.o ABSOLUTE
    ../Drivers/STM32F1xx_HAL_Driver/Src/stm32f1xx_hal_i2c.c 0x00000000   Number         0  stm32f1xx_hal_i2c.o ABSOLUTE
    ../Drivers/STM32F1xx_HAL_Driver/Src/stm32f1xx_hal_pwr.c 0x00000000   Number         0  stm32f1xx_hal_pwr.o ABSOLUTE
    ../Drivers/STM32F1xx_HAL_Driver/Src/stm32f1xx_hal_rcc.c 0x00000000   Number         0  stm32f1xx_hal_rcc.o ABSOLUTE
    ../Drivers/STM32F1xx_HAL_Driver/Src/stm32f1xx_hal_rcc_ex.c 0x00000000   Number         0  stm32f1xx_hal_rcc_ex.o ABSOLUTE
    ../Drivers/STM32F1xx_HAL_Driver/Src/stm32f1xx_hal_tim.c 0x00000000   Number         0  stm32f1xx_hal_tim.o ABSOLUTE
    ../Drivers/STM32F1xx_HAL_Driver/Src/stm32f1xx_hal_tim_ex.c 0x00000000   Number         0  stm32f1xx_hal_tim_ex.o ABSOLUTE
    ../Drivers/STM32F1xx_HAL_Driver/Src/stm32f1xx_hal_uart.c 0x00000000   Number         0  stm32f1xx_hal_uart.o ABSOLUTE
    ../Src/main.c                            0x00000000   Number         0  main.o ABSOLUTE
    ../Src/stm32f1xx_hal_msp.c               0x00000000   Number         0  stm32f1xx_hal_msp.o ABSOLUTE
    ../Src/stm32f1xx_it.c                    0x00000000   Number         0  stm32f1xx_it.o ABSOLUTE
    ../Src/system_stm32f1xx.c                0x00000000   Number         0  system_stm32f1xx.o ABSOLUTE
    ../clib/microlib/errno.c                 0x00000000   Number         0  errno.o ABSOLUTE
    ../clib/microlib/init/entry.s            0x00000000   Number         0  entry8b.o ABSOLUTE
    ../clib/microlib/init/entry.s            0x00000000   Number         0  entry8a.o ABSOLUTE
    ../clib/microlib/init/entry.s            0x00000000   Number         0  entry7b.o ABSOLUTE
    ../clib/microlib/init/entry.s            0x00000000   Number         0  entry7a.o ABSOLUTE
    ../clib/microlib/init/entry.s            0x00000000   Number         0  entry5.o ABSOLUTE
    ../clib/microlib/init/entry.s            0x00000000   Number         0  entry2.o ABSOLUTE
    ../clib/microlib/init/entry.s            0x00000000   Number         0  entry11a.o ABSOLUTE
    ../clib/microlib/init/entry.s            0x00000000   Number         0  entry.o ABSOLUTE
    ../clib/microlib/init/entry.s            0x00000000   Number         0  entry11b.o ABSOLUTE
    ../clib/microlib/init/entry.s            0x00000000   Number         0  entry10b.o ABSOLUTE
    ../clib/microlib/init/entry.s            0x00000000   Number         0  entry10a.o ABSOLUTE
    ../clib/microlib/init/entry.s            0x00000000   Number         0  entry9b.o ABSOLUTE
    ../clib/microlib/init/entry.s            0x00000000   Number         0  entry9a.o ABSOLUTE
    ../clib/microlib/longlong.c              0x00000000   Number         0  llushr.o ABSOLUTE
    ../clib/microlib/longlong.c              0x00000000   Number         0  llsshr.o ABSOLUTE
    ../clib/microlib/longlong.c              0x00000000   Number         0  llshl.o ABSOLUTE
    ../clib/microlib/malloc/malloc.c         0x00000000   Number         0  mallocra.o ABSOLUTE
    ../clib/microlib/malloc/malloc.c         0x00000000   Number         0  malloca.o ABSOLUTE
    ../clib/microlib/malloc/malloc.c         0x00000000   Number         0  mallocr.o ABSOLUTE
    ../clib/microlib/malloc/malloc.c         0x00000000   Number         0  malloc.o ABSOLUTE
    ../clib/microlib/malloc/mvars.c          0x00000000   Number         0  mvars.o ABSOLUTE
    ../clib/microlib/string/memcpy.c         0x00000000   Number         0  memcpya.o ABSOLUTE
    ../clib/microlib/string/memcpy.c         0x00000000   Number         0  memcpyb.o ABSOLUTE
    ../clib/microlib/stubs.s                 0x00000000   Number         0  iusefp.o ABSOLUTE
    ../fplib/microlib/d2f.c                  0x00000000   Number         0  d2f.o ABSOLUTE
    ../fplib/microlib/f2d.c                  0x00000000   Number         0  f2d.o ABSOLUTE
    ../fplib/microlib/fpadd.c                0x00000000   Number         0  fadd.o ABSOLUTE
    ../fplib/microlib/fpadd.c                0x00000000   Number         0  dadd.o ABSOLUTE
    ../fplib/microlib/fpdiv.c                0x00000000   Number         0  ddiv.o ABSOLUTE
    ../fplib/microlib/fpepilogue.c           0x00000000   Number         0  depilogue.o ABSOLUTE
    ../fplib/microlib/fpepilogue.c           0x00000000   Number         0  fepilogue.o ABSOLUTE
    ../fplib/microlib/fpfix.c                0x00000000   Number         0  ffixi.o ABSOLUTE
    ../fplib/microlib/fpflt.c                0x00000000   Number         0  dfltui.o ABSOLUTE
    ../fplib/microlib/fpflt.c                0x00000000   Number         0  dflti.o ABSOLUTE
    ../fplib/microlib/fpflt.c                0x00000000   Number         0  fflti.o ABSOLUTE
    ../fplib/microlib/fpmul.c                0x00000000   Number         0  dmul.o ABSOLUTE
    ../fplib/microlib/fpmul.c                0x00000000   Number         0  fmul.o ABSOLUTE
    ../fplib/microlib/fpscalb.c              0x00000000   Number         0  dscalb.o ABSOLUTE
    ../fplib/microlib/fpscalb.c              0x00000000   Number         0  fscalb.o ABSOLUTE
    ../fplib/microlib/fpsqrt.c               0x00000000   Number         0  dsqrt.o ABSOLUTE
    ../mathlib/asin.c                        0x00000000   Number         0  asin_x.o ABSOLUTE
    ../mathlib/asin.c                        0x00000000   Number         0  asin.o ABSOLUTE
    ../mathlib/atan.c                        0x00000000   Number         0  atan_x.o ABSOLUTE
    ../mathlib/atan.c                        0x00000000   Number         0  atan.o ABSOLUTE
    ../mathlib/atan2.c                       0x00000000   Number         0  atan2_x.o ABSOLUTE
    ../mathlib/atan2.c                       0x00000000   Number         0  atan2.o ABSOLUTE
    ../mathlib/dunder.c                      0x00000000   Number         0  dunder.o ABSOLUTE
    ../mathlib/fpclassify.c                  0x00000000   Number         0  fpclassify.o ABSOLUTE
    ../mathlib/poly.c                        0x00000000   Number         0  poly.o ABSOLUTE
    ../mathlib/qnan.c                        0x00000000   Number         0  qnan.o ABSOLUTE
    ../mathlib/sqrt.c                        0x00000000   Number         0  sqrt.o ABSOLUTE
    ../mathlib/sqrt.c                        0x00000000   Number         0  sqrt_x.o ABSOLUTE
    ..\Drivers\STM32F1xx_HAL_Driver\Src\stm32f1xx_hal.c 0x00000000   Number         0  stm32f1xx_hal.o ABSOLUTE
    ..\Drivers\STM32F1xx_HAL_Driver\Src\stm32f1xx_hal_cortex.c 0x00000000   Number         0  stm32f1xx_hal_cortex.o ABSOLUTE
    ..\Drivers\STM32F1xx_HAL_Driver\Src\stm32f1xx_hal_dma.c 0x00000000   Number         0  stm32f1xx_hal_dma.o ABSOLUTE
    ..\Drivers\STM32F1xx_HAL_Driver\Src\stm32f1xx_hal_flash.c 0x00000000   Number         0  stm32f1xx_hal_flash.o ABSOLUTE
    ..\Drivers\STM32F1xx_HAL_Driver\Src\stm32f1xx_hal_flash_ex.c 0x00000000   Number         0  stm32f1xx_hal_flash_ex.o ABSOLUTE
    ..\Drivers\STM32F1xx_HAL_Driver\Src\stm32f1xx_hal_gpio.c 0x00000000   Number         0  stm32f1xx_hal_gpio.o ABSOLUTE
    ..\Drivers\STM32F1xx_HAL_Driver\Src\stm32f1xx_hal_gpio_ex.c 0x00000000   Number         0  stm32f1xx_hal_gpio_ex.o ABSOLUTE
    ..\Drivers\STM32F1xx_HAL_Driver\Src\stm32f1xx_hal_i2c.c 0x00000000   Number         0  stm32f1xx_hal_i2c.o ABSOLUTE
    ..\Drivers\STM32F1xx_HAL_Driver\Src\stm32f1xx_hal_pwr.c 0x00000000   Number         0  stm32f1xx_hal_pwr.o ABSOLUTE
    ..\Drivers\STM32F1xx_HAL_Driver\Src\stm32f1xx_hal_rcc.c 0x00000000   Number         0  stm32f1xx_hal_rcc.o ABSOLUTE
    ..\Drivers\STM32F1xx_HAL_Driver\Src\stm32f1xx_hal_rcc_ex.c 0x00000000   Number         0  stm32f1xx_hal_rcc_ex.o ABSOLUTE
    ..\Drivers\STM32F1xx_HAL_Driver\Src\stm32f1xx_hal_tim.c 0x00000000   Number         0  stm32f1xx_hal_tim.o ABSOLUTE
    ..\Drivers\STM32F1xx_HAL_Driver\Src\stm32f1xx_hal_tim_ex.c 0x00000000   Number         0  stm32f1xx_hal_tim_ex.o ABSOLUTE
    ..\Drivers\STM32F1xx_HAL_Driver\Src\stm32f1xx_hal_uart.c 0x00000000   Number         0  stm32f1xx_hal_uart.o ABSOLUTE
    ..\MPU6050\MPU6050.c                     0x00000000   Number         0  mpu6050.o ABSOLUTE
    ..\MPU6050\MPU6050_dmp.c                 0x00000000   Number         0  mpu6050_dmp.o ABSOLUTE
    ..\MPU6050\MPU6050_dmp_6axis_MotionApps20.c 0x00000000   Number         0  mpu6050_dmp_6axis_motionapps20.o ABSOLUTE
    ..\Src\main.c                            0x00000000   Number         0  main.o ABSOLUTE
    ..\Src\stm32f1xx_hal_msp.c               0x00000000   Number         0  stm32f1xx_hal_msp.o ABSOLUTE
    ..\Src\stm32f1xx_it.c                    0x00000000   Number         0  stm32f1xx_it.o ABSOLUTE
    ..\Src\system_stm32f1xx.c                0x00000000   Number         0  system_stm32f1xx.o ABSOLUTE
    ..\\MPU6050\\MPU6050.c                   0x00000000   Number         0  mpu6050.o ABSOLUTE
    ..\\MPU6050\\MPU6050_dmp.c               0x00000000   Number         0  mpu6050_dmp.o ABSOLUTE
    ..\\MPU6050\\MPU6050_dmp_6axis_MotionApps20.c 0x00000000   Number         0  mpu6050_dmp_6axis_motionapps20.o ABSOLUTE
    cdcmple.s                                0x00000000   Number         0  cdcmple.o ABSOLUTE
    dc.s                                     0x00000000   Number         0  dc.o ABSOLUTE
    handlers.s                               0x00000000   Number         0  handlers.o ABSOLUTE
    init.s                                   0x00000000   Number         0  init.o ABSOLUTE
    startup_stm32f103xb.s                    0x00000000   Number         0  startup_stm32f103xb.o ABSOLUTE
    RESET                                    0x08000000   Section      236  startup_stm32f103xb.o(RESET)
    .ARM.Collect$$$$00000000                 0x080000ec   Section        0  entry.o(.ARM.Collect$$$$00000000)
    .ARM.Collect$$$$00000001                 0x080000ec   Section        4  entry2.o(.ARM.Collect$$$$00000001)
    .ARM.Collect$$$$00000004                 0x080000f0   Section        4  entry5.o(.ARM.Collect$$$$00000004)
    .ARM.Collect$$$$00000008                 0x080000f4   Section        0  entry7b.o(.ARM.Collect$$$$00000008)
    .ARM.Collect$$$$0000000A                 0x080000f4   Section        0  entry8b.o(.ARM.Collect$$$$0000000A)
    .ARM.Collect$$$$0000000B                 0x080000f4   Section        8  entry9a.o(.ARM.Collect$$$$0000000B)
    .ARM.Collect$$$$0000000D                 0x080000fc   Section        0  entry10a.o(.ARM.Collect$$$$0000000D)
    .ARM.Collect$$$$0000000F                 0x080000fc   Section        0  entry11a.o(.ARM.Collect$$$$0000000F)
    .ARM.Collect$$$$00002712                 0x080000fc   Section        4  entry2.o(.ARM.Collect$$$$00002712)
    __lit__00000000                          0x080000fc   Data           4  entry2.o(.ARM.Collect$$$$00002712)
    .text                                    0x08000100   Section       36  startup_stm32f103xb.o(.text)
    .text                                    0x08000124   Section       36  init.o(.text)
    i.BusFault_Handler                       0x08000148   Section        0  stm32f1xx_it.o(i.BusFault_Handler)
    i.DebugMon_Handler                       0x0800014a   Section        0  stm32f1xx_it.o(i.DebugMon_Handler)
    i.EXTI0_IRQHandler                       0x0800014c   Section        0  stm32f1xx_it.o(i.EXTI0_IRQHandler)
    i.HAL_GPIO_EXTI_Callback                 0x08000154   Section        0  main.o(i.HAL_GPIO_EXTI_Callback)
    i.HAL_GPIO_EXTI_IRQHandler               0x08000168   Section        0  stm32f1xx_hal_gpio.o(i.HAL_GPIO_EXTI_IRQHandler)
    i.HAL_GPIO_Init                          0x08000180   Section        0  stm32f1xx_hal_gpio.o(i.HAL_GPIO_Init)
    i.HAL_GetTick                            0x0800033c   Section        0  stm32f1xx_hal.o(i.HAL_GetTick)
    i.HAL_I2C_Init                           0x08000348   Section        0  stm32f1xx_hal_i2c.o(i.HAL_I2C_Init)
    i.HAL_I2C_MspInit                        0x08000488   Section        0  stm32f1xx_hal_msp.o(i.HAL_I2C_MspInit)
    i.HAL_IncTick                            0x080004cc   Section        0  stm32f1xx_hal.o(i.HAL_IncTick)
    i.HAL_Init                               0x080004dc   Section        0  stm32f1xx_hal.o(i.HAL_Init)
    i.HAL_InitTick                           0x08000500   Section        0  stm32f1xx_hal.o(i.HAL_InitTick)
    i.HAL_MspInit                            0x08000540   Section        0  stm32f1xx_hal_msp.o(i.HAL_MspInit)
    i.HAL_NVIC_EnableIRQ                     0x080005c0   Section        0  stm32f1xx_hal_cortex.o(i.HAL_NVIC_EnableIRQ)
    i.HAL_NVIC_SetPriority                   0x080005d8   Section        0  stm32f1xx_hal_cortex.o(i.HAL_NVIC_SetPriority)
    i.HAL_NVIC_SetPriorityGrouping           0x08000618   Section        0  stm32f1xx_hal_cortex.o(i.HAL_NVIC_SetPriorityGrouping)
    i.HAL_RCC_ClockConfig                    0x0800063c   Section        0  stm32f1xx_hal_rcc.o(i.HAL_RCC_ClockConfig)
    i.HAL_RCC_GetHCLKFreq                    0x08000790   Section        0  stm32f1xx_hal_rcc.o(i.HAL_RCC_GetHCLKFreq)
    i.HAL_RCC_GetPCLK1Freq                   0x0800079c   Section        0  stm32f1xx_hal_rcc.o(i.HAL_RCC_GetPCLK1Freq)
    i.HAL_RCC_GetPCLK2Freq                   0x080007bc   Section        0  stm32f1xx_hal_rcc.o(i.HAL_RCC_GetPCLK2Freq)
    i.HAL_RCC_GetSysClockFreq                0x080007dc   Section        0  stm32f1xx_hal_rcc.o(i.HAL_RCC_GetSysClockFreq)
    i.HAL_RCC_OscConfig                      0x08000848   Section        0  stm32f1xx_hal_rcc.o(i.HAL_RCC_OscConfig)
    i.HAL_SYSTICK_CLKSourceConfig            0x08000b4c   Section        0  stm32f1xx_hal_cortex.o(i.HAL_SYSTICK_CLKSourceConfig)
    i.HAL_SYSTICK_Callback                   0x08000b64   Section        0  stm32f1xx_hal_cortex.o(i.HAL_SYSTICK_Callback)
    i.HAL_SYSTICK_Config                     0x08000b66   Section        0  stm32f1xx_hal_cortex.o(i.HAL_SYSTICK_Config)
    i.HAL_SYSTICK_IRQHandler                 0x08000b8e   Section        0  stm32f1xx_hal_cortex.o(i.HAL_SYSTICK_IRQHandler)
    i.HAL_UART_Init                          0x08000b96   Section        0  stm32f1xx_hal_uart.o(i.HAL_UART_Init)
    i.HAL_UART_MspInit                       0x08000bf8   Section        0  stm32f1xx_hal_msp.o(i.HAL_UART_MspInit)
    i.HardFault_Handler                      0x08000c50   Section        0  stm32f1xx_it.o(i.HardFault_Handler)
    i.MX_GPIO_Init                           0x08000c54   Section        0  main.o(i.MX_GPIO_Init)
    MX_GPIO_Init                             0x08000c55   Thumb Code    94  main.o(i.MX_GPIO_Init)
    i.MX_I2C1_Init                           0x08000cc0   Section        0  main.o(i.MX_I2C1_Init)
    MX_I2C1_Init                             0x08000cc1   Thumb Code    44  main.o(i.MX_I2C1_Init)
    i.MemManage_Handler                      0x08000cf8   Section        0  stm32f1xx_it.o(i.MemManage_Handler)
    i.NMI_Handler                            0x08000cfa   Section        0  stm32f1xx_it.o(i.NMI_Handler)
    i.NVIC_SetPriority                       0x08000cfc   Section        0  stm32f1xx_hal_cortex.o(i.NVIC_SetPriority)
    NVIC_SetPriority                         0x08000cfd   Thumb Code    32  stm32f1xx_hal_cortex.o(i.NVIC_SetPriority)
    i.PendSV_Handler                         0x08000d1c   Section        0  stm32f1xx_it.o(i.PendSV_Handler)
    i.SVC_Handler                            0x08000d1e   Section        0  stm32f1xx_it.o(i.SVC_Handler)
    i.SysTick_Handler                        0x08000d20   Section        0  stm32f1xx_it.o(i.SysTick_Handler)
    i.SystemClock_Config                     0x08000d2e   Section        0  main.o(i.SystemClock_Config)
    i.SystemInit                             0x08000d98   Section        0  system_stm32f1xx.o(i.SystemInit)
    i.UART_SetConfig                         0x08000de0   Section        0  stm32f1xx_hal_uart.o(i.UART_SetConfig)
    UART_SetConfig                           0x08000de1   Thumb Code   364  stm32f1xx_hal_uart.o(i.UART_SetConfig)
    i.UsageFault_Handler                     0x08000f50   Section        0  stm32f1xx_it.o(i.UsageFault_Handler)
    i.__scatterload_copy                     0x08000f52   Section       14  handlers.o(i.__scatterload_copy)
    i.__scatterload_null                     0x08000f60   Section        2  handlers.o(i.__scatterload_null)
    i.__scatterload_zeroinit                 0x08000f62   Section       14  handlers.o(i.__scatterload_zeroinit)
    i.main                                   0x08000f70   Section        0  main.o(i.main)
    .constdata                               0x08000fb0   Section       16  system_stm32f1xx.o(.constdata)
    .constdata                               0x08000fc0   Section        8  system_stm32f1xx.o(.constdata)
    .data                                    0x20000000   Section        1  main.o(.data)
    .data                                    0x20000004   Section       12  stm32f1xx_hal.o(.data)
    .data                                    0x20000010   Section        4  system_stm32f1xx.o(.data)
    .bss                                     0x20000014   Section      148  main.o(.bss)
    STACK                                    0x200000a8   Section     1024  startup_stm32f103xb.o(STACK)

    Global Symbols

    Symbol Name                              Value     Ov Type        Size  Object(Section)

    BuildAttributes$$THM_ISAv4$P$D$K$B$S$PE$A:L22UL41UL21$X:L11$S22US41US21$IEEE1$IW$USESV6$~STKCKD$USESV7$~SHL$OTIME$ROPI$IEEEX$EBA8$MICROLIB$REQ8$PRES8$EABIv2 0x00000000   Number         0  anon$$obj.o ABSOLUTE
    __ARM_use_no_argv                        0x00000000   Number         0  main.o ABSOLUTE
    __cpp_initialize__aeabi_                  - Undefined Weak Reference
    __cxa_finalize                            - Undefined Weak Reference
    __decompress                              - Undefined Weak Reference
    _clock_init                               - Undefined Weak Reference
    _microlib_exit                            - Undefined Weak Reference
    __Vectors_Size                           0x000000ec   Number         0  startup_stm32f103xb.o ABSOLUTE
    __Vectors                                0x08000000   Data           4  startup_stm32f103xb.o(RESET)
    __Vectors_End                            0x080000ec   Data           0  startup_stm32f103xb.o(RESET)
    __main                                   0x080000ed   Thumb Code     0  entry.o(.ARM.Collect$$$$00000000)
    _main_stk                                0x080000ed   Thumb Code     0  entry2.o(.ARM.Collect$$$$00000001)
    _main_scatterload                        0x080000f1   Thumb Code     0  entry5.o(.ARM.Collect$$$$00000004)
    __main_after_scatterload                 0x080000f5   Thumb Code     0  entry5.o(.ARM.Collect$$$$00000004)
    _main_clock                              0x080000f5   Thumb Code     0  entry7b.o(.ARM.Collect$$$$00000008)
    _main_cpp_init                           0x080000f5   Thumb Code     0  entry8b.o(.ARM.Collect$$$$0000000A)
    _main_init                               0x080000f5   Thumb Code     0  entry9a.o(.ARM.Collect$$$$0000000B)
    __rt_final_cpp                           0x080000fd   Thumb Code     0  entry10a.o(.ARM.Collect$$$$0000000D)
    __rt_final_exit                          0x080000fd   Thumb Code     0  entry11a.o(.ARM.Collect$$$$0000000F)
    Reset_Handler                            0x08000101   Thumb Code     8  startup_stm32f103xb.o(.text)
    ADC1_2_IRQHandler                        0x0800011b   Thumb Code     0  startup_stm32f103xb.o(.text)
    CAN1_RX1_IRQHandler                      0x0800011b   Thumb Code     0  startup_stm32f103xb.o(.text)
    CAN1_SCE_IRQHandler                      0x0800011b   Thumb Code     0  startup_stm32f103xb.o(.text)
    DMA1_Channel1_IRQHandler                 0x0800011b   Thumb Code     0  startup_stm32f103xb.o(.text)
    DMA1_Channel2_IRQHandler                 0x0800011b   Thumb Code     0  startup_stm32f103xb.o(.text)
    DMA1_Channel3_IRQHandler                 0x0800011b   Thumb Code     0  startup_stm32f103xb.o(.text)
    DMA1_Channel4_IRQHandler                 0x0800011b   Thumb Code     0  startup_stm32f103xb.o(.text)
    DMA1_Channel5_IRQHandler                 0x0800011b   Thumb Code     0  startup_stm32f103xb.o(.text)
    DMA1_Channel6_IRQHandler                 0x0800011b   Thumb Code     0  startup_stm32f103xb.o(.text)
    DMA1_Channel7_IRQHandler                 0x0800011b   Thumb Code     0  startup_stm32f103xb.o(.text)
    EXTI15_10_IRQHandler                     0x0800011b   Thumb Code     0  startup_stm32f103xb.o(.text)
    EXTI1_IRQHandler                         0x0800011b   Thumb Code     0  startup_stm32f103xb.o(.text)
    EXTI2_IRQHandler                         0x0800011b   Thumb Code     0  startup_stm32f103xb.o(.text)
    EXTI3_IRQHandler                         0x0800011b   Thumb Code     0  startup_stm32f103xb.o(.text)
    EXTI4_IRQHandler                         0x0800011b   Thumb Code     0  startup_stm32f103xb.o(.text)
    EXTI9_5_IRQHandler                       0x0800011b   Thumb Code     0  startup_stm32f103xb.o(.text)
    FLASH_IRQHandler                         0x0800011b   Thumb Code     0  startup_stm32f103xb.o(.text)
    I2C1_ER_IRQHandler                       0x0800011b   Thumb Code     0  startup_stm32f103xb.o(.text)
    I2C1_EV_IRQHandler                       0x0800011b   Thumb Code     0  startup_stm32f103xb.o(.text)
    I2C2_ER_IRQHandler                       0x0800011b   Thumb Code     0  startup_stm32f103xb.o(.text)
    I2C2_EV_IRQHandler                       0x0800011b   Thumb Code     0  startup_stm32f103xb.o(.text)
    PVD_IRQHandler                           0x0800011b   Thumb Code     0  startup_stm32f103xb.o(.text)
    RCC_IRQHandler                           0x0800011b   Thumb Code     0  startup_stm32f103xb.o(.text)
    RTC_Alarm_IRQHandler                     0x0800011b   Thumb Code     0  startup_stm32f103xb.o(.text)
    RTC_IRQHandler                           0x0800011b   Thumb Code     0  startup_stm32f103xb.o(.text)
    SPI1_IRQHandler                          0x0800011b   Thumb Code     0  startup_stm32f103xb.o(.text)
    SPI2_IRQHandler                          0x0800011b   Thumb Code     0  startup_stm32f103xb.o(.text)
    TAMPER_IRQHandler                        0x0800011b   Thumb Code     0  startup_stm32f103xb.o(.text)
    TIM1_BRK_IRQHandler                      0x0800011b   Thumb Code     0  startup_stm32f103xb.o(.text)
    TIM1_CC_IRQHandler                       0x0800011b   Thumb Code     0  startup_stm32f103xb.o(.text)
    TIM1_TRG_COM_IRQHandler                  0x0800011b   Thumb Code     0  startup_stm32f103xb.o(.text)
    TIM1_UP_IRQHandler                       0x0800011b   Thumb Code     0  startup_stm32f103xb.o(.text)
    TIM2_IRQHandler                          0x0800011b   Thumb Code     0  startup_stm32f103xb.o(.text)
    TIM3_IRQHandler                          0x0800011b   Thumb Code     0  startup_stm32f103xb.o(.text)
    TIM4_IRQHandler                          0x0800011b   Thumb Code     0  startup_stm32f103xb.o(.text)
    USART1_IRQHandler                        0x0800011b   Thumb Code     0  startup_stm32f103xb.o(.text)
    USART2_IRQHandler                        0x0800011b   Thumb Code     0  startup_stm32f103xb.o(.text)
    USART3_IRQHandler                        0x0800011b   Thumb Code     0  startup_stm32f103xb.o(.text)
    USBWakeUp_IRQHandler                     0x0800011b   Thumb Code     0  startup_stm32f103xb.o(.text)
    USB_HP_CAN1_TX_IRQHandler                0x0800011b   Thumb Code     0  startup_stm32f103xb.o(.text)
    USB_LP_CAN1_RX0_IRQHandler               0x0800011b   Thumb Code     0  startup_stm32f103xb.o(.text)
    WWDG_IRQHandler                          0x0800011b   Thumb Code     0  startup_stm32f103xb.o(.text)
    __scatterload                            0x08000125   Thumb Code    28  init.o(.text)
    __scatterload_rt2                        0x08000125   Thumb Code     0  init.o(.text)
    BusFault_Handler                         0x08000149   Thumb Code     2  stm32f1xx_it.o(i.BusFault_Handler)
    DebugMon_Handler                         0x0800014b   Thumb Code     2  stm32f1xx_it.o(i.DebugMon_Handler)
    EXTI0_IRQHandler                         0x0800014d   Thumb Code     6  stm32f1xx_it.o(i.EXTI0_IRQHandler)
    HAL_GPIO_EXTI_Callback                   0x08000155   Thumb Code    14  main.o(i.HAL_GPIO_EXTI_Callback)
    HAL_GPIO_EXTI_IRQHandler                 0x08000169   Thumb Code    18  stm32f1xx_hal_gpio.o(i.HAL_GPIO_EXTI_IRQHandler)
    HAL_GPIO_Init                            0x08000181   Thumb Code   408  stm32f1xx_hal_gpio.o(i.HAL_GPIO_Init)
    HAL_GetTick                              0x0800033d   Thumb Code     6  stm32f1xx_hal.o(i.HAL_GetTick)
    HAL_I2C_Init                             0x08000349   Thumb Code   302  stm32f1xx_hal_i2c.o(i.HAL_I2C_Init)
    HAL_I2C_MspInit                          0x08000489   Thumb Code    54  stm32f1xx_hal_msp.o(i.HAL_I2C_MspInit)
    HAL_IncTick                              0x080004cd   Thumb Code    12  stm32f1xx_hal.o(i.HAL_IncTick)
    HAL_Init                                 0x080004dd   Thumb Code    32  stm32f1xx_hal.o(i.HAL_Init)
    HAL_InitTick                             0x08000501   Thumb Code    54  stm32f1xx_hal.o(i.HAL_InitTick)
    HAL_MspInit                              0x08000541   Thumb Code   118  stm32f1xx_hal_msp.o(i.HAL_MspInit)
    HAL_NVIC_EnableIRQ                       0x080005c1   Thumb Code    22  stm32f1xx_hal_cortex.o(i.HAL_NVIC_EnableIRQ)
    HAL_NVIC_SetPriority                     0x080005d9   Thumb Code    60  stm32f1xx_hal_cortex.o(i.HAL_NVIC_SetPriority)
    HAL_NVIC_SetPriorityGrouping             0x08000619   Thumb Code    26  stm32f1xx_hal_cortex.o(i.HAL_NVIC_SetPriorityGrouping)
    HAL_RCC_ClockConfig                      0x0800063d   Thumb Code   322  stm32f1xx_hal_rcc.o(i.HAL_RCC_ClockConfig)
    HAL_RCC_GetHCLKFreq                      0x08000791   Thumb Code     6  stm32f1xx_hal_rcc.o(i.HAL_RCC_GetHCLKFreq)
    HAL_RCC_GetPCLK1Freq                     0x0800079d   Thumb Code    20  stm32f1xx_hal_rcc.o(i.HAL_RCC_GetPCLK1Freq)
    HAL_RCC_GetPCLK2Freq                     0x080007bd   Thumb Code    20  stm32f1xx_hal_rcc.o(i.HAL_RCC_GetPCLK2Freq)
    HAL_RCC_GetSysClockFreq                  0x080007dd   Thumb Code    74  stm32f1xx_hal_rcc.o(i.HAL_RCC_GetSysClockFreq)
    HAL_RCC_OscConfig                        0x08000849   Thumb Code   750  stm32f1xx_hal_rcc.o(i.HAL_RCC_OscConfig)
    HAL_SYSTICK_CLKSourceConfig              0x08000b4d   Thumb Code    24  stm32f1xx_hal_cortex.o(i.HAL_SYSTICK_CLKSourceConfig)
    HAL_SYSTICK_Callback                     0x08000b65   Thumb Code     2  stm32f1xx_hal_cortex.o(i.HAL_SYSTICK_Callback)
    HAL_SYSTICK_Config                       0x08000b67   Thumb Code    40  stm32f1xx_hal_cortex.o(i.HAL_SYSTICK_Config)
    HAL_SYSTICK_IRQHandler                   0x08000b8f   Thumb Code     8  stm32f1xx_hal_cortex.o(i.HAL_SYSTICK_IRQHandler)
    HAL_UART_Init                            0x08000b97   Thumb Code    98  stm32f1xx_hal_uart.o(i.HAL_UART_Init)
    HAL_UART_MspInit                         0x08000bf9   Thumb Code    76  stm32f1xx_hal_msp.o(i.HAL_UART_MspInit)
    HardFault_Handler                        0x08000c51   Thumb Code     2  stm32f1xx_it.o(i.HardFault_Handler)
    MemManage_Handler                        0x08000cf9   Thumb Code     2  stm32f1xx_it.o(i.MemManage_Handler)
    NMI_Handler                              0x08000cfb   Thumb Code     2  stm32f1xx_it.o(i.NMI_Handler)
    PendSV_Handler                           0x08000d1d   Thumb Code     2  stm32f1xx_it.o(i.PendSV_Handler)
    SVC_Handler                              0x08000d1f   Thumb Code     2  stm32f1xx_it.o(i.SVC_Handler)
    SysTick_Handler                          0x08000d21   Thumb Code    14  stm32f1xx_it.o(i.SysTick_Handler)
    SystemClock_Config                       0x08000d2f   Thumb Code   104  main.o(i.SystemClock_Config)
    SystemInit                               0x08000d99   Thumb Code    56  system_stm32f1xx.o(i.SystemInit)
    UsageFault_Handler                       0x08000f51   Thumb Code     2  stm32f1xx_it.o(i.UsageFault_Handler)
    __scatterload_copy                       0x08000f53   Thumb Code    14  handlers.o(i.__scatterload_copy)
    __scatterload_null                       0x08000f61   Thumb Code     2  handlers.o(i.__scatterload_null)
    __scatterload_zeroinit                   0x08000f63   Thumb Code    14  handlers.o(i.__scatterload_zeroinit)
    main                                     0x08000f71   Thumb Code    54  main.o(i.main)
    AHBPrescTable                            0x08000fb0   Data          16  system_stm32f1xx.o(.constdata)
    APBPrescTable                            0x08000fc0   Data           8  system_stm32f1xx.o(.constdata)
    Region$$Table$$Base                      0x08000fc8   Number         0  anon$$obj.o(Region$$Table)
    Region$$Table$$Limit                     0x08000fe8   Number         0  anon$$obj.o(Region$$Table)
    check                                    0x20000000   Data           1  main.o(.data)
    uwTickFreq                               0x20000004   Data           1  stm32f1xx_hal.o(.data)
    uwTickPrio                               0x20000008   Data           4  stm32f1xx_hal.o(.data)
    uwTick                                   0x2000000c   Data           4  stm32f1xx_hal.o(.data)
    SystemCoreClock                          0x20000010   Data           4  system_stm32f1xx.o(.data)
    hi2c2                                    0x20000014   Data          84  main.o(.bss)
    huart1                                   0x20000068   Data          64  main.o(.bss)
    __initial_sp                             0x200004a8   Data           0  startup_stm32f103xb.o(STACK)



==============================================================================

Memory Map of the image

  Image Entry point : 0x080000ed

  Load Region LR_IROM1 (Base: 0x08000000, Size: 0x00000ffc, Max: 0x00010000, ABSOLUTE)

    Execution Region ER_IROM1 (Base: 0x08000000, Size: 0x00000fe8, Max: 0x00010000, ABSOLUTE)

    Base Addr    Size         Type   Attr      Idx    E Section Name        Object

    0x08000000   0x000000ec   Data   RO            3    RESET               startup_stm32f103xb.o
    0x080000ec   0x00000000   Code   RO         3992  * .ARM.Collect$$$$00000000  mc_w.l(entry.o)
    0x080000ec   0x00000004   Code   RO         4066    .ARM.Collect$$$$00000001  mc_w.l(entry2.o)
    0x080000f0   0x00000004   Code   RO         4069    .ARM.Collect$$$$00000004  mc_w.l(entry5.o)
    0x080000f4   0x00000000   Code   RO         4071    .ARM.Collect$$$$00000008  mc_w.l(entry7b.o)
    0x080000f4   0x00000000   Code   RO         4073    .ARM.Collect$$$$0000000A  mc_w.l(entry8b.o)
    0x080000f4   0x00000008   Code   RO         4074    .ARM.Collect$$$$0000000B  mc_w.l(entry9a.o)
    0x080000fc   0x00000000   Code   RO         4076    .ARM.Collect$$$$0000000D  mc_w.l(entry10a.o)
    0x080000fc   0x00000000   Code   RO         4078    .ARM.Collect$$$$0000000F  mc_w.l(entry11a.o)
    0x080000fc   0x00000004   Code   RO         4067    .ARM.Collect$$$$00002712  mc_w.l(entry2.o)
    0x08000100   0x00000024   Code   RO            4    .text               startup_stm32f103xb.o
    0x08000124   0x00000024   Code   RO         4110    .text               mc_w.l(init.o)
    0x08000148   0x00000002   Code   RO         2108    i.BusFault_Handler  stm32f1xx_it.o
    0x0800014a   0x00000002   Code   RO         2109    i.DebugMon_Handler  stm32f1xx_it.o
    0x0800014c   0x00000006   Code   RO         2110    i.EXTI0_IRQHandler  stm32f1xx_it.o
    0x08000152   0x00000002   PAD
    0x08000154   0x00000014   Code   RO         2052    i.HAL_GPIO_EXTI_Callback  main.o
    0x08000168   0x00000018   Code   RO         2987    i.HAL_GPIO_EXTI_IRQHandler  stm32f1xx_hal_gpio.o
    0x08000180   0x000001bc   Code   RO         2988    i.HAL_GPIO_Init     stm32f1xx_hal_gpio.o
    0x0800033c   0x0000000c   Code   RO         3098    i.HAL_GetTick       stm32f1xx_hal.o
    0x08000348   0x00000140   Code   RO         2248    i.HAL_I2C_Init      stm32f1xx_hal_i2c.o
    0x08000488   0x00000044   Code   RO         2190    i.HAL_I2C_MspInit   stm32f1xx_hal_msp.o
    0x080004cc   0x00000010   Code   RO         3102    i.HAL_IncTick       stm32f1xx_hal.o
    0x080004dc   0x00000024   Code   RO         3103    i.HAL_Init          stm32f1xx_hal.o
    0x08000500   0x00000040   Code   RO         3104    i.HAL_InitTick      stm32f1xx_hal.o
    0x08000540   0x00000080   Code   RO         2191    i.HAL_MspInit       stm32f1xx_hal_msp.o
    0x080005c0   0x00000016   Code   RO         2870    i.HAL_NVIC_EnableIRQ  stm32f1xx_hal_cortex.o
    0x080005d6   0x00000002   PAD
    0x080005d8   0x00000040   Code   RO         2876    i.HAL_NVIC_SetPriority  stm32f1xx_hal_cortex.o
    0x08000618   0x00000024   Code   RO         2877    i.HAL_NVIC_SetPriorityGrouping  stm32f1xx_hal_cortex.o
    0x0800063c   0x00000154   Code   RO         2731    i.HAL_RCC_ClockConfig  stm32f1xx_hal_rcc.o
    0x08000790   0x0000000c   Code   RO         2736    i.HAL_RCC_GetHCLKFreq  stm32f1xx_hal_rcc.o
    0x0800079c   0x00000020   Code   RO         2738    i.HAL_RCC_GetPCLK1Freq  stm32f1xx_hal_rcc.o
    0x080007bc   0x00000020   Code   RO         2739    i.HAL_RCC_GetPCLK2Freq  stm32f1xx_hal_rcc.o
    0x080007dc   0x0000006c   Code   RO         2740    i.HAL_RCC_GetSysClockFreq  stm32f1xx_hal_rcc.o
    0x08000848   0x00000304   Code   RO         2743    i.HAL_RCC_OscConfig  stm32f1xx_hal_rcc.o
    0x08000b4c   0x00000018   Code   RO         2879    i.HAL_SYSTICK_CLKSourceConfig  stm32f1xx_hal_cortex.o
    0x08000b64   0x00000002   Code   RO         2880    i.HAL_SYSTICK_Callback  stm32f1xx_hal_cortex.o
    0x08000b66   0x00000028   Code   RO         2881    i.HAL_SYSTICK_Config  stm32f1xx_hal_cortex.o
    0x08000b8e   0x00000008   Code   RO         2882    i.HAL_SYSTICK_IRQHandler  stm32f1xx_hal_cortex.o
    0x08000b96   0x00000062   Code   RO         3271    i.HAL_UART_Init     stm32f1xx_hal_uart.o
    0x08000bf8   0x00000058   Code   RO         2193    i.HAL_UART_MspInit  stm32f1xx_hal_msp.o
    0x08000c50   0x00000002   Code   RO         2111    i.HardFault_Handler  stm32f1xx_it.o
    0x08000c52   0x00000002   PAD
    0x08000c54   0x0000006c   Code   RO         2053    i.MX_GPIO_Init      main.o
    0x08000cc0   0x00000038   Code   RO         2054    i.MX_I2C1_Init      main.o
    0x08000cf8   0x00000002   Code   RO         2112    i.MemManage_Handler  stm32f1xx_it.o
    0x08000cfa   0x00000002   Code   RO         2113    i.NMI_Handler       stm32f1xx_it.o
    0x08000cfc   0x00000020   Code   RO         2883    i.NVIC_SetPriority  stm32f1xx_hal_cortex.o
    0x08000d1c   0x00000002   Code   RO         2114    i.PendSV_Handler    stm32f1xx_it.o
    0x08000d1e   0x00000002   Code   RO         2115    i.SVC_Handler       stm32f1xx_it.o
    0x08000d20   0x0000000e   Code   RO         2116    i.SysTick_Handler   stm32f1xx_it.o
    0x08000d2e   0x00000068   Code   RO         2055    i.SystemClock_Config  main.o
    0x08000d96   0x00000002   PAD
    0x08000d98   0x00000048   Code   RO         3922    i.SystemInit        system_stm32f1xx.o
    0x08000de0   0x00000170   Code   RO         3297    i.UART_SetConfig    stm32f1xx_hal_uart.o
    0x08000f50   0x00000002   Code   RO         2117    i.UsageFault_Handler  stm32f1xx_it.o
    0x08000f52   0x0000000e   Code   RO         4114    i.__scatterload_copy  mc_w.l(handlers.o)
    0x08000f60   0x00000002   Code   RO         4115    i.__scatterload_null  mc_w.l(handlers.o)
    0x08000f62   0x0000000e   Code   RO         4116    i.__scatterload_zeroinit  mc_w.l(handlers.o)
    0x08000f70   0x00000040   Code   RO         2057    i.main              main.o
    0x08000fb0   0x00000010   Data   RO         3923    .constdata          system_stm32f1xx.o
    0x08000fc0   0x00000008   Data   RO         3924    .constdata          system_stm32f1xx.o
    0x08000fc8   0x00000020   Data   RO         4112    Region$$Table       anon$$obj.o


    Execution Region RW_IRAM1 (Base: 0x20000000, Size: 0x000004a8, Max: 0x00005000, ABSOLUTE)

    Base Addr    Size         Type   Attr      Idx    E Section Name        Object

    0x20000000   0x00000001   Data   RW         2059    .data               main.o
    0x20000001   0x00000003   PAD
    0x20000004   0x0000000c   Data   RW         3110    .data               stm32f1xx_hal.o
    0x20000010   0x00000004   Data   RW         3925    .data               system_stm32f1xx.o
    0x20000014   0x00000094   Zero   RW         2058    .bss                main.o
    0x200000a8   0x00000400   Zero   RW            1    STACK               startup_stm32f103xb.o


==============================================================================

Image component sizes


      Code (inc. data)   RO Data    RW Data    ZI Data      Debug   Object Name

       352         42          0          1        148       3459   main.o
         0          0          0          0          0     412640   mpu6050.o
        36          8        236          0       1024        804   startup_stm32f103xb.o
       128         24          0         12          0       3237   stm32f1xx_hal.o
       228         14          0          0          0      27385   stm32f1xx_hal_cortex.o
       468         42          0          0          0       2851   stm32f1xx_hal_gpio.o
       320         18          0          0          0       2919   stm32f1xx_hal_i2c.o
       284         36          0          0          0       2147   stm32f1xx_hal_msp.o
      1296        104          0          0          0       5640   stm32f1xx_hal_rcc.o
       466          4          0          0          0       1904   stm32f1xx_hal_uart.o
        36          0          0          0          0       4253   stm32f1xx_it.o
        72         16         24          4          0       1159   system_stm32f1xx.o

    ----------------------------------------------------------------------
      3694        308        292         20       1172     468398   Object Totals
         0          0         32          0          0          0   (incl. Generated)
         8          0          0          3          0          0   (incl. Padding)

    ----------------------------------------------------------------------

      Code (inc. data)   RO Data    RW Data    ZI Data      Debug   Library Member Name

         0          0          0          0          0          0   entry.o
         0          0          0          0          0          0   entry10a.o
         0          0          0          0          0          0   entry11a.o
         8          4          0          0          0          0   entry2.o
         4          0          0          0          0          0   entry5.o
         0          0          0          0          0          0   entry7b.o
         0          0          0          0          0          0   entry8b.o
         8          4          0          0          0          0   entry9a.o
        30          0          0          0          0          0   handlers.o
        36          8          0          0          0         68   init.o

    ----------------------------------------------------------------------
        86         16          0          0          0         68   Library Totals
         0          0          0          0          0          0   (incl. Padding)

    ----------------------------------------------------------------------

      Code (inc. data)   RO Data    RW Data    ZI Data      Debug   Library Name

        86         16          0          0          0         68   mc_w.l

    ----------------------------------------------------------------------
        86         16          0          0          0         68   Library Totals

    ----------------------------------------------------------------------

==============================================================================


      Code (inc. data)   RO Data    RW Data    ZI Data      Debug   

      3780        324        292         20       1172     466746   Grand Totals
      3780        324        292         20       1172     466746   ELF Image Totals
      3780        324        292         20          0          0   ROM Totals

==============================================================================

    Total RO  Size (Code + RO Data)                 4072 (   3.98kB)
    Total RW  Size (RW Data + ZI Data)              1192 (   1.16kB)
    Total ROM Size (Code + RO Data + RW Data)       4092 (   4.00kB)

==============================================================================

