Component: ARM Compiler 5.06 update 4 (build 422) Tool: armlink [4d35d2]

==============================================================================

Section Cross References

    startup_stm32f103xb.o(RESET) refers to startup_stm32f103xb.o(STACK) for __initial_sp
    startup_stm32f103xb.o(RESET) refers to startup_stm32f103xb.o(.text) for Reset_Handler
    startup_stm32f103xb.o(RESET) refers to stm32f1xx_it.o(i.NMI_Handler) for NMI_Handler
    startup_stm32f103xb.o(RESET) refers to stm32f1xx_it.o(i.HardFault_Handler) for HardFault_Handler
    startup_stm32f103xb.o(RESET) refers to stm32f1xx_it.o(i.MemManage_Handler) for MemManage_Handler
    startup_stm32f103xb.o(RESET) refers to stm32f1xx_it.o(i.BusFault_Handler) for BusFault_Handler
    startup_stm32f103xb.o(RESET) refers to stm32f1xx_it.o(i.UsageFault_Handler) for UsageFault_Handler
    startup_stm32f103xb.o(RESET) refers to stm32f1xx_it.o(i.SVC_Handler) for SVC_Handler
    startup_stm32f103xb.o(RESET) refers to stm32f1xx_it.o(i.DebugMon_Handler) for DebugMon_Handler
    startup_stm32f103xb.o(RESET) refers to stm32f1xx_it.o(i.PendSV_Handler) for PendSV_Handler
    startup_stm32f103xb.o(RESET) refers to stm32f1xx_it.o(i.SysTick_Handler) for SysTick_Handler
    startup_stm32f103xb.o(RESET) refers to stm32f1xx_it.o(i.EXTI2_IRQHandler) for EXTI2_IRQHandler
    startup_stm32f103xb.o(RESET) refers to stm32f1xx_it.o(i.TIM2_IRQHandler) for TIM2_IRQHandler
    startup_stm32f103xb.o(.text) refers to system_stm32f1xx.o(i.SystemInit) for SystemInit
    startup_stm32f103xb.o(.text) refers to entry.o(.ARM.Collect$$$$00000000) for __main
    mpu6050.o(i.MPU6050_GetDeviceID) refers to mpu6050.o(i.MPU6050_ReadBits) for MPU6050_ReadBits
    mpu6050.o(i.MPU6050_GetDeviceID) refers to mpu6050.o(.data) for .data
    mpu6050.o(i.MPU6050_GetFullScaleAccelRange) refers to mpu6050.o(i.MPU6050_ReadBits) for MPU6050_ReadBits
    mpu6050.o(i.MPU6050_GetFullScaleAccelRange) refers to mpu6050.o(.data) for .data
    mpu6050.o(i.MPU6050_GetFullScaleGyroRange) refers to mpu6050.o(i.MPU6050_ReadBits) for MPU6050_ReadBits
    mpu6050.o(i.MPU6050_GetFullScaleGyroRange) refers to mpu6050.o(.data) for .data
    mpu6050.o(i.MPU6050_GetRawAccelTempGyro) refers to mpu6050.o(i.MPU6050_I2C_BufferRead) for MPU6050_I2C_BufferRead
    mpu6050.o(i.MPU6050_GetRawAccelTempGyro) refers to mpu6050.o(.data) for .data
    mpu6050.o(i.MPU6050_GetSleepModeStatus) refers to mpu6050.o(i.MPU6050_ReadBit) for MPU6050_ReadBit
    mpu6050.o(i.MPU6050_GetSleepModeStatus) refers to mpu6050.o(.data) for .data
    mpu6050.o(i.MPU6050_I2C_BufferRead) refers to stm32f1xx_hal_i2c.o(i.HAL_I2C_Mem_Read) for HAL_I2C_Mem_Read
    mpu6050.o(i.MPU6050_I2C_BufferRead) refers to mpu6050.o(.bss) for .bss
    mpu6050.o(i.MPU6050_I2C_ByteWrite) refers to stm32f1xx_hal_i2c.o(i.HAL_I2C_Mem_Write) for HAL_I2C_Mem_Write
    mpu6050.o(i.MPU6050_I2C_ByteWrite) refers to mpu6050.o(.bss) for .bss
    mpu6050.o(i.MPU6050_I2C_Init) refers to stm32f1xx_hal_i2c.o(i.HAL_I2C_Init) for HAL_I2C_Init
    mpu6050.o(i.MPU6050_I2C_Init) refers to main.o(i._Error_Handler) for _Error_Handler
    mpu6050.o(i.MPU6050_I2C_Init) refers to mpu6050.o(.bss) for .bss
    mpu6050.o(i.MPU6050_Initialize) refers to mpu6050.o(i.MPU6050_I2C_Init) for MPU6050_I2C_Init
    mpu6050.o(i.MPU6050_Initialize) refers to mpu6050.o(i.MPU6050_I2C_ByteWrite) for MPU6050_I2C_ByteWrite
    mpu6050.o(i.MPU6050_Initialize) refers to mpu6050.o(i.MPU6050_SetFullScaleGyroRange) for MPU6050_SetFullScaleGyroRange
    mpu6050.o(i.MPU6050_Initialize) refers to mpu6050.o(i.MPU6050_SetFullScaleAccelRange) for MPU6050_SetFullScaleAccelRange
    mpu6050.o(i.MPU6050_Initialize) refers to mpu6050.o(.data) for .data
    mpu6050.o(i.MPU6050_ReadBit) refers to mpu6050.o(i.MPU6050_I2C_BufferRead) for MPU6050_I2C_BufferRead
    mpu6050.o(i.MPU6050_ReadBits) refers to mpu6050.o(i.MPU6050_I2C_BufferRead) for MPU6050_I2C_BufferRead
    mpu6050.o(i.MPU6050_SetClockSource) refers to mpu6050.o(i.MPU6050_WriteBits) for MPU6050_WriteBits
    mpu6050.o(i.MPU6050_SetClockSource) refers to mpu6050.o(.data) for .data
    mpu6050.o(i.MPU6050_SetFullScaleAccelRange) refers to mpu6050.o(i.MPU6050_WriteBits) for MPU6050_WriteBits
    mpu6050.o(i.MPU6050_SetFullScaleAccelRange) refers to mpu6050.o(.data) for .data
    mpu6050.o(i.MPU6050_SetFullScaleGyroRange) refers to mpu6050.o(i.MPU6050_WriteBits) for MPU6050_WriteBits
    mpu6050.o(i.MPU6050_SetFullScaleGyroRange) refers to mpu6050.o(.data) for .data
    mpu6050.o(i.MPU6050_SetSleepModeStatus) refers to mpu6050.o(i.MPU6050_WriteBit) for MPU6050_WriteBit
    mpu6050.o(i.MPU6050_SetSleepModeStatus) refers to mpu6050.o(.data) for .data
    mpu6050.o(i.MPU6050_TestConnection) refers to mpu6050.o(i.MPU6050_GetDeviceID) for MPU6050_GetDeviceID
    mpu6050.o(i.MPU6050_WriteBit) refers to mpu6050.o(i.MPU6050_I2C_BufferRead) for MPU6050_I2C_BufferRead
    mpu6050.o(i.MPU6050_WriteBit) refers to mpu6050.o(i.MPU6050_I2C_ByteWrite) for MPU6050_I2C_ByteWrite
[...]
    ../mathlib/fpclassify.c                  0x00000000   Number         0  fpclassify.o ABSOLUTE
    ../mathlib/poly.c                        0x00000000   Number         0  poly.o ABSOLUTE
    ../mathlib/qnan.c                        0x00000000   Number         0  qnan.o ABSOLUTE
    ../mathlib/sqrt.c                        0x00000000   Number         0  sqrt.o ABSOLUTE
    ../mathlib/sqrt.c                        0x00000000   Number         0  sqrt_x.o ABSOLUTE
    ..\Drivers\STM32F1xx_HAL_Driver\Src\stm32f1xx_hal.c 0x00000000   Number         0  stm32f1xx_hal.o ABSOLUTE
    ..\Drivers\STM32F1xx_HAL_Driver\Src\stm32f1xx_hal_cortex.c 0x00000000   Number         0  stm32f1xx_hal_cortex.o ABSOLUTE
    ..\Drivers\STM32F1xx_HAL_Driver\Src\stm32f1xx_hal_dma.c 0x00000000   Number         0  stm32f1xx_hal_dma.o ABSOLUTE
    ..\Drivers\STM32F1xx_HAL_Driver\Src\stm32f1xx_hal_flash.c 0x00000000   Number         0  stm32f1xx_hal_flash.o ABSOLUTE
    ..\Drivers\STM32F1xx_HAL_Driver\Src\stm32f1xx_hal_flash_ex.c 0x00000000   Number         0  stm32f1xx_hal_flash_ex.o ABSOLUTE
    ..\Drivers\STM32F1xx_HAL_Driver\Src\stm32f1xx_hal_gpio.c 0x00000000   Number         0  stm32f1xx_hal_gpio.o ABSOLUTE
    ..\Drivers\STM32F1xx_HAL_Driver\Src\stm32f1xx_hal_gpio_ex.c 0x00000000   Number         0  stm32f1xx_hal_gpio_ex.o ABSOLUTE
    ..\Drivers\STM32F1xx_HAL_Driver\Src\stm32f1xx_hal_i2c.c 0x00000000   Number         0  stm32f1xx_hal_i2c.o ABSOLUTE
    ..\Drivers\STM32F1xx_HAL_Driver\Src\stm32f1xx_hal_pwr.c 0x00000000   Number         0  stm32f1xx_hal_pwr.o ABSOLUTE
    ..\Drivers\STM32F1xx_HAL_Driver\Src\stm32f1xx_hal_rcc.c 0x00000000   Number         0  stm32f1xx_hal_rcc.o ABSOLUTE
    ..\Drivers\STM32F1xx_HAL_Driver\Src\stm32f1xx_hal_rcc_ex.c 0x00000000   Number         0  stm32f1xx_hal_rcc_ex.o ABSOLUTE
    ..\Drivers\STM32F1xx_HAL_Driver\Src\stm32f1xx_hal_tim.c 0x00000000   Number         0  stm32f1xx_hal_tim.o ABSOLUTE
    ..\Drivers\STM32F1xx_HAL_Driver\Src\stm32f1xx_hal_tim_ex.c 0x00000000   Number         0  stm32f1xx_hal_tim_ex.o ABSOLUTE
    ..\Drivers\STM32F1xx_HAL_Driver\Src\stm32f1xx_hal_uart.c 0x00000000   Number         0  stm32f1xx_hal_uart.o ABSOLUTE
    ..\MPU6050\MPU6050.c                     0x00000000   Number         0  mpu6050.o ABSOLUTE
    ..\MPU6050\MPU6050_dmp.c                 0x00000000   Number         0  mpu6050_dmp.o ABSOLUTE
    ..\MPU6050\MPU6050_dmp_6axis_MotionApps20.c 0x00000000   Number         0  mpu6050_dmp_6axis_motionapps20.o ABSOLUTE
    ..\Src\main.c                            0x00000000   Number         0  main.o ABSOLUTE
    ..\Src\stm32f1xx_hal_msp.c               0x00000000   Number         0  stm32f1xx_hal_msp.o ABSOLUTE
    ..\Src\stm32f1xx_it.c                    0x00000000   Number         0  stm32f1xx_it.o ABSOLUTE
    ..\Src\system_stm32f1xx.c                0x00000000   Number         0  system_stm32f1xx.o ABSOLUTE
    ..\\MPU6050\\MPU6050.c                   0x00000000   Number         0  mpu6050.o ABSOLUTE
    ..\\MPU6050\\MPU6050_dmp.c               0x00000000   Number         0  mpu6050_dmp.o ABSOLUTE
    ..\\MPU6050\\MPU6050_dmp_6axis_MotionApps20.c 0x00000000   Number         0  mpu6050_dmp_6axis_motionapps20.o ABSOLUTE
    cdcmple.s                                0x00000000   Number         0  cdcmple.o ABSOLUTE
    cdrcmple.s                               0x00000000   Number         0  cdrcmple.o ABSOLUTE
    dc.s                                     0x00000000   Number         0  dc.o ABSOLUTE
    handlers.s                               0x00000000   Number         0  handlers.o ABSOLUTE
    init.s                                   0x00000000   Number         0  init.o ABSOLUTE
    startup_stm32f103xb.s                    0x00000000   Number         0  startup_stm32f103xb.o ABSOLUTE
    RESET                                    0x08000000   Section      236  startup_stm32f103xb.o(RESET)
    .ARM.Collect$$$$00000000                 0x080000ec   Section        0  entry.o(.ARM.Collect$$$$00000000)
    .ARM.Collect$$$$00000001                 0x080000ec   Section        4  entry2.o(.ARM.Collect$$$$00000001)
    .ARM.Collect$$$$00000004                 0x080000f0   Section        4  entry5.o(.ARM.Collect$$$$00000004)
    .ARM.Collect$$$$00000008                 0x080000f4   Section        0  entry7b.o(.ARM.Collect$$$$00000008)
    .ARM.Collect$$$$0000000A                 0x080000f4   Section        0  entry8b.o(.ARM.Collect$$$$0000000A)
    .ARM.Collect$$$$0000000B                 0x080000f4   Section        8  entry9a.o(.ARM.Collect$$$$0000000B)
    .ARM.Collect$$$$0000000D                 0x080000fc   Section        0  entry10a.o(.ARM.Collect$$$$0000000D)
    .ARM.Collect$$$$0000000F                 0x080000fc   Section        0  entry11a.o(.ARM.Collect$$$$0000000F)
    .ARM.Collect$$$$00002712                 0x080000fc   Section        4  entry2.o(.ARM.Collect$$$$00002712)
    __lit__00000000                          0x080000fc   Data           4  entry2.o(.ARM.Collect$$$$00002712)
    .text                                    0x08000100   Section       36  startup_stm32f103xb.o(.text)
    .text                                    0x08000124   Section        0  llushr.o(.text)
    .text                                    0x08000144   Section        0  strlen.o(.text)
    .text                                    0x08000152   Section        0  fadd.o(.text)
    .text                                    0x08000202   Section        0  fmul.o(.text)
    .text                                    0x08000266   Section        0  fscalb.o(.text)
    .text                                    0x0800027e   Section        0  dadd.o(.text)
    .text                                    0x080003cc   Section        0  dmul.o(.text)
    .text                                    0x080004b0   Section        0  ddiv.o(.text)
    .text                                    0x0800058e   Section        0  fflti.o(.text)
    .text                                    0x080005a0   Section        0  dflti.o(.text)
    .text                                    0x080005c2   Section        0  dfltui.o(.text)
    .text                                    0x080005dc   Section        0  f2d.o(.text)
    .text                                    0x08000604   Section       48  cdcmple.o(.text)
    .text                                    0x08000634   Section       48  cdrcmple.o(.text)
    .text                                    0x08000664   Section        0  d2f.o(.text)
    .text                                    0x0800069c   Section        0  llshl.o(.text)
    .text                                    0x080006ba   Section        0  llsshr.o(.text)
    .text                                    0x080006de   Section        0  memcpya.o(.text)
    .text                                    0x08000702   Section        0  iusefp.o(.text)
    .text                                    0x08000702   Section        0  fepilogue.o(.text)
    .text                                    0x08000770   Section        0  depilogue.o(.text)
    .text                                    0x0800082a   Section        0  dscalb.o(.text)
    .text                                    0x08000858   Section        0  dsqrt.o(.text)
    .text                                    0x080008fc   Section       36  init.o(.text)
    i.BusFault_Handler                       0x08000920   Section        0  stm32f1xx_it.o(i.BusFault_Handler)
    i.DebugMon_Handler                       0x08000922   Section        0  stm32f1xx_it.o(i.DebugMon_Handler)
    i.EXTI2_IRQHandler                       0x08000924   Section        0  stm32f1xx_it.o(i.EXTI2_IRQHandler)
    i.GPIO_Init_IRQ                          0x0800092c   Section        0  mpu6050_dmp.o(i.GPIO_Init_IRQ)
    i.HAL_Delay                              0x08000994   Section        0  stm32f1xx_hal.o(i.HAL_Delay)
    i.HAL_GPIO_EXTI_Callback                 0x080009b8   Section        0  main.o(i.HAL_GPIO_EXTI_Callback)
    i.HAL_GPIO_EXTI_IRQHandler               0x080009cc   Section        0  stm32f1xx_hal_gpio.o(i.HAL_GPIO_EXTI_IRQHandler)
    i.HAL_GPIO_Init                          0x080009e4   Section        0  stm32f1xx_hal_gpio.o(i.HAL_GPIO_Init)
    i.HAL_GPIO_WritePin                      0x08000ba0   Section        0  stm32f1xx_hal_gpio.o(i.HAL_GPIO_WritePin)
    i.HAL_GetTick                            0x08000bac   Section        0  stm32f1xx_hal.o(i.HAL_GetTick)
    i.HAL_I2C_Init                           0x08000bb8   Section        0  stm32f1xx_hal_i2c.o(i.HAL_I2C_Init)
    i.HAL_I2C_Mem_Read                       0x08000cf8   Section        0  stm32f1xx_hal_i2c.o(i.HAL_I2C_Mem_Read)
    i.HAL_I2C_Mem_Write                      0x08000f18   Section        0  stm32f1xx_hal_i2c.o(i.HAL_I2C_Mem_Write)
    i.HAL_I2C_MspInit                        0x08001054   Section        0  stm32f1xx_hal_msp.o(i.HAL_I2C_MspInit)
    i.HAL_IncTick                            0x08001098   Section        0  stm32f1xx_hal.o(i.HAL_IncTick)
    i.HAL_Init                               0x080010a8   Section        0  stm32f1xx_hal.o(i.HAL_Init)
    i.HAL_InitTick                           0x080010cc   Section        0  stm32f1xx_hal.o(i.HAL_InitTick)
    i.HAL_MspInit                            0x0800110c   Section        0  stm32f1xx_hal_msp.o(i.HAL_MspInit)
    i.HAL_NVIC_EnableIRQ                     0x0800118c   Section        0  stm32f1xx_hal_cortex.o(i.HAL_NVIC_EnableIRQ)
    i.HAL_NVIC_SetPriority                   0x080011a4   Section        0  stm32f1xx_hal_cortex.o(i.HAL_NVIC_SetPriority)
    i.HAL_NVIC_SetPriorityGrouping           0x080011e4   Section        0  stm32f1xx_hal_cortex.o(i.HAL_NVIC_SetPriorityGrouping)
    i.HAL_RCC_ClockConfig                    0x08001208   Section        0  stm32f1xx_hal_rcc.o(i.HAL_RCC_ClockConfig)
    i.HAL_RCC_GetHCLKFreq                    0x0800135c   Section        0  stm32f1xx_hal_rcc.o(i.HAL_RCC_GetHCLKFreq)
    i.HAL_RCC_GetPCLK1Freq                   0x08001368   Section        0  stm32f1xx_hal_rcc.o(i.HAL_RCC_GetPCLK1Freq)
    i.HAL_RCC_GetPCLK2Freq                   0x08001388   Section        0  stm32f1xx_hal_rcc.o(i.HAL_RCC_GetPCLK2Freq)
    i.HAL_RCC_GetSysClockFreq                0x080013a8   Section        0  stm32f1xx_hal_rcc.o(i.HAL_RCC_GetSysClockFreq)
    i.HAL_RCC_OscConfig                      0x0800141c   Section        0  stm32f1xx_hal_rcc.o(i.HAL_RCC_OscConfig)
    i.HAL_SYSTICK_CLKSourceConfig            0x08001720   Section        0  stm32f1xx_hal_cortex.o(i.HAL_SYSTICK_CLKSourceConfig)
    i.HAL_SYSTICK_Callback                   0x08001738   Section        0  stm32f1xx_hal_cortex.o(i.HAL_SYSTICK_Callback)
    i.HAL_SYSTICK_Config                     0x0800173a   Section        0  stm32f1xx_hal_cortex.o(i.HAL_SYSTICK_Config)
    i.HAL_SYSTICK_IRQHandler                 0x08001762   Section        0  stm32f1xx_hal_cortex.o(i.HAL_SYSTICK_IRQHandler)
    i.HAL_TIMEx_BreakCallback                0x0800176a   Section        0  stm32f1xx_hal_tim_ex.o(i.HAL_TIMEx_BreakCallback)
    i.HAL_TIMEx_CommutationCallback          0x0800176c   Section        0  stm32f1xx_hal_tim_ex.o(i.HAL_TIMEx_CommutationCallback)
    i.HAL_TIMEx_MasterConfigSynchronization  0x0800176e   Section        0  stm32f1xx_hal_tim_ex.o(i.HAL_TIMEx_MasterConfigSynchronization)
    i.HAL_TIM_Base_Init                      0x080017be   Section        0  stm32f1xx_hal_tim.o(i.HAL_TIM_Base_Init)
    i.HAL_TIM_Base_MspInit                   0x080017f4   Section        0  stm32f1xx_hal_msp.o(i.HAL_TIM_Base_MspInit)
    i.HAL_TIM_ConfigClockSource              0x0800182c   Section        0  stm32f1xx_hal_tim.o(i.HAL_TIM_ConfigClockSource)
    i.HAL_TIM_IC_CaptureCallback             0x0800191e   Section        0  stm32f1xx_hal_tim.o(i.HAL_TIM_IC_CaptureCallback)
    i.HAL_TIM_IRQHandler                     0x08001920   Section        0  stm32f1xx_hal_tim.o(i.HAL_TIM_IRQHandler)
    i.HAL_TIM_OC_DelayElapsedCallback        0x08001a86   Section        0  stm32f1xx_hal_tim.o(i.HAL_TIM_OC_DelayElapsedCallback)
    i.HAL_TIM_PWM_PulseFinishedCallback      0x08001a88   Section        0  stm32f1xx_hal_tim.o(i.HAL_TIM_PWM_PulseFinishedCallback)
    i.HAL_TIM_PeriodElapsedCallback          0x08001a8c   Section        0  main.o(i.HAL_TIM_PeriodElapsedCallback)
    i.HAL_TIM_TriggerCallback                0x08001b74   Section        0  stm32f1xx_hal_tim.o(i.HAL_TIM_TriggerCallback)
    i.HAL_UART_Init                          0x08001b76   Section        0  stm32f1xx_hal_uart.o(i.HAL_UART_Init)
    i.HAL_UART_MspInit                       0x08001bd8   Section        0  stm32f1xx_hal_msp.o(i.HAL_UART_MspInit)
    i.HAL_UART_Transmit                      0x08001c30   Section        0  stm32f1xx_hal_uart.o(i.HAL_UART_Transmit)
    i.HardFault_Handler                      0x08001cea   Section        0  stm32f1xx_it.o(i.HardFault_Handler)
    i.I2C_IsAcknowledgeFailed                0x08001cec   Section        0  stm32f1xx_hal_i2c.o(i.I2C_IsAcknowledgeFailed)
    I2C_IsAcknowledgeFailed                  0x08001ced   Thumb Code    40  stm32f1xx_hal_i2c.o(i.I2C_IsAcknowledgeFailed)
    i.I2C_RequestMemoryRead                  0x08001d14   Section        0  stm32f1xx_hal_i2c.o(i.I2C_RequestMemoryRead)
    I2C_RequestMemoryRead                    0x08001d15   Thumb Code   240  stm32f1xx_hal_i2c.o(i.I2C_RequestMemoryRead)
    i.I2C_RequestMemoryWrite                 0x08001e04   Section        0  stm32f1xx_hal_i2c.o(i.I2C_RequestMemoryWrite)
    I2C_RequestMemoryWrite                   0x08001e05   Thumb Code   156  stm32f1xx_hal_i2c.o(i.I2C_RequestMemoryWrite)
    i.I2C_WaitOnBTFFlagUntilTimeout          0x08001ea4   Section        0  stm32f1xx_hal_i2c.o(i.I2C_WaitOnBTFFlagUntilTimeout)
    I2C_WaitOnBTFFlagUntilTimeout            0x08001ea5   Thumb Code    78  stm32f1xx_hal_i2c.o(i.I2C_WaitOnBTFFlagUntilTimeout)
    i.I2C_WaitOnFlagUntilTimeout             0x08001ef2   Section        0  stm32f1xx_hal_i2c.o(i.I2C_WaitOnFlagUntilTimeout)
    I2C_WaitOnFlagUntilTimeout               0x08001ef3   Thumb Code    96  stm32f1xx_hal_i2c.o(i.I2C_WaitOnFlagUntilTimeout)
    i.I2C_WaitOnMasterAddressFlagUntilTimeout 0x08001f54   Section        0  stm32f1xx_hal_i2c.o(i.I2C_WaitOnMasterAddressFlagUntilTimeout)
    I2C_WaitOnMasterAddressFlagUntilTimeout  0x08001f55   Thumb Code   136  stm32f1xx_hal_i2c.o(i.I2C_WaitOnMasterAddressFlagUntilTimeout)
    i.I2C_WaitOnRXNEFlagUntilTimeout         0x08001fdc   Section        0  stm32f1xx_hal_i2c.o(i.I2C_WaitOnRXNEFlagUntilTimeout)
    I2C_WaitOnRXNEFlagUntilTimeout           0x08001fdd   Thumb Code    98  stm32f1xx_hal_i2c.o(i.I2C_WaitOnRXNEFlagUntilTimeout)
    i.I2C_WaitOnTXEFlagUntilTimeout          0x0800203e   Section        0  stm32f1xx_hal_i2c.o(i.I2C_WaitOnTXEFlagUntilTimeout)
    I2C_WaitOnTXEFlagUntilTimeout            0x0800203f   Thumb Code    78  stm32f1xx_hal_i2c.o(i.I2C_WaitOnTXEFlagUntilTimeout)
    i.I2Cdev_readBits                        0x0800208c   Section        0  mpu6050_dmp.o(i.I2Cdev_readBits)
    i.I2Cdev_readByte                        0x080020bc   Section        0  mpu6050_dmp.o(i.I2Cdev_readByte)
    i.I2Cdev_readBytes                       0x080020c4   Section        0  mpu6050_dmp.o(i.I2Cdev_readBytes)
    i.I2Cdev_writeBit                        0x080020e8   Section        0  mpu6050_dmp.o(i.I2Cdev_writeBit)
    i.I2Cdev_writeBits                       0x08002120   Section        0  mpu6050_dmp.o(i.I2Cdev_writeBits)
    i.I2Cdev_writeByte                       0x08002164   Section        0  mpu6050_dmp.o(i.I2Cdev_writeByte)
    i.I2Cdev_writeBytes                      0x08002170   Section        0  mpu6050_dmp.o(i.I2Cdev_writeBytes)
    i.I2Cdev_writeWord                       0x08002194   Section        0  mpu6050_dmp.o(i.I2Cdev_writeWord)
    i.MPU6050_GetRawAccelTempGyro            0x080021ac   Section        0  mpu6050.o(i.MPU6050_GetRawAccelTempGyro)
    i.MPU6050_I2C_BufferRead                 0x08002200   Section        0  mpu6050.o(i.MPU6050_I2C_BufferRead)
    i.MPU6050_I2C_ByteWrite                  0x0800221c   Section        0  mpu6050.o(i.MPU6050_I2C_ByteWrite)
    i.MPU6050_I2C_Init                       0x08002240   Section        0  mpu6050.o(i.MPU6050_I2C_Init)
    i.MPU6050_Initialize                     0x0800229c   Section        0  mpu6050.o(i.MPU6050_Initialize)
    i.MPU6050_SetFullScaleAccelRange         0x080022fc   Section        0  mpu6050.o(i.MPU6050_SetFullScaleAccelRange)
    i.MPU6050_SetFullScaleGyroRange          0x08002314   Section        0  mpu6050.o(i.MPU6050_SetFullScaleGyroRange)
    i.MPU6050_WriteBits                      0x0800232c   Section        0  mpu6050.o(i.MPU6050_WriteBits)
    i.MPU6050_convert                        0x08002370   Section        0  mpu6050.o(i.MPU6050_convert)
    i.MPU6050_dmpGetFIFOPacketSize           0x08002454   Section        0  mpu6050_dmp_6axis_motionapps20.o(i.MPU6050_dmpGetFIFOPacketSize)
    i.MPU6050_dmpGetGravity                  0x08002460   Section        0  mpu6050_dmp_6axis_motionapps20.o(i.MPU6050_dmpGetGravity)
    i.MPU6050_dmpGetQuaternion               0x080024e8   Section        0  mpu6050_dmp_6axis_motionapps20.o(i.MPU6050_dmpGetQuaternion)
    i.MPU6050_dmpGetQuaternion_int16         0x08002540   Section        0  mpu6050_dmp_6axis_motionapps20.o(i.MPU6050_dmpGetQuaternion_int16)
    i.MPU6050_dmpGetYawPitchRoll             0x08002568   Section        0  mpu6050_dmp_6axis_motionapps20.o(i.MPU6050_dmpGetYawPitchRoll)
    i.MPU6050_dmpInitialize                  0x08002658   Section        0  mpu6050_dmp_6axis_motionapps20.o(i.MPU6050_dmpInitialize)
    i.MPU6050_getFIFOBytes                   0x0800293c   Section        0  mpu6050_dmp.o(i.MPU6050_getFIFOBytes)
    i.MPU6050_getFIFOCount                   0x08002950   Section        0  mpu6050_dmp.o(i.MPU6050_getFIFOCount)
    i.MPU6050_getIntStatus                   0x0800296c   Section        0  mpu6050_dmp.o(i.MPU6050_getIntStatus)
    i.MPU6050_getXGyroOffsetTC               0x08002984   Section        0  mpu6050_dmp.o(i.MPU6050_getXGyroOffsetTC)
    i.MPU6050_getYGyroOffsetTC               0x080029a4   Section        0  mpu6050_dmp.o(i.MPU6050_getYGyroOffsetTC)
    i.MPU6050_getZGyroOffsetTC               0x080029c4   Section        0  mpu6050_dmp.o(i.MPU6050_getZGyroOffsetTC)
    i.MPU6050_initialize                     0x080029e4   Section        0  mpu6050_dmp.o(i.MPU6050_initialize)
    i.MPU6050_readMemoryBlock                0x08002a04   Section        0  mpu6050_dmp.o(i.MPU6050_readMemoryBlock)
    i.MPU6050_reset                          0x08002a80   Section        0  mpu6050_dmp.o(i.MPU6050_reset)
    i.MPU6050_resetDMP                       0x08002a94   Section        0  mpu6050_dmp.o(i.MPU6050_resetDMP)
    i.MPU6050_resetFIFO                      0x08002aa8   Section        0  mpu6050_dmp.o(i.MPU6050_resetFIFO)
    i.MPU6050_resetI2CMaster                 0x08002abc   Section        0  mpu6050_dmp.o(i.MPU6050_resetI2CMaster)
    i.MPU6050_setClockSource                 0x08002ad0   Section        0  mpu6050_dmp.o(i.MPU6050_setClockSource)
    i.MPU6050_setDLPFMode                    0x08002ae8   Section        0  mpu6050_dmp.o(i.MPU6050_setDLPFMode)
    i.MPU6050_setDMPConfig1                  0x08002b00   Section        0  mpu6050_dmp.o(i.MPU6050_setDMPConfig1)
    i.MPU6050_setDMPConfig2                  0x08002b10   Section        0  mpu6050_dmp.o(i.MPU6050_setDMPConfig2)
    i.MPU6050_setDMPEnabled                  0x08002b20   Section        0  mpu6050_dmp.o(i.MPU6050_setDMPEnabled)
    i.MPU6050_setExternalFrameSync           0x08002b34   Section        0  mpu6050_dmp.o(i.MPU6050_setExternalFrameSync)
    i.MPU6050_setFIFOEnabled                 0x08002b4c   Section        0  mpu6050_dmp.o(i.MPU6050_setFIFOEnabled)
    i.MPU6050_setFullScaleAccelRange         0x08002b60   Section        0  mpu6050_dmp.o(i.MPU6050_setFullScaleAccelRange)
    i.MPU6050_setFullScaleGyroRange          0x08002b78   Section        0  mpu6050_dmp.o(i.MPU6050_setFullScaleGyroRange)
    i.MPU6050_setI2CMasterModeEnabled        0x08002b90   Section        0  mpu6050_dmp.o(i.MPU6050_setI2CMasterModeEnabled)
    i.MPU6050_setIntEnabled                  0x08002ba4   Section        0  mpu6050_dmp.o(i.MPU6050_setIntEnabled)
    i.MPU6050_setMemoryBank                  0x08002bb4   Section        0  mpu6050_dmp.o(i.MPU6050_setMemoryBank)
    i.MPU6050_setMemoryStartAddress          0x08002bd4   Section        0  mpu6050_dmp.o(i.MPU6050_setMemoryStartAddress)
    i.MPU6050_setMotionDetectionDuration     0x08002be4   Section        0  mpu6050_dmp.o(i.MPU6050_setMotionDetectionDuration)
    i.MPU6050_setMotionDetectionThreshold    0x08002bf4   Section        0  mpu6050_dmp.o(i.MPU6050_setMotionDetectionThreshold)
    i.MPU6050_setOTPBankValid                0x08002c04   Section        0  mpu6050_dmp.o(i.MPU6050_setOTPBankValid)
    i.MPU6050_setRate                        0x08002c18   Section        0  mpu6050_dmp.o(i.MPU6050_setRate)
    i.MPU6050_setSlaveAddress                0x08002c28   Section        0  mpu6050_dmp.o(i.MPU6050_setSlaveAddress)
    i.MPU6050_setSleepEnabled_dmp            0x08002c48   Section        0  mpu6050_dmp.o(i.MPU6050_setSleepEnabled_dmp)
    i.MPU6050_setXGyroOffset                 0x08002c5c   Section        0  mpu6050_dmp.o(i.MPU6050_setXGyroOffset)
    i.MPU6050_setXGyroOffsetTC               0x08002c6c   Section        0  mpu6050_dmp.o(i.MPU6050_setXGyroOffsetTC)
    i.MPU6050_setYGyroOffset                 0x08002c88   Section        0  mpu6050_dmp.o(i.MPU6050_setYGyroOffset)
    i.MPU6050_setYGyroOffsetTC               0x08002c98   Section        0  mpu6050_dmp.o(i.MPU6050_setYGyroOffsetTC)
    i.MPU6050_setZAccelOffset                0x08002cb4   Section        0  mpu6050_dmp.o(i.MPU6050_setZAccelOffset)
    i.MPU6050_setZGyroOffset                 0x08002cc4   Section        0  mpu6050_dmp.o(i.MPU6050_setZGyroOffset)
    i.MPU6050_setZGyroOffsetTC               0x08002cd4   Section        0  mpu6050_dmp.o(i.MPU6050_setZGyroOffsetTC)
    i.MPU6050_setZeroMotionDetectionDuration 0x08002cf0   Section        0  mpu6050_dmp.o(i.MPU6050_setZeroMotionDetectionDuration)
    i.MPU6050_setZeroMotionDetectionThreshold 0x08002d00   Section        0  mpu6050_dmp.o(i.MPU6050_setZeroMotionDetectionThreshold)
    i.MPU6050_writeDMPConfigurationSet       0x08002d10   Section        0  mpu6050_dmp.o(i.MPU6050_writeDMPConfigurationSet)
    i.MPU6050_writeMemoryBlock               0x08002dc8   Section        0  mpu6050_dmp.o(i.MPU6050_writeMemoryBlock)
    i.MPU6050_writeProgDMPConfigurationSet   0x08002ecc   Section        0  mpu6050_dmp.o(i.MPU6050_writeProgDMPConfigurationSet)
    i.MPU6050_writeProgMemoryBlock           0x08002ed2   Section        0  mpu6050_dmp.o(i.MPU6050_writeProgMemoryBlock)
    i.MPU6050address                         0x08002ee4   Section        0  mpu6050_dmp.o(i.MPU6050address)
    i.MX_GPIO_Init                           0x08002ef0   Section        0  main.o(i.MX_GPIO_Init)
    MX_GPIO_Init                             0x08002ef1   Thumb Code    88  main.o(i.MX_GPIO_Init)
    i.MX_TIM2_Init                           0x08002f50   Section        0  main.o(i.MX_TIM2_Init)
    MX_TIM2_Init                             0x08002f51   Thumb Code    80  main.o(i.MX_TIM2_Init)
    i.MemManage_Handler                      0x08002fa4   Section        0  stm32f1xx_it.o(i.MemManage_Handler)
    i.NMI_Handler                            0x08002fa6   Section        0  stm32f1xx_it.o(i.NMI_Handler)
    i.NVIC_SetPriority                       0x08002fa8   Section        0  stm32f1xx_hal_cortex.o(i.NVIC_SetPriority)
    NVIC_SetPriority                         0x08002fa9   Thumb Code    32  stm32f1xx_hal_cortex.o(i.NVIC_SetPriority)
    i.PendSV_Handler                         0x08002fc8   Section        0  stm32f1xx_it.o(i.PendSV_Handler)
    i.SVC_Handler                            0x08002fca   Section        0  stm32f1xx_it.o(i.SVC_Handler)
    i.SysTick_Handler                        0x08002fcc   Section        0  stm32f1xx_it.o(i.SysTick_Handler)
    i.SystemClock_Config                     0x08002fda   Section        0  main.o(i.SystemClock_Config)
    i.SystemInit                             0x08003040   Section        0  system_stm32f1xx.o(i.SystemInit)
    i.TIM2_IRQHandler                        0x08003088   Section        0  stm32f1xx_it.o(i.TIM2_IRQHandler)
    i.TIM_Base_SetConfig                     0x08003094   Section        0  stm32f1xx_hal_tim.o(i.TIM_Base_SetConfig)
    i.TIM_ETR_SetConfig                      0x08003100   Section        0  stm32f1xx_hal_tim.o(i.TIM_ETR_SetConfig)
    TIM_ETR_SetConfig                        0x08003101   Thumb Code    20  stm32f1xx_hal_tim.o(i.TIM_ETR_SetConfig)
    i.TIM_ITRx_SetConfig                     0x08003114   Section        0  stm32f1xx_hal_tim.o(i.TIM_ITRx_SetConfig)
    TIM_ITRx_SetConfig                       0x08003115   Thumb Code    16  stm32f1xx_hal_tim.o(i.TIM_ITRx_SetConfig)
    i.TIM_TI1_ConfigInputStage               0x08003124   Section        0  stm32f1xx_hal_tim.o(i.TIM_TI1_ConfigInputStage)
    TIM_TI1_ConfigInputStage                 0x08003125   Thumb Code    34  stm32f1xx_hal_tim.o(i.TIM_TI1_ConfigInputStage)
    i.TIM_TI2_ConfigInputStage               0x08003146   Section        0  stm32f1xx_hal_tim.o(i.TIM_TI2_ConfigInputStage)
    TIM_TI2_ConfigInputStage                 0x08003147   Thumb Code    36  stm32f1xx_hal_tim.o(i.TIM_TI2_ConfigInputStage)
    i.UART_SetConfig                         0x0800316c   Section        0  stm32f1xx_hal_uart.o(i.UART_SetConfig)
    UART_SetConfig                           0x0800316d   Thumb Code   364  stm32f1xx_hal_uart.o(i.UART_SetConfig)
    i.UART_WaitOnFlagUntilTimeout            0x080032dc   Section        0  stm32f1xx_hal_uart.o(i.UART_WaitOnFlagUntilTimeout)
    UART_WaitOnFlagUntilTimeout              0x080032dd   Thumb Code   100  stm32f1xx_hal_uart.o(i.UART_WaitOnFlagUntilTimeout)
    i.UsageFault_Handler                     0x08003340   Section        0  stm32f1xx_it.o(i.UsageFault_Handler)
    i._Error_Handler                         0x08003342   Section        0  main.o(i._Error_Handler)
    i.__0sprintf$bare                        0x08003344   Section        0  printfb.o(i.__0sprintf$bare)
    i.__ARM_fpclassify                       0x08003368   Section        0  fpclassify.o(i.__ARM_fpclassify)
    i.__free$realloc                         0x08003390   Section        0  mallocr.o(i.__free$realloc)
    i.__kernel_poly                          0x080033ec   Section        0  poly.o(i.__kernel_poly)
    i.__malloc$realloc                       0x08003498   Section        0  mallocr.o(i.__malloc$realloc)
    i.__mathlib_dbl_infnan                   0x080034e8   Section        0  dunder.o(i.__mathlib_dbl_infnan)
    i.__mathlib_dbl_infnan2                  0x080034ee   Section        0  dunder.o(i.__mathlib_dbl_infnan2)
    i.__mathlib_dbl_underflow                0x080034f4   Section        0  dunder.o(i.__mathlib_dbl_underflow)
    i.__scatterload_copy                     0x08003504   Section       14  handlers.o(i.__scatterload_copy)
    i.__scatterload_null                     0x08003512   Section        2  handlers.o(i.__scatterload_null)
    i.__scatterload_zeroinit                 0x08003514   Section       14  handlers.o(i.__scatterload_zeroinit)
    i.__set_errno                            0x08003524   Section        0  errno.o(i.__set_errno)
    i._printf_core                           0x08003530   Section        0  printfb.o(i._printf_core)
    _printf_core                             0x08003531   Thumb Code    34  printfb.o(i._printf_core)
    i._sputc                                 0x08003552   Section        0  printfb.o(i._sputc)
    _sputc                                   0x08003553   Thumb Code    10  printfb.o(i._sputc)
    i.atan                                   0x0800355c   Section        0  atan.o(i.atan)
    i.atan2                                  0x0800377c   Section        0  atan2.o(i.atan2)
    i.check_status                           0x080038fc   Section        0  main.o(i.check_status)
    i.disabel_check                          0x08003944   Section        0  main.o(i.disabel_check)
    i.enabelcheck                            0x08003958   Section        0  main.o(i.enabelcheck)
    i.internal_alloc                         0x0800396c   Section        0  mallocr.o(i.internal_alloc)
    internal_alloc                           0x0800396d   Thumb Code    76  mallocr.o(i.internal_alloc)
    i.main                                   0x080039bc   Section        0  main.o(i.main)
    i.realloc                                0x08003f44   Section        0  mallocr.o(i.realloc)
    i.reset_status                           0x08003fb0   Section        0  main.o(i.reset_status)
    i.sqrt                                   0x08003fd0   Section        0  sqrt.o(i.sqrt)
    i.time_disabel                           0x0800401c   Section        0  main.o(i.time_disabel)
    i.timer_enabel                           0x08004044   Section        0  main.o(i.timer_enabel)
    .constdata                               0x0800405a   Section     2168  mpu6050_dmp_6axis_motionapps20.o(.constdata)
    .constdata                               0x080048d2   Section       16  system_stm32f1xx.o(.constdata)
    .constdata                               0x080048e2   Section        8  system_stm32f1xx.o(.constdata)
    .constdata                               0x080048f0   Section      152  atan.o(.constdata)
    atanhi                                   0x080048f0   Data          32  atan.o(.constdata)
    atanlo                                   0x08004910   Data          32  atan.o(.constdata)
    aTodd                                    0x08004930   Data          40  atan.o(.constdata)
    aTeven                                   0x08004958   Data          48  atan.o(.constdata)
    .constdata                               0x08004988   Section        8  qnan.o(.constdata)
    .data                                    0x20000000   Section        6  mpu6050.o(.data)
    .data                                    0x20000008   Section        8  mpu6050_dmp_6axis_motionapps20.o(.data)
    .data                                    0x20000010   Section      104  main.o(.data)
    .data                                    0x20000078   Section       12  stm32f1xx_hal.o(.data)
    .data                                    0x20000084   Section        4  system_stm32f1xx.o(.data)
    .data                                    0x20000088   Section        4  mvars.o(.data)
    .data                                    0x2000008c   Section        4  mvars.o(.data)
    .data                                    0x20000090   Section        4  errno.o(.data)
    _errno                                   0x20000090   Data           4  errno.o(.data)
    .bss                                     0x20000094   Section       84  mpu6050.o(.bss)
    .bss                                     0x200000e8   Section       15  mpu6050_dmp.o(.bss)
    .bss                                     0x200000f8   Section      426  main.o(.bss)
    HEAP                                     0x200002a8   Section      512  startup_stm32f103xb.o(HEAP)
    STACK                                    0x200004a8   Section     1024  startup_stm32f103xb.o(STACK)

    Global Symbols

    Symbol Name                              Value     Ov Type        Size  Object(Section)

    BuildAttributes$$THM_ISAv4$P$D$K$B$S$PE$A:L22UL41UL21$X:L11$S22US41US21$IEEE1$IW$USESV6$~STKCKD$USESV7$~SHL$OTIME$ROPI$IEEEX$EBA8$MICROLIB$REQ8$PRES8$EABIv2 0x00000000   Number         0  anon$$obj.o ABSOLUTE
    __ARM_use_no_argv                        0x00000000   Number         0  main.o ABSOLUTE
    __cpp_initialize__aeabi_                  - Undefined Weak Reference
    __cxa_finalize                            - Undefined Weak Reference
    __decompress                              - Undefined Weak Reference
    _clock_init                               - Undefined Weak Reference
    _microlib_exit                            - Undefined Weak Reference
    __Vectors_Size                           0x000000ec   Number         0  startup_stm32f103xb.o ABSOLUTE
    __Vectors                                0x08000000   Data           4  startup_stm32f103xb.o(RESET)
    __Vectors_End                            0x080000ec   Data           0  startup_stm32f103xb.o(RESET)
    __main                                   0x080000ed   Thumb Code     0  entry.o(.ARM.Collect$$$$00000000)
    _main_stk                                0x080000ed   Thumb Code     0  entry2.o(.ARM.Collect$$$$00000001)
    _main_scatterload                        0x080000f1   Thumb Code     0  entry5.o(.ARM.Collect$$$$00000004)
    __main_after_scatterload                 0x080000f5   Thumb Code     0  entry5.o(.ARM.Collect$$$$00000004)
    _main_clock                              0x080000f5   Thumb Code     0  entry7b.o(.ARM.Collect$$$$00000008)
    _main_cpp_init                           0x080000f5   Thumb Code     0  entry8b.o(.ARM.Collect$$$$0000000A)
    _main_init                               0x080000f5   Thumb Code     0  entry9a.o(.ARM.Collect$$$$0000000B)
    __rt_final_cpp                           0x080000fd   Thumb Code     0  entry10a.o(.ARM.Collect$$$$0000000D)
    __rt_final_exit                          0x080000fd   Thumb Code     0  entry11a.o(.ARM.Collect$$$$0000000F)
    Reset_Handler                            0x08000101   Thumb Code     8  startup_stm32f103xb.o(.text)
    ADC1_2_IRQHandler                        0x0800011b   Thumb Code     0  startup_stm32f103xb.o(.text)
    CAN1_RX1_IRQHandler                      0x0800011b   Thumb Code     0  startup_stm32f103xb.o(.text)
    CAN1_SCE_IRQHandler                      0x0800011b   Thumb Code     0  startup_stm32f103xb.o(.text)
    DMA1_Channel1_IRQHandler                 0x0800011b   Thumb Code     0  startup_stm32f103xb.o(.text)
    DMA1_Channel2_IRQHandler                 0x0800011b   Thumb Code     0  startup_stm32f103xb.o(.text)
    DMA1_Channel3_IRQHandler                 0x0800011b   Thumb Code     0  startup_stm32f103xb.o(.text)
    DMA1_Channel4_IRQHandler                 0x0800011b   Thumb Code     0  startup_stm32f103xb.o(.text)
    DMA1_Channel5_IRQHandler                 0x0800011b   Thumb Code     0  startup_stm32f103xb.o(.text)
    DMA1_Channel6_IRQHandler                 0x0800011b   Thumb Code     0  startup_stm32f103xb.o(.text)
    DMA1_Channel7_IRQHandler                 0x0800011b   Thumb Code     0  startup_stm32f103xb.o(.text)
    EXTI0_IRQHandler                         0x0800011b   Thumb Code     0  startup_stm32f103xb.o(.text)
    EXTI15_10_IRQHandler                     0x0800011b   Thumb Code     0  startup_stm32f103xb.o(.text)
    EXTI1_IRQHandler                         0x0800011b   Thumb Code     0  startup_stm32f103xb.o(.text)
    EXTI3_IRQHandler                         0x0800011b   Thumb Code     0  startup_stm32f103xb.o(.text)
    EXTI4_IRQHandler                         0x0800011b   Thumb Code     0  startup_stm32f103xb.o(.text)
    EXTI9_5_IRQHandler                       0x0800011b   Thumb Code     0  startup_stm32f103xb.o(.text)
    FLASH_IRQHandler                         0x0800011b   Thumb Code     0  startup_stm32f103xb.o(.text)
    I2C1_ER_IRQHandler                       0x0800011b   Thumb Code     0  startup_stm32f103xb.o(.text)
    I2C1_EV_IRQHandler                       0x0800011b   Thumb Code     0  startup_stm32f103xb.o(.text)
    I2C2_ER_IRQHandler                       0x0800011b   Thumb Code     0  startup_stm32f103xb.o(.text)
    I2C2_EV_IRQHandler                       0x0800011b   Thumb Code     0  startup_stm32f103xb.o(.text)
    PVD_IRQHandler                           0x0800011b   Thumb Code     0  startup_stm32f103xb.o(.text)
    RCC_IRQHandler                           0x0800011b   Thumb Code     0  startup_stm32f103xb.o(.text)
    RTC_Alarm_IRQHandler                     0x0800011b   Thumb Code     0  startup_stm32f103xb.o(.text)
    RTC_IRQHandler                           0x0800011b   Thumb Code     0  startup_stm32f103xb.o(.text)
    SPI1_IRQHandler                          0x0800011b   Thumb Code     0  startup_stm32f103xb.o(.text)
    SPI2_IRQHandler                          0x0800011b   Thumb Code     0  startup_stm32f103xb.o(.text)
    TAMPER_IRQHandler                        0x0800011b   Thumb Code     0  startup_stm32f103xb.o(.text)
    TIM1_BRK_IRQHandler                      0x0800011b   Thumb Code     0  startup_stm32f103xb.o(.text)
    TIM1_CC_IRQHandler                       0x0800011b   Thumb Code     0  startup_stm32f103xb.o(.text)
    TIM1_TRG_COM_IRQHandler                  0x0800011b   Thumb Code     0  startup_stm32f103xb.o(.text)
    TIM1_UP_IRQHandler                       0x0800011b   Thumb Code     0  startup_stm32f103xb.o(.text)
    TIM3_IRQHandler                          0x0800011b   Thumb Code     0  startup_stm32f103xb.o(.text)
    TIM4_IRQHandler                          0x0800011b   Thumb Code     0  startup_stm32f103xb.o(.text)
    USART1_IRQHandler                        0x0800011b   Thumb Code     0  startup_stm32f103xb.o(.text)
    USART2_IRQHandler                        0x0800011b   Thumb Code     0  startup_stm32f103xb.o(.text)
    USART3_IRQHandler                        0x0800011b   Thumb Code     0  startup_stm32f103xb.o(.text)
    USBWakeUp_IRQHandler                     0x0800011b   Thumb Code     0  startup_stm32f103xb.o(.text)
    USB_HP_CAN1_TX_IRQHandler                0x0800011b   Thumb Code     0  startup_stm32f103xb.o(.text)
    USB_LP_CAN1_RX0_IRQHandler               0x0800011b   Thumb Code     0  startup_stm32f103xb.o(.text)
    WWDG_IRQHandler                          0x0800011b   Thumb Code     0  startup_stm32f103xb.o(.text)
    __aeabi_llsr                             0x08000125   Thumb Code    32  llushr.o(.text)
    _ll_ushift_r                             0x08000125   Thumb Code     0  llushr.o(.text)
    strlen                                   0x08000145   Thumb Code    14  strlen.o(.text)
    __aeabi_fadd                             0x08000153   Thumb Code   164  fadd.o(.text)
    __aeabi_fsub                             0x080001f7   Thumb Code     6  fadd.o(.text)
    __aeabi_frsub                            0x080001fd   Thumb Code     6  fadd.o(.text)
    __aeabi_fmul                             0x08000203   Thumb Code   100  fmul.o(.text)
    __ARM_scalbnf                            0x08000267   Thumb Code    24  fscalb.o(.text)
    scalbnf                                  0x08000267   Thumb Code     0  fscalb.o(.text)
    __aeabi_dadd                             0x0800027f   Thumb Code   322  dadd.o(.text)
    __aeabi_dsub                             0x080003c1   Thumb Code     6  dadd.o(.text)
    __aeabi_drsub                            0x080003c7   Thumb Code     6  dadd.o(.text)
    __aeabi_dmul                             0x080003cd   Thumb Code   228  dmul.o(.text)
    __aeabi_ddiv                             0x080004b1   Thumb Code   222  ddiv.o(.text)
    __aeabi_i2f                              0x0800058f   Thumb Code    18  fflti.o(.text)
    __aeabi_i2d                              0x080005a1   Thumb Code    34  dflti.o(.text)
    __aeabi_ui2d                             0x080005c3   Thumb Code    26  dfltui.o(.text)
    __aeabi_f2d                              0x080005dd   Thumb Code    38  f2d.o(.text)
    __aeabi_cdcmpeq                          0x08000605   Thumb Code     0  cdcmple.o(.text)
    __aeabi_cdcmple                          0x08000605   Thumb Code    48  cdcmple.o(.text)
    __aeabi_cdrcmple                         0x08000635   Thumb Code    48  cdrcmple.o(.text)
    __aeabi_d2f                              0x08000665   Thumb Code    56  d2f.o(.text)
    __aeabi_llsl                             0x0800069d   Thumb Code    30  llshl.o(.text)
    _ll_shift_l                              0x0800069d   Thumb Code     0  llshl.o(.text)
    __aeabi_lasr                             0x080006bb   Thumb Code    36  llsshr.o(.text)
    _ll_sshift_r                             0x080006bb   Thumb Code     0  llsshr.o(.text)
    __aeabi_memcpy                           0x080006df   Thumb Code    36  memcpya.o(.text)
    __aeabi_memcpy4                          0x080006df   Thumb Code     0  memcpya.o(.text)
    __aeabi_memcpy8                          0x080006df   Thumb Code     0  memcpya.o(.text)
    __I$use$fp                               0x08000703   Thumb Code     0  iusefp.o(.text)
    _float_round                             0x08000703   Thumb Code    18  fepilogue.o(.text)
    _float_epilogue                          0x08000715   Thumb Code    92  fepilogue.o(.text)
    _double_round                            0x08000771   Thumb Code    30  depilogue.o(.text)
    _double_epilogue                         0x0800078f   Thumb Code   156  depilogue.o(.text)
    __ARM_scalbn                             0x0800082b   Thumb Code    46  dscalb.o(.text)
    scalbn                                   0x0800082b   Thumb Code     0  dscalb.o(.text)
    _dsqrt                                   0x08000859   Thumb Code   162  dsqrt.o(.text)
    __scatterload                            0x080008fd   Thumb Code    28  init.o(.text)
    __scatterload_rt2                        0x080008fd   Thumb Code     0  init.o(.text)
    BusFault_Handler                         0x08000921   Thumb Code     2  stm32f1xx_it.o(i.BusFault_Handler)
    DebugMon_Handler                         0x08000923   Thumb Code     2  stm32f1xx_it.o(i.DebugMon_Handler)
    EXTI2_IRQHandler                         0x08000925   Thumb Code     6  stm32f1xx_it.o(i.EXTI2_IRQHandler)
    GPIO_Init_IRQ                            0x0800092d   Thumb Code    96  mpu6050_dmp.o(i.GPIO_Init_IRQ)
    HAL_Delay                                0x08000995   Thumb Code    32  stm32f1xx_hal.o(i.HAL_Delay)
    HAL_GPIO_EXTI_Callback                   0x080009b9   Thumb Code    14  main.o(i.HAL_GPIO_EXTI_Callback)
    HAL_GPIO_EXTI_IRQHandler                 0x080009cd   Thumb Code    18  stm32f1xx_hal_gpio.o(i.HAL_GPIO_EXTI_IRQHandler)
    HAL_GPIO_Init                            0x080009e5   Thumb Code   408  stm32f1xx_hal_gpio.o(i.HAL_GPIO_Init)
    HAL_GPIO_WritePin                        0x08000ba1   Thumb Code    10  stm32f1xx_hal_gpio.o(i.HAL_GPIO_WritePin)
    HAL_GetTick                              0x08000bad   Thumb Code     6  stm32f1xx_hal.o(i.HAL_GetTick)
    HAL_I2C_Init                             0x08000bb9   Thumb Code   302  stm32f1xx_hal_i2c.o(i.HAL_I2C_Init)
    HAL_I2C_Mem_Read                         0x08000cf9   Thumb Code   530  stm32f1xx_hal_i2c.o(i.HAL_I2C_Mem_Read)
    HAL_I2C_Mem_Write                        0x08000f19   Thumb Code   306  stm32f1xx_hal_i2c.o(i.HAL_I2C_Mem_Write)
    HAL_I2C_MspInit                          0x08001055   Thumb Code    54  stm32f1xx_hal_msp.o(i.HAL_I2C_MspInit)
    HAL_IncTick                              0x08001099   Thumb Code    12  stm32f1xx_hal.o(i.HAL_IncTick)
    HAL_Init                                 0x080010a9   Thumb Code    32  stm32f1xx_hal.o(i.HAL_Init)
    HAL_InitTick                             0x080010cd   Thumb Code    54  stm32f1xx_hal.o(i.HAL_InitTick)
    HAL_MspInit                              0x0800110d   Thumb Code   118  stm32f1xx_hal_msp.o(i.HAL_MspInit)
    HAL_NVIC_EnableIRQ                       0x0800118d   Thumb Code    22  stm32f1xx_hal_cortex.o(i.HAL_NVIC_EnableIRQ)
    HAL_NVIC_SetPriority                     0x080011a5   Thumb Code    60  stm32f1xx_hal_cortex.o(i.HAL_NVIC_SetPriority)
    HAL_NVIC_SetPriorityGrouping             0x080011e5   Thumb Code    26  stm32f1xx_hal_cortex.o(i.HAL_NVIC_SetPriorityGrouping)
    HAL_RCC_ClockConfig                      0x08001209   Thumb Code   322  stm32f1xx_hal_rcc.o(i.HAL_RCC_ClockConfig)
    HAL_RCC_GetHCLKFreq                      0x0800135d   Thumb Code     6  stm32f1xx_hal_rcc.o(i.HAL_RCC_GetHCLKFreq)
    HAL_RCC_GetPCLK1Freq                     0x08001369   Thumb Code    20  stm32f1xx_hal_rcc.o(i.HAL_RCC_GetPCLK1Freq)
    HAL_RCC_GetPCLK2Freq                     0x08001389   Thumb Code    20  stm32f1xx_hal_rcc.o(i.HAL_RCC_GetPCLK2Freq)
    HAL_RCC_GetSysClockFreq                  0x080013a9   Thumb Code    80  stm32f1xx_hal_rcc.o(i.HAL_RCC_GetSysClockFreq)
    HAL_RCC_OscConfig                        0x0800141d   Thumb Code   750  stm32f1xx_hal_rcc.o(i.HAL_RCC_OscConfig)
    HAL_SYSTICK_CLKSourceConfig              0x08001721   Thumb Code    24  stm32f1xx_hal_cortex.o(i.HAL_SYSTICK_CLKSourceConfig)
    HAL_SYSTICK_Callback                     0x08001739   Thumb Code     2  stm32f1xx_hal_cortex.o(i.HAL_SYSTICK_Callback)
    HAL_SYSTICK_Config                       0x0800173b   Thumb Code    40  stm32f1xx_hal_cortex.o(i.HAL_SYSTICK_Config)
    HAL_SYSTICK_IRQHandler                   0x08001763   Thumb Code     8  stm32f1xx_hal_cortex.o(i.HAL_SYSTICK_IRQHandler)
    HAL_TIMEx_BreakCallback                  0x0800176b   Thumb Code     2  stm32f1xx_hal_tim_ex.o(i.HAL_TIMEx_BreakCallback)
    HAL_TIMEx_CommutationCallback            0x0800176d   Thumb Code     2  stm32f1xx_hal_tim_ex.o(i.HAL_TIMEx_CommutationCallback)
    HAL_TIMEx_MasterConfigSynchronization    0x0800176f   Thumb Code    80  stm32f1xx_hal_tim_ex.o(i.HAL_TIMEx_MasterConfigSynchronization)
    HAL_TIM_Base_Init                        0x080017bf   Thumb Code    54  stm32f1xx_hal_tim.o(i.HAL_TIM_Base_Init)
    HAL_TIM_Base_MspInit                     0x080017f5   Thumb Code    50  stm32f1xx_hal_msp.o(i.HAL_TIM_Base_MspInit)
    HAL_TIM_ConfigClockSource                0x0800182d   Thumb Code   242  stm32f1xx_hal_tim.o(i.HAL_TIM_ConfigClockSource)
    HAL_TIM_IC_CaptureCallback               0x0800191f   Thumb Code     2  stm32f1xx_hal_tim.o(i.HAL_TIM_IC_CaptureCallback)
    HAL_TIM_IRQHandler                       0x08001921   Thumb Code   358  stm32f1xx_hal_tim.o(i.HAL_TIM_IRQHandler)
    HAL_TIM_OC_DelayElapsedCallback          0x08001a87   Thumb Code     2  stm32f1xx_hal_tim.o(i.HAL_TIM_OC_DelayElapsedCallback)
    HAL_TIM_PWM_PulseFinishedCallback        0x08001a89   Thumb Code     2  stm32f1xx_hal_tim.o(i.HAL_TIM_PWM_PulseFinishedCallback)
    HAL_TIM_PeriodElapsedCallback            0x08001a8d   Thumb Code   124  main.o(i.HAL_TIM_PeriodElapsedCallback)
    HAL_TIM_TriggerCallback                  0x08001b75   Thumb Code     2  stm32f1xx_hal_tim.o(i.HAL_TIM_TriggerCallback)
    HAL_UART_Init                            0x08001b77   Thumb Code    98  stm32f1xx_hal_uart.o(i.HAL_UART_Init)
    HAL_UART_MspInit                         0x08001bd9   Thumb Code    76  stm32f1xx_hal_msp.o(i.HAL_UART_MspInit)
    HAL_UART_Transmit                        0x08001c31   Thumb Code   186  stm32f1xx_hal_uart.o(i.HAL_UART_Transmit)
    HardFault_Handler                        0x08001ceb   Thumb Code     2  stm32f1xx_it.o(i.HardFault_Handler)
    I2Cdev_readBits                          0x0800208d   Thumb Code    48  mpu6050_dmp.o(i.I2Cdev_readBits)
    I2Cdev_readByte                          0x080020bd   Thumb Code     8  mpu6050_dmp.o(i.I2Cdev_readByte)
    I2Cdev_readBytes                         0x080020c5   Thumb Code    32  mpu6050_dmp.o(i.I2Cdev_readBytes)
    I2Cdev_writeBit                          0x080020e9   Thumb Code    56  mpu6050_dmp.o(i.I2Cdev_writeBit)
    I2Cdev_writeBits                         0x08002121   Thumb Code    68  mpu6050_dmp.o(i.I2Cdev_writeBits)
    I2Cdev_writeByte                         0x08002165   Thumb Code    12  mpu6050_dmp.o(i.I2Cdev_writeByte)
    I2Cdev_writeBytes                        0x08002171   Thumb Code    32  mpu6050_dmp.o(i.I2Cdev_writeBytes)
    I2Cdev_writeWord                         0x08002195   Thumb Code    22  mpu6050_dmp.o(i.I2Cdev_writeWord)
    MPU6050_GetRawAccelTempGyro              0x080021ad   Thumb Code    80  mpu6050.o(i.MPU6050_GetRawAccelTempGyro)
    MPU6050_I2C_BufferRead                   0x08002201   Thumb Code    22  mpu6050.o(i.MPU6050_I2C_BufferRead)
    MPU6050_I2C_ByteWrite                    0x0800221d   Thumb Code    30  mpu6050.o(i.MPU6050_I2C_ByteWrite)
    MPU6050_I2C_Init                         0x08002241   Thumb Code    54  mpu6050.o(i.MPU6050_I2C_Init)
    MPU6050_Initialize                       0x0800229d   Thumb Code    90  mpu6050.o(i.MPU6050_Initialize)
    MPU6050_SetFullScaleAccelRange           0x080022fd   Thumb Code    20  mpu6050.o(i.MPU6050_SetFullScaleAccelRange)
    MPU6050_SetFullScaleGyroRange            0x08002315   Thumb Code    20  mpu6050.o(i.MPU6050_SetFullScaleGyroRange)
    MPU6050_WriteBits                        0x0800232d   Thumb Code    68  mpu6050.o(i.MPU6050_WriteBits)
    MPU6050_convert                          0x08002371   Thumb Code   200  mpu6050.o(i.MPU6050_convert)
    MPU6050_dmpGetFIFOPacketSize             0x08002455   Thumb Code     6  mpu6050_dmp_6axis_motionapps20.o(i.MPU6050_dmpGetFIFOPacketSize)
    MPU6050_dmpGetGravity                    0x08002461   Thumb Code   136  mpu6050_dmp_6axis_motionapps20.o(i.MPU6050_dmpGetGravity)
    MPU6050_dmpGetQuaternion                 0x080024e9   Thumb Code    86  mpu6050_dmp_6axis_motionapps20.o(i.MPU6050_dmpGetQuaternion)
    MPU6050_dmpGetQuaternion_int16           0x08002541   Thumb Code    34  mpu6050_dmp_6axis_motionapps20.o(i.MPU6050_dmpGetQuaternion_int16)
    MPU6050_dmpGetYawPitchRoll               0x08002569   Thumb Code   238  mpu6050_dmp_6axis_motionapps20.o(i.MPU6050_dmpGetYawPitchRoll)
    MPU6050_dmpInitialize                    0x08002659   Thumb Code   726  mpu6050_dmp_6axis_motionapps20.o(i.MPU6050_dmpInitialize)
    MPU6050_getFIFOBytes                     0x0800293d   Thumb Code    14  mpu6050_dmp.o(i.MPU6050_getFIFOBytes)
    MPU6050_getFIFOCount                     0x08002951   Thumb Code    24  mpu6050_dmp.o(i.MPU6050_getFIFOCount)
    MPU6050_getIntStatus                     0x0800296d   Thumb Code    18  mpu6050_dmp.o(i.MPU6050_getIntStatus)
    MPU6050_getXGyroOffsetTC                 0x08002985   Thumb Code    26  mpu6050_dmp.o(i.MPU6050_getXGyroOffsetTC)
    MPU6050_getYGyroOffsetTC                 0x080029a5   Thumb Code    26  mpu6050_dmp.o(i.MPU6050_getYGyroOffsetTC)
    MPU6050_getZGyroOffsetTC                 0x080029c5   Thumb Code    26  mpu6050_dmp.o(i.MPU6050_getZGyroOffsetTC)
    MPU6050_initialize                       0x080029e5   Thumb Code    30  mpu6050_dmp.o(i.MPU6050_initialize)
    MPU6050_readMemoryBlock                  0x08002a05   Thumb Code   118  mpu6050_dmp.o(i.MPU6050_readMemoryBlock)
    MPU6050_reset                            0x08002a81   Thumb Code    14  mpu6050_dmp.o(i.MPU6050_reset)
    MPU6050_resetDMP                         0x08002a95   Thumb Code    14  mpu6050_dmp.o(i.MPU6050_resetDMP)
    MPU6050_resetFIFO                        0x08002aa9   Thumb Code    14  mpu6050_dmp.o(i.MPU6050_resetFIFO)
    MPU6050_resetI2CMaster                   0x08002abd   Thumb Code    14  mpu6050_dmp.o(i.MPU6050_resetI2CMaster)
    MPU6050_setClockSource                   0x08002ad1   Thumb Code    20  mpu6050_dmp.o(i.MPU6050_setClockSource)
    MPU6050_setDLPFMode                      0x08002ae9   Thumb Code    20  mpu6050_dmp.o(i.MPU6050_setDLPFMode)
    MPU6050_setDMPConfig1                    0x08002b01   Thumb Code    12  mpu6050_dmp.o(i.MPU6050_setDMPConfig1)
    MPU6050_setDMPConfig2                    0x08002b11   Thumb Code    12  mpu6050_dmp.o(i.MPU6050_setDMPConfig2)
    MPU6050_setDMPEnabled                    0x08002b21   Thumb Code    14  mpu6050_dmp.o(i.MPU6050_setDMPEnabled)
    MPU6050_setExternalFrameSync             0x08002b35   Thumb Code    20  mpu6050_dmp.o(i.MPU6050_setExternalFrameSync)
    MPU6050_setFIFOEnabled                   0x08002b4d   Thumb Code    14  mpu6050_dmp.o(i.MPU6050_setFIFOEnabled)
    MPU6050_setFullScaleAccelRange           0x08002b61   Thumb Code    20  mpu6050_dmp.o(i.MPU6050_setFullScaleAccelRange)
    MPU6050_setFullScaleGyroRange            0x08002b79   Thumb Code    20  mpu6050_dmp.o(i.MPU6050_setFullScaleGyroRange)
    MPU6050_setI2CMasterModeEnabled          0x08002b91   Thumb Code    14  mpu6050_dmp.o(i.MPU6050_setI2CMasterModeEnabled)
    MPU6050_setIntEnabled                    0x08002ba5   Thumb Code    12  mpu6050_dmp.o(i.MPU6050_setIntEnabled)
    MPU6050_setMemoryBank                    0x08002bb5   Thumb Code    28  mpu6050_dmp.o(i.MPU6050_setMemoryBank)
    MPU6050_setMemoryStartAddress            0x08002bd5   Thumb Code    12  mpu6050_dmp.o(i.MPU6050_setMemoryStartAddress)
    MPU6050_setMotionDetectionDuration       0x08002be5   Thumb Code    12  mpu6050_dmp.o(i.MPU6050_setMotionDetectionDuration)
    MPU6050_setMotionDetectionThreshold      0x08002bf5   Thumb Code    12  mpu6050_dmp.o(i.MPU6050_setMotionDetectionThreshold)
    MPU6050_setOTPBankValid                  0x08002c05   Thumb Code    14  mpu6050_dmp.o(i.MPU6050_setOTPBankValid)
    MPU6050_setRate                          0x08002c19   Thumb Code    12  mpu6050_dmp.o(i.MPU6050_setRate)
    MPU6050_setSlaveAddress                  0x08002c29   Thumb Code    26  mpu6050_dmp.o(i.MPU6050_setSlaveAddress)
    MPU6050_setSleepEnabled_dmp              0x08002c49   Thumb Code    14  mpu6050_dmp.o(i.MPU6050_setSleepEnabled_dmp)
    MPU6050_setXGyroOffset                   0x08002c5d   Thumb Code    12  mpu6050_dmp.o(i.MPU6050_setXGyroOffset)
    MPU6050_setXGyroOffsetTC                 0x08002c6d   Thumb Code    22  mpu6050_dmp.o(i.MPU6050_setXGyroOffsetTC)
    MPU6050_setYGyroOffset                   0x08002c89   Thumb Code    12  mpu6050_dmp.o(i.MPU6050_setYGyroOffset)
    MPU6050_setYGyroOffsetTC                 0x08002c99   Thumb Code    22  mpu6050_dmp.o(i.MPU6050_setYGyroOffsetTC)
    MPU6050_setZAccelOffset                  0x08002cb5   Thumb Code    12  mpu6050_dmp.o(i.MPU6050_setZAccelOffset)
    MPU6050_setZGyroOffset                   0x08002cc5   Thumb Code    12  mpu6050_dmp.o(i.MPU6050_setZGyroOffset)
    MPU6050_setZGyroOffsetTC                 0x08002cd5   Thumb Code    22  mpu6050_dmp.o(i.MPU6050_setZGyroOffsetTC)
    MPU6050_setZeroMotionDetectionDuration   0x08002cf1   Thumb Code    12  mpu6050_dmp.o(i.MPU6050_setZeroMotionDetectionDuration)
    MPU6050_setZeroMotionDetectionThreshold  0x08002d01   Thumb Code    12  mpu6050_dmp.o(i.MPU6050_setZeroMotionDetectionThreshold)
    MPU6050_writeDMPConfigurationSet         0x08002d11   Thumb Code   178  mpu6050_dmp.o(i.MPU6050_writeDMPConfigurationSet)
    MPU6050_writeMemoryBlock                 0x08002dc9   Thumb Code   254  mpu6050_dmp.o(i.MPU6050_writeMemoryBlock)
    MPU6050_writeProgDMPConfigurationSet     0x08002ecd   Thumb Code     6  mpu6050_dmp.o(i.MPU6050_writeProgDMPConfigurationSet)
    MPU6050_writeProgMemoryBlock             0x08002ed3   Thumb Code    16  mpu6050_dmp.o(i.MPU6050_writeProgMemoryBlock)
    MPU6050address                           0x08002ee5   Thumb Code     6  mpu6050_dmp.o(i.MPU6050address)
    MemManage_Handler                        0x08002fa5   Thumb Code     2  stm32f1xx_it.o(i.MemManage_Handler)
    NMI_Handler                              0x08002fa7   Thumb Code     2  stm32f1xx_it.o(i.NMI_Handler)
    PendSV_Handler                           0x08002fc9   Thumb Code     2  stm32f1xx_it.o(i.PendSV_Handler)
    SVC_Handler                              0x08002fcb   Thumb Code     2  stm32f1xx_it.o(i.SVC_Handler)
    SysTick_Handler                          0x08002fcd   Thumb Code    14  stm32f1xx_it.o(i.SysTick_Handler)
    SystemClock_Config                       0x08002fdb   Thumb Code   102  main.o(i.SystemClock_Config)
    SystemInit                               0x08003041   Thumb Code    56  system_stm32f1xx.o(i.SystemInit)
    TIM2_IRQHandler                          0x08003089   Thumb Code     6  stm32f1xx_it.o(i.TIM2_IRQHandler)
    TIM_Base_SetConfig                       0x08003095   Thumb Code    94  stm32f1xx_hal_tim.o(i.TIM_Base_SetConfig)
    UsageFault_Handler                       0x08003341   Thumb Code     2  stm32f1xx_it.o(i.UsageFault_Handler)
    _Error_Handler                           0x08003343   Thumb Code     2  main.o(i._Error_Handler)
    __0sprintf$bare                          0x08003345   Thumb Code    32  printfb.o(i.__0sprintf$bare)
    __1sprintf$bare                          0x08003345   Thumb Code     0  printfb.o(i.__0sprintf$bare)
    __2sprintf                               0x08003345   Thumb Code     0  printfb.o(i.__0sprintf$bare)
    __ARM_fpclassify                         0x08003369   Thumb Code    40  fpclassify.o(i.__ARM_fpclassify)
    free                                     0x08003391   Thumb Code    88  mallocr.o(i.__free$realloc)
    __kernel_poly                            0x080033ed   Thumb Code   170  poly.o(i.__kernel_poly)
    malloc                                   0x08003499   Thumb Code    64  mallocr.o(i.__malloc$realloc)
    __mathlib_dbl_infnan                     0x080034e9   Thumb Code     6  dunder.o(i.__mathlib_dbl_infnan)
    __mathlib_dbl_infnan2                    0x080034ef   Thumb Code     4  dunder.o(i.__mathlib_dbl_infnan2)
    __mathlib_dbl_underflow                  0x080034f5   Thumb Code    10  dunder.o(i.__mathlib_dbl_underflow)
    __scatterload_copy                       0x08003505   Thumb Code    14  handlers.o(i.__scatterload_copy)
    __scatterload_null                       0x08003513   Thumb Code     2  handlers.o(i.__scatterload_null)
    __scatterload_zeroinit                   0x08003515   Thumb Code    14  handlers.o(i.__scatterload_zeroinit)
    __set_errno                              0x08003525   Thumb Code     6  errno.o(i.__set_errno)
    atan                                     0x0800355d   Thumb Code   474  atan.o(i.atan)
    atan2                                    0x0800377d   Thumb Code   346  atan2.o(i.atan2)
    check_status                             0x080038fd   Thumb Code    68  main.o(i.check_status)
    disabel_check                            0x08003945   Thumb Code    12  main.o(i.disabel_check)
    enabelcheck                              0x08003959   Thumb Code    12  main.o(i.enabelcheck)
    main                                     0x080039bd   Thumb Code  1388  main.o(i.main)
    realloc                                  0x08003f45   Thumb Code   102  mallocr.o(i.realloc)
    reset_status                             0x08003fb1   Thumb Code    28  main.o(i.reset_status)
    sqrt                                     0x08003fd1   Thumb Code    76  sqrt.o(i.sqrt)
    time_disabel                             0x0800401d   Thumb Code    40  main.o(i.time_disabel)
    timer_enabel                             0x08004045   Thumb Code    22  main.o(i.timer_enabel)
    dmpMemory                                0x0800405a   Data        1929  mpu6050_dmp_6axis_motionapps20.o(.constdata)
    dmpConfig                                0x080047e3   Data         192  mpu6050_dmp_6axis_motionapps20.o(.constdata)
    dmpUpdates                               0x080048a3   Data          47  mpu6050_dmp_6axis_motionapps20.o(.constdata)
    AHBPrescTable                            0x080048d2   Data          16  system_stm32f1xx.o(.constdata)
    APBPrescTable                            0x080048e2   Data           8  system_stm32f1xx.o(.constdata)
    __mathlib_zero                           0x08004988   Data           8  qnan.o(.constdata)
    Region$$Table$$Base                      0x08004990   Number         0  anon$$obj.o(Region$$Table)
    Region$$Table$$Limit                     0x080049b0   Number         0  anon$$obj.o(Region$$Table)
    Init_MPU6050                             0x20000000   Data           6  mpu6050.o(.data)
    dmpPacketSize                            0x20000008   Data           2  mpu6050_dmp_6axis_motionapps20.o(.data)
    dmpPacketBuffer                          0x2000000c   Data           4  mpu6050_dmp_6axis_motionapps20.o(.data)
    Debug_app                                0x20000010   Data           1  main.o(.data)
    intimecheck                              0x20000011   Data           1  main.o(.data)
    time_count                               0x20000012   Data           1  main.o(.data)
    Loai_nga                                 0x20000013   Data           1  main.o(.data)
    a_status                                 0x20000014   Data           1  main.o(.data)
    ax_status                                0x20000015   Data           1  main.o(.data)
    ay_status                                0x20000016   Data           1  main.o(.data)
    az_status                                0x20000017   Data           1  main.o(.data)
    gx_status                                0x20000018   Data           1  main.o(.data)
    gy_status                                0x20000019   Data           1  main.o(.data)
    gz_status                                0x2000001a   Data           1  main.o(.data)
    roll_x_status                            0x2000001b   Data           1  main.o(.data)
    pitch_y_status                           0x2000001c   Data           1  main.o(.data)
    yaw_z_status                             0x2000001d   Data           1  main.o(.data)
    dmpReady                                 0x2000001e   Data           1  main.o(.data)
    Getdata_offset                           0x2000001f   Data           1  main.o(.data)
    mpuInterrupt                             0x20000020   Data           1  main.o(.data)
    k                                        0x20000021   Data           1  main.o(.data)
    dataz                                    0x20000022   Data           1  main.o(.data)
    devStatus                                0x20000023   Data           1  main.o(.data)
    mpuIntStatus                             0x20000024   Data           1  main.o(.data)
    packetSize                               0x20000026   Data           2  main.o(.data)
    fifoCount                                0x20000028   Data           2  main.o(.data)
    read                                     0x2000002c   Data           4  main.o(.data)
    Yaw                                      0x20000030   Data           4  main.o(.data)
    Pitch                                    0x20000034   Data           4  main.o(.data)
    Roll                                     0x20000038   Data           4  main.o(.data)
    A                                        0x20000040   Data           8  main.o(.data)
    Pitch_y                                  0x20000048   Data           8  main.o(.data)
    Roll_x                                   0x20000050   Data           8  main.o(.data)
    ax                                       0x20000058   Data           8  main.o(.data)
    ay                                       0x20000060   Data           8  main.o(.data)
    az                                       0x20000068   Data           8  main.o(.data)
    a                                        0x20000070   Data           8  main.o(.data)
    uwTickFreq                               0x20000078   Data           1  stm32f1xx_hal.o(.data)
    uwTickPrio                               0x2000007c   Data           4  stm32f1xx_hal.o(.data)
    uwTick                                   0x20000080   Data           4  stm32f1xx_hal.o(.data)
    SystemCoreClock                          0x20000084   Data           4  system_stm32f1xx.o(.data)
    __microlib_freelist                      0x20000088   Data           4  mvars.o(.data)
    __microlib_freelist_initialised          0x2000008c   Data           4  mvars.o(.data)
    hi2c1                                    0x20000094   Data          84  mpu6050.o(.bss)
    mpu6050                                  0x200000e8   Data          15  mpu6050_dmp.o(.bss)
    htim2                                    0x200000f8   Data          64  main.o(.bss)
    huart1                                   0x20000138   Data          64  main.o(.bss)
    MPU6050data                              0x20000178   Data          64  main.o(.bss)
    data_offset                              0x200001b8   Data          80  main.o(.bss)
    q                                        0x20000208   Data          16  main.o(.bss)
    gravity                                  0x20000218   Data          12  main.o(.bss)
    ypr                                      0x20000224   Data          12  main.o(.bss)
    fifoBuffer                               0x20000230   Data          64  main.o(.bss)
    buff_char                                0x20000270   Data          50  main.o(.bss)
    __heap_base                              0x200002a8   Data           0  startup_stm32f103xb.o(HEAP)
    __heap_limit                             0x200004a8   Data           0  startup_stm32f103xb.o(HEAP)
    __initial_sp                             0x200008a8   Data           0  startup_stm32f103xb.o(STACK)



==============================================================================

Memory Map of the image

  Image Entry point : 0x080000ed

  Load Region LR_IROM1 (Base: 0x08000000, Size: 0x00004a44, Max: 0x00010000, ABSOLUTE)

    Execution Region ER_IROM1 (Base: 0x08000000, Size: 0x000049b0, Max: 0x00010000, ABSOLUTE)

    Base Addr    Size         Type   Attr      Idx    E Section Name        Object

    0x08000000   0x000000ec   Data   RO            3    RESET               startup_stm32f103xb.o
    0x080000ec   0x00000000   Code   RO         4903  * .ARM.Collect$$$$00000000  mc_w.l(entry.o)
    0x080000ec   0x00000004   Code   RO         5245    .ARM.Collect$$$$00000001  mc_w.l(entry2.o)
    0x080000f0   0x00000004   Code   RO         5248    .ARM.Collect$$$$00000004  mc_w.l(entry5.o)
    0x080000f4   0x00000000   Code   RO         5250    .ARM.Collect$$$$00000008  mc_w.l(entry7b.o)
    0x080000f4   0x00000000   Code   RO         5252    .ARM.Collect$$$$0000000A  mc_w.l(entry8b.o)
    0x080000f4   0x00000008   Code   RO         5253    .ARM.Collect$$$$0000000B  mc_w.l(entry9a.o)
    0x080000fc   0x00000000   Code   RO         5255    .ARM.Collect$$$$0000000D  mc_w.l(entry10a.o)
    0x080000fc   0x00000000   Code   RO         5257    .ARM.Collect$$$$0000000F  mc_w.l(entry11a.o)
    0x080000fc   0x00000004   Code   RO         5246    .ARM.Collect$$$$00002712  mc_w.l(entry2.o)
    0x08000100   0x00000024   Code   RO            4    .text               startup_stm32f103xb.o
    0x08000124   0x00000020   Code   RO         4906    .text               mc_w.l(llushr.o)
    0x08000144   0x0000000e   Code   RO         4908    .text               mc_w.l(strlen.o)
    0x08000152   0x000000b0   Code   RO         5198    .text               mf_w.l(fadd.o)
    0x08000202   0x00000064   Code   RO         5200    .text               mf_w.l(fmul.o)
    0x08000266   0x00000018   Code   RO         5202    .text               mf_w.l(fscalb.o)
    0x0800027e   0x0000014e   Code   RO         5204    .text               mf_w.l(dadd.o)
    0x080003cc   0x000000e4   Code   RO         5206    .text               mf_w.l(dmul.o)
    0x080004b0   0x000000de   Code   RO         5208    .text               mf_w.l(ddiv.o)
    0x0800058e   0x00000012   Code   RO         5210    .text               mf_w.l(fflti.o)
    0x080005a0   0x00000022   Code   RO         5212    .text               mf_w.l(dflti.o)
    0x080005c2   0x0000001a   Code   RO         5214    .text               mf_w.l(dfltui.o)
    0x080005dc   0x00000026   Code   RO         5218    .text               mf_w.l(f2d.o)
    0x08000602   0x00000002   PAD
    0x08000604   0x00000030   Code   RO         5220    .text               mf_w.l(cdcmple.o)
    0x08000634   0x00000030   Code   RO         5222    .text               mf_w.l(cdrcmple.o)
    0x08000664   0x00000038   Code   RO         5224    .text               mf_w.l(d2f.o)
    0x0800069c   0x0000001e   Code   RO         5266    .text               mc_w.l(llshl.o)
    0x080006ba   0x00000024   Code   RO         5268    .text               mc_w.l(llsshr.o)
    0x080006de   0x00000024   Code   RO         5270    .text               mc_w.l(memcpya.o)
    0x08000702   0x00000000   Code   RO         5283    .text               mc_w.l(iusefp.o)
    0x08000702   0x0000006e   Code   RO         5284    .text               mf_w.l(fepilogue.o)
    0x08000770   0x000000ba   Code   RO         5286    .text               mf_w.l(depilogue.o)
    0x0800082a   0x0000002e   Code   RO         5288    .text               mf_w.l(dscalb.o)
    0x08000858   0x000000a2   Code   RO         5290    .text               mf_w.l(dsqrt.o)
    0x080008fa   0x00000002   PAD
    0x080008fc   0x00000024   Code   RO         5294    .text               mc_w.l(init.o)
    0x08000920   0x00000002   Code   RO         2172    i.BusFault_Handler  stm32f1xx_it.o
    0x08000922   0x00000002   Code   RO         2173    i.DebugMon_Handler  stm32f1xx_it.o
    0x08000924   0x00000006   Code   RO         2174    i.EXTI2_IRQHandler  stm32f1xx_it.o
    0x0800092a   0x00000002   PAD
    0x0800092c   0x00000068   Code   RO          256    i.GPIO_Init_IRQ     mpu6050_dmp.o
    0x08000994   0x00000024   Code   RO         3177    i.HAL_Delay         stm32f1xx_hal.o
    0x080009b8   0x00000014   Code   RO         2067    i.HAL_GPIO_EXTI_Callback  main.o
    0x080009cc   0x00000018   Code   RO         3070    i.HAL_GPIO_EXTI_IRQHandler  stm32f1xx_hal_gpio.o
    0x080009e4   0x000001bc   Code   RO         3071    i.HAL_GPIO_Init     stm32f1xx_hal_gpio.o
    0x08000ba0   0x0000000a   Code   RO         3075    i.HAL_GPIO_WritePin  stm32f1xx_hal_gpio.o
    0x08000baa   0x00000002   PAD
    0x08000bac   0x0000000c   Code   RO         3181    i.HAL_GetTick       stm32f1xx_hal.o
    0x08000bb8   0x00000140   Code   RO         2331    i.HAL_I2C_Init      stm32f1xx_hal_i2c.o
    0x08000cf8   0x00000220   Code   RO         2347    i.HAL_I2C_Mem_Read  stm32f1xx_hal_i2c.o
    0x08000f18   0x0000013c   Code   RO         2350    i.HAL_I2C_Mem_Write  stm32f1xx_hal_i2c.o
    0x08001054   0x00000044   Code   RO         2261    i.HAL_I2C_MspInit   stm32f1xx_hal_msp.o
    0x08001098   0x00000010   Code   RO         3185    i.HAL_IncTick       stm32f1xx_hal.o
    0x080010a8   0x00000024   Code   RO         3186    i.HAL_Init          stm32f1xx_hal.o
    0x080010cc   0x00000040   Code   RO         3187    i.HAL_InitTick      stm32f1xx_hal.o
    0x0800110c   0x00000080   Code   RO         2262    i.HAL_MspInit       stm32f1xx_hal_msp.o
    0x0800118c   0x00000016   Code   RO         2953    i.HAL_NVIC_EnableIRQ  stm32f1xx_hal_cortex.o
    0x080011a2   0x00000002   PAD
    0x080011a4   0x00000040   Code   RO         2959    i.HAL_NVIC_SetPriority  stm32f1xx_hal_cortex.o
    0x080011e4   0x00000024   Code   RO         2960    i.HAL_NVIC_SetPriorityGrouping  stm32f1xx_hal_cortex.o
    0x08001208   0x00000154   Code   RO         2814    i.HAL_RCC_ClockConfig  stm32f1xx_hal_rcc.o
    0x0800135c   0x0000000c   Code   RO         2819    i.HAL_RCC_GetHCLKFreq  stm32f1xx_hal_rcc.o
    0x08001368   0x00000020   Code   RO         2821    i.HAL_RCC_GetPCLK1Freq  stm32f1xx_hal_rcc.o
    0x08001388   0x00000020   Code   RO         2822    i.HAL_RCC_GetPCLK2Freq  stm32f1xx_hal_rcc.o
    0x080013a8   0x00000074   Code   RO         2823    i.HAL_RCC_GetSysClockFreq  stm32f1xx_hal_rcc.o
    0x0800141c   0x00000304   Code   RO         2826    i.HAL_RCC_OscConfig  stm32f1xx_hal_rcc.o
    0x08001720   0x00000018   Code   RO         2962    i.HAL_SYSTICK_CLKSourceConfig  stm32f1xx_hal_cortex.o
    0x08001738   0x00000002   Code   RO         2963    i.HAL_SYSTICK_Callback  stm32f1xx_hal_cortex.o
    0x0800173a   0x00000028   Code   RO         2964    i.HAL_SYSTICK_Config  stm32f1xx_hal_cortex.o
    0x08001762   0x00000008   Code   RO         2965    i.HAL_SYSTICK_IRQHandler  stm32f1xx_hal_cortex.o
    0x0800176a   0x00000002   Code   RO         3655    i.HAL_TIMEx_BreakCallback  stm32f1xx_hal_tim_ex.o
    0x0800176c   0x00000002   Code   RO         3656    i.HAL_TIMEx_CommutationCallback  stm32f1xx_hal_tim_ex.o
    0x0800176e   0x00000050   Code   RO         3672    i.HAL_TIMEx_MasterConfigSynchronization  stm32f1xx_hal_tim_ex.o
    0x080017be   0x00000036   Code   RO         4078    i.HAL_TIM_Base_Init  stm32f1xx_hal_tim.o
    0x080017f4   0x00000038   Code   RO         2264    i.HAL_TIM_Base_MspInit  stm32f1xx_hal_msp.o
    0x0800182c   0x000000f2   Code   RO         4087    i.HAL_TIM_ConfigClockSource  stm32f1xx_hal_tim.o
    0x0800191e   0x00000002   Code   RO         4107    i.HAL_TIM_IC_CaptureCallback  stm32f1xx_hal_tim.o
    0x08001920   0x00000166   Code   RO         4120    i.HAL_TIM_IRQHandler  stm32f1xx_hal_tim.o
    0x08001a86   0x00000002   Code   RO         4123    i.HAL_TIM_OC_DelayElapsedCallback  stm32f1xx_hal_tim.o
    0x08001a88   0x00000002   Code   RO         4150    i.HAL_TIM_PWM_PulseFinishedCallback  stm32f1xx_hal_tim.o
    0x08001a8a   0x00000002   PAD
    0x08001a8c   0x000000e8   Code   RO         2068    i.HAL_TIM_PeriodElapsedCallback  main.o
    0x08001b74   0x00000002   Code   RO         4161    i.HAL_TIM_TriggerCallback  stm32f1xx_hal_tim.o
    0x08001b76   0x00000062   Code   RO         3354    i.HAL_UART_Init     stm32f1xx_hal_uart.o
    0x08001bd8   0x00000058   Code   RO         2266    i.HAL_UART_MspInit  stm32f1xx_hal_msp.o
    0x08001c30   0x000000ba   Code   RO         3362    i.HAL_UART_Transmit  stm32f1xx_hal_uart.o
    0x08001cea   0x00000002   Code   RO         2175    i.HardFault_Handler  stm32f1xx_it.o
    0x08001cec   0x00000028   Code   RO         2369    i.I2C_IsAcknowledgeFailed  stm32f1xx_hal_i2c.o
    0x08001d14   0x000000f0   Code   RO         2378    i.I2C_RequestMemoryRead  stm32f1xx_hal_i2c.o
    0x08001e04   0x000000a0   Code   RO         2379    i.I2C_RequestMemoryWrite  stm32f1xx_hal_i2c.o
    0x08001ea4   0x0000004e   Code   RO         2382    i.I2C_WaitOnBTFFlagUntilTimeout  stm32f1xx_hal_i2c.o
    0x08001ef2   0x00000060   Code   RO         2383    i.I2C_WaitOnFlagUntilTimeout  stm32f1xx_hal_i2c.o
    0x08001f52   0x00000002   PAD
    0x08001f54   0x00000088   Code   RO         2384    i.I2C_WaitOnMasterAddressFlagUntilTimeout  stm32f1xx_hal_i2c.o
    0x08001fdc   0x00000062   Code   RO         2385    i.I2C_WaitOnRXNEFlagUntilTimeout  stm32f1xx_hal_i2c.o
    0x0800203e   0x0000004e   Code   RO         2386    i.I2C_WaitOnTXEFlagUntilTimeout  stm32f1xx_hal_i2c.o
    0x0800208c   0x00000030   Code   RO          258    i.I2Cdev_readBits   mpu6050_dmp.o
    0x080020bc   0x00000008   Code   RO          259    i.I2Cdev_readByte   mpu6050_dmp.o
    0x080020c4   0x00000024   Code   RO          260    i.I2Cdev_readBytes  mpu6050_dmp.o
    0x080020e8   0x00000038   Code   RO          263    i.I2Cdev_writeBit   mpu6050_dmp.o
    0x08002120   0x00000044   Code   RO          265    i.I2Cdev_writeBits  mpu6050_dmp.o
    0x08002164   0x0000000c   Code   RO          267    i.I2Cdev_writeByte  mpu6050_dmp.o
    0x08002170   0x00000024   Code   RO          268    i.I2Cdev_writeBytes  mpu6050_dmp.o
    0x08002194   0x00000016   Code   RO          269    i.I2Cdev_writeWord  mpu6050_dmp.o
    0x080021aa   0x00000002   PAD
    0x080021ac   0x00000054   Code   RO           16    i.MPU6050_GetRawAccelTempGyro  mpu6050.o
    0x08002200   0x0000001c   Code   RO           18    i.MPU6050_I2C_BufferRead  mpu6050.o
    0x0800221c   0x00000024   Code   RO           19    i.MPU6050_I2C_ByteWrite  mpu6050.o
    0x08002240   0x0000005c   Code   RO           20    i.MPU6050_I2C_Init  mpu6050.o
    0x0800229c   0x00000060   Code   RO           21    i.MPU6050_Initialize  mpu6050.o
    0x080022fc   0x00000018   Code   RO           25    i.MPU6050_SetFullScaleAccelRange  mpu6050.o
    0x08002314   0x00000018   Code   RO           26    i.MPU6050_SetFullScaleGyroRange  mpu6050.o
    0x0800232c   0x00000044   Code   RO           30    i.MPU6050_WriteBits  mpu6050.o
    0x08002370   0x000000e4   Code   RO           31    i.MPU6050_convert   mpu6050.o
    0x08002454   0x0000000c   Code   RO         1926    i.MPU6050_dmpGetFIFOPacketSize  mpu6050_dmp_6axis_motionapps20.o
    0x08002460   0x00000088   Code   RO         1927    i.MPU6050_dmpGetGravity  mpu6050_dmp_6axis_motionapps20.o
    0x080024e8   0x00000056   Code   RO         1933    i.MPU6050_dmpGetQuaternion  mpu6050_dmp_6axis_motionapps20.o
    0x0800253e   0x00000002   PAD
    0x08002540   0x00000028   Code   RO         1934    i.MPU6050_dmpGetQuaternion_int16  mpu6050_dmp_6axis_motionapps20.o
    0x08002568   0x000000ee   Code   RO         1936    i.MPU6050_dmpGetYawPitchRoll  mpu6050_dmp_6axis_motionapps20.o
    0x08002656   0x00000002   PAD
    0x08002658   0x000002e4   Code   RO         1937    i.MPU6050_dmpInitialize  mpu6050_dmp_6axis_motionapps20.o
    0x0800293c   0x00000014   Code   RO          301    i.MPU6050_getFIFOBytes  mpu6050_dmp.o
    0x08002950   0x0000001c   Code   RO          302    i.MPU6050_getFIFOCount  mpu6050_dmp.o
    0x0800296c   0x00000018   Code   RO          328    i.MPU6050_getIntStatus  mpu6050_dmp.o
    0x08002984   0x00000020   Code   RO          393    i.MPU6050_getXGyroOffsetTC  mpu6050_dmp.o
    0x080029a4   0x00000020   Code   RO          400    i.MPU6050_getYGyroOffsetTC  mpu6050_dmp.o
    0x080029c4   0x00000020   Code   RO          407    i.MPU6050_getZGyroOffsetTC  mpu6050_dmp.o
    0x080029e4   0x0000001e   Code   RO          413    i.MPU6050_initialize  mpu6050_dmp.o
    0x08002a02   0x00000002   PAD
    0x08002a04   0x0000007c   Code   RO          414    i.MPU6050_readMemoryBlock  mpu6050_dmp.o
    0x08002a80   0x00000014   Code   RO          416    i.MPU6050_reset     mpu6050_dmp.o
    0x08002a94   0x00000014   Code   RO          418    i.MPU6050_resetDMP  mpu6050_dmp.o
    0x08002aa8   0x00000014   Code   RO          419    i.MPU6050_resetFIFO  mpu6050_dmp.o
    0x08002abc   0x00000014   Code   RO          421    i.MPU6050_resetI2CMaster  mpu6050_dmp.o
    0x08002ad0   0x00000018   Code   RO          431    i.MPU6050_setClockSource  mpu6050_dmp.o
    0x08002ae8   0x00000018   Code   RO          433    i.MPU6050_setDLPFMode  mpu6050_dmp.o
    0x08002b00   0x00000010   Code   RO          434    i.MPU6050_setDMPConfig1  mpu6050_dmp.o
    0x08002b10   0x00000010   Code   RO          435    i.MPU6050_setDMPConfig2  mpu6050_dmp.o
    0x08002b20   0x00000014   Code   RO          436    i.MPU6050_setDMPEnabled  mpu6050_dmp.o
    0x08002b34   0x00000018   Code   RO          438    i.MPU6050_setExternalFrameSync  mpu6050_dmp.o
    0x08002b4c   0x00000014   Code   RO          441    i.MPU6050_setFIFOEnabled  mpu6050_dmp.o
    0x08002b60   0x00000018   Code   RO          447    i.MPU6050_setFullScaleAccelRange  mpu6050_dmp.o
    0x08002b78   0x00000018   Code   RO          448    i.MPU6050_setFullScaleGyroRange  mpu6050_dmp.o
    0x08002b90   0x00000014   Code   RO          450    i.MPU6050_setI2CMasterModeEnabled  mpu6050_dmp.o
    0x08002ba4   0x00000010   Code   RO          453    i.MPU6050_setIntEnabled  mpu6050_dmp.o
    0x08002bb4   0x00000020   Code   RO          465    i.MPU6050_setMemoryBank  mpu6050_dmp.o
    0x08002bd4   0x00000010   Code   RO          466    i.MPU6050_setMemoryStartAddress  mpu6050_dmp.o
    0x08002be4   0x00000010   Code   RO          468    i.MPU6050_setMotionDetectionDuration  mpu6050_dmp.o
    0x08002bf4   0x00000010   Code   RO          469    i.MPU6050_setMotionDetectionThreshold  mpu6050_dmp.o
    0x08002c04   0x00000014   Code   RO          471    i.MPU6050_setOTPBankValid  mpu6050_dmp.o
    0x08002c18   0x00000010   Code   RO          472    i.MPU6050_setRate   mpu6050_dmp.o
    0x08002c28   0x00000020   Code   RO          484    i.MPU6050_setSlaveAddress  mpu6050_dmp.o
    0x08002c48   0x00000014   Code   RO          494    i.MPU6050_setSleepEnabled_dmp  mpu6050_dmp.o
    0x08002c5c   0x00000010   Code   RO          509    i.MPU6050_setXGyroOffset  mpu6050_dmp.o
    0x08002c6c   0x0000001c   Code   RO          510    i.MPU6050_setXGyroOffsetTC  mpu6050_dmp.o
    0x08002c88   0x00000010   Code   RO          514    i.MPU6050_setYGyroOffset  mpu6050_dmp.o
    0x08002c98   0x0000001c   Code   RO          515    i.MPU6050_setYGyroOffsetTC  mpu6050_dmp.o
    0x08002cb4   0x00000010   Code   RO          516    i.MPU6050_setZAccelOffset  mpu6050_dmp.o
    0x08002cc4   0x00000010   Code   RO          519    i.MPU6050_setZGyroOffset  mpu6050_dmp.o
    0x08002cd4   0x0000001c   Code   RO          520    i.MPU6050_setZGyroOffsetTC  mpu6050_dmp.o
    0x08002cf0   0x00000010   Code   RO          521    i.MPU6050_setZeroMotionDetectionDuration  mpu6050_dmp.o
    0x08002d00   0x00000010   Code   RO          522    i.MPU6050_setZeroMotionDetectionThreshold  mpu6050_dmp.o
    0x08002d10   0x000000b8   Code   RO          525    i.MPU6050_writeDMPConfigurationSet  mpu6050_dmp.o
    0x08002dc8   0x00000104   Code   RO          526    i.MPU6050_writeMemoryBlock  mpu6050_dmp.o
    0x08002ecc   0x00000006   Code   RO          528    i.MPU6050_writeProgDMPConfigurationSet  mpu6050_dmp.o
    0x08002ed2   0x00000010   Code   RO          529    i.MPU6050_writeProgMemoryBlock  mpu6050_dmp.o
    0x08002ee2   0x00000002   PAD
    0x08002ee4   0x0000000c   Code   RO          530    i.MPU6050address    mpu6050_dmp.o
    0x08002ef0   0x00000060   Code   RO         2069    i.MX_GPIO_Init      main.o
    0x08002f50   0x00000054   Code   RO         2070    i.MX_TIM2_Init      main.o
    0x08002fa4   0x00000002   Code   RO         2176    i.MemManage_Handler  stm32f1xx_it.o
    0x08002fa6   0x00000002   Code   RO         2177    i.NMI_Handler       stm32f1xx_it.o
    0x08002fa8   0x00000020   Code   RO         2966    i.NVIC_SetPriority  stm32f1xx_hal_cortex.o
    0x08002fc8   0x00000002   Code   RO         2178    i.PendSV_Handler    stm32f1xx_it.o
    0x08002fca   0x00000002   Code   RO         2179    i.SVC_Handler       stm32f1xx_it.o
    0x08002fcc   0x0000000e   Code   RO         2180    i.SysTick_Handler   stm32f1xx_it.o
    0x08002fda   0x00000066   Code   RO         2071    i.SystemClock_Config  main.o
    0x08003040   0x00000048   Code   RO         4833    i.SystemInit        system_stm32f1xx.o
    0x08003088   0x0000000c   Code   RO         2181    i.TIM2_IRQHandler   stm32f1xx_it.o
    0x08003094   0x0000006c   Code   RO         4162    i.TIM_Base_SetConfig  stm32f1xx_hal_tim.o
    0x08003100   0x00000014   Code   RO         4169    i.TIM_ETR_SetConfig  stm32f1xx_hal_tim.o
    0x08003114   0x00000010   Code   RO         4170    i.TIM_ITRx_SetConfig  stm32f1xx_hal_tim.o
    0x08003124   0x00000022   Code   RO         4176    i.TIM_TI1_ConfigInputStage  stm32f1xx_hal_tim.o
    0x08003146   0x00000024   Code   RO         4178    i.TIM_TI2_ConfigInputStage  stm32f1xx_hal_tim.o
    0x0800316a   0x00000002   PAD
    0x0800316c   0x00000170   Code   RO         3380    i.UART_SetConfig    stm32f1xx_hal_uart.o
    0x080032dc   0x00000064   Code   RO         3382    i.UART_WaitOnFlagUntilTimeout  stm32f1xx_hal_uart.o
    0x08003340   0x00000002   Code   RO         2182    i.UsageFault_Handler  stm32f1xx_it.o
    0x08003342   0x00000002   Code   RO         2072    i._Error_Handler    main.o
    0x08003344   0x00000024   Code   RO         4913    i.__0sprintf$bare   mc_w.l(printfb.o)
    0x08003368   0x00000028   Code   RO         5240    i.__ARM_fpclassify  m_ws.l(fpclassify.o)
    0x08003390   0x0000005c   Code   RO         5174    i.__free$realloc    mc_w.l(mallocr.o)
    0x080033ec   0x000000aa   Code   RO         5242    i.__kernel_poly     m_ws.l(poly.o)
    0x08003496   0x00000002   PAD
    0x08003498   0x00000050   Code   RO         5175    i.__malloc$realloc  mc_w.l(mallocr.o)
    0x080034e8   0x00000006   Code   RO         5227    i.__mathlib_dbl_infnan  m_ws.l(dunder.o)
    0x080034ee   0x00000004   Code   RO         5228    i.__mathlib_dbl_infnan2  m_ws.l(dunder.o)
    0x080034f2   0x00000002   PAD
    0x080034f4   0x00000010   Code   RO         5232    i.__mathlib_dbl_underflow  m_ws.l(dunder.o)
    0x08003504   0x0000000e   Code   RO         5300    i.__scatterload_copy  mc_w.l(handlers.o)
    0x08003512   0x00000002   Code   RO         5301    i.__scatterload_null  mc_w.l(handlers.o)
    0x08003514   0x0000000e   Code   RO         5302    i.__scatterload_zeroinit  mc_w.l(handlers.o)
    0x08003522   0x00000002   PAD
    0x08003524   0x0000000c   Code   RO         5278    i.__set_errno       mc_w.l(errno.o)
    0x08003530   0x00000022   Code   RO         4918    i._printf_core      mc_w.l(printfb.o)
    0x08003552   0x0000000a   Code   RO         4920    i._sputc            mc_w.l(printfb.o)
    0x0800355c   0x00000220   Code   RO         4878    i.atan              m_ws.l(atan.o)
    0x0800377c   0x00000180   Code   RO         4888    i.atan2             m_ws.l(atan2.o)
    0x080038fc   0x00000048   Code   RO         2073    i.check_status      main.o
    0x08003944   0x00000014   Code   RO         2074    i.disabel_check     main.o
    0x08003958   0x00000014   Code   RO         2076    i.enabelcheck       main.o
    0x0800396c   0x00000050   Code   RO         5176    i.internal_alloc    mc_w.l(mallocr.o)
    0x080039bc   0x00000588   Code   RO         2077    i.main              main.o
    0x08003f44   0x0000006c   Code   RO         5177    i.realloc           mc_w.l(mallocr.o)
    0x08003fb0   0x00000020   Code   RO         2078    i.reset_status      main.o
    0x08003fd0   0x0000004c   Code   RO         4896    i.sqrt              m_ws.l(sqrt.o)
    0x0800401c   0x00000028   Code   RO         2079    i.time_disabel      main.o
    0x08004044   0x00000016   Code   RO         2080    i.timer_enabel      main.o
    0x0800405a   0x00000878   Data   RO         1941    .constdata          mpu6050_dmp_6axis_motionapps20.o
    0x080048d2   0x00000010   Data   RO         4834    .constdata          system_stm32f1xx.o
    0x080048e2   0x00000008   Data   RO         4835    .constdata          system_stm32f1xx.o
    0x080048ea   0x00000006   PAD
    0x080048f0   0x00000098   Data   RO         4879    .constdata          m_ws.l(atan.o)
    0x08004988   0x00000008   Data   RO         5244    .constdata          m_ws.l(qnan.o)
    0x08004990   0x00000020   Data   RO         5298    Region$$Table       anon$$obj.o


    Execution Region RW_IRAM1 (Base: 0x20000000, Size: 0x000008a8, Max: 0x00005000, ABSOLUTE)

    Base Addr    Size         Type   Attr      Idx    E Section Name        Object

    0x20000000   0x00000006   Data   RW           35    .data               mpu6050.o
    0x20000006   0x00000002   PAD
    0x20000008   0x00000008   Data   RW         1942    .data               mpu6050_dmp_6axis_motionapps20.o
    0x20000010   0x00000068   Data   RW         2082    .data               main.o
    0x20000078   0x0000000c   Data   RW         3193    .data               stm32f1xx_hal.o
    0x20000084   0x00000004   Data   RW         4836    .data               system_stm32f1xx.o
    0x20000088   0x00000004   Data   RW         5274    .data               mc_w.l(mvars.o)
    0x2000008c   0x00000004   Data   RW         5275    .data               mc_w.l(mvars.o)
    0x20000090   0x00000004   Data   RW         5279    .data               mc_w.l(errno.o)
    0x20000094   0x00000054   Zero   RW           34    .bss                mpu6050.o
    0x200000e8   0x0000000f   Zero   RW          531    .bss                mpu6050_dmp.o
    0x200000f7   0x00000001   PAD
    0x200000f8   0x000001aa   Zero   RW         2081    .bss                main.o
    0x200002a2   0x00000006   PAD
    0x200002a8   0x00000200   Zero   RW            2    HEAP                startup_stm32f103xb.o
    0x200004a8   0x00000400   Zero   RW            1    STACK               startup_stm32f103xb.o


==============================================================================

Image component sizes


      Code (inc. data)   RO Data    RW Data    ZI Data      Debug   Object Name

      2158        240          0        104        426       9381   main.o
       680         96          0          6         84     468105   mpu6050.o
      1846        228          0          0         15      53568   mpu6050_dmp.o
      1252         26       2168          8          0       6108   mpu6050_dmp_6axis_motionapps20.o
        36          8        236          0       1536        784   startup_stm32f103xb.o
       164         28          0         12          0       3721   stm32f1xx_hal.o
       228         14          0          0          0      27241   stm32f1xx_hal_cortex.o
       478         42          0          0          0       3403   stm32f1xx_hal_gpio.o
      2106         46          0          0          0      12410   stm32f1xx_hal_i2c.o
       340         42          0          0          0       2662   stm32f1xx_hal_msp.o
      1304        106          0          0          0       5556   stm32f1xx_hal_rcc.o
       876         14          0          0          0       8647   stm32f1xx_hal_tim.o
        84          0          0          0          0       2262   stm32f1xx_hal_tim_ex.o
       752          4          0          0          0       3828   stm32f1xx_hal_uart.o
        48          6          0          0          0       4491   stm32f1xx_it.o
        72         16         24          4          0       1103   system_stm32f1xx.o

    ----------------------------------------------------------------------
     12446        916       2466        136       2068     613270   Object Totals
         0          0         32          0          0          0   (incl. Generated)
        22          0          6          2          7          0   (incl. Padding)

    ----------------------------------------------------------------------

      Code (inc. data)   RO Data    RW Data    ZI Data      Debug   Library Member Name

       544         70        152          0          0        124   atan.o
       384         38          0          0          0        144   atan2.o
        26          6          0          0          0        204   dunder.o
        40          0          0          0          0         68   fpclassify.o
       170          0          0          0          0         96   poly.o
         0          0          8          0          0          0   qnan.o
        76          0          0          0          0         84   sqrt.o
         0          0          0          0          0          0   entry.o
         0          0          0          0          0          0   entry10a.o
         0          0          0          0          0          0   entry11a.o
         8          4          0          0          0          0   entry2.o
         4          0          0          0          0          0   entry5.o
         0          0          0          0          0          0   entry7b.o
         0          0          0          0          0          0   entry8b.o
         8          4          0          0          0          0   entry9a.o
        12          6          0          4          0         68   errno.o
        30          0          0          0          0          0   handlers.o
        36          8          0          0          0         68   init.o
         0          0          0          0          0          0   iusefp.o
        30          0          0          0          0         68   llshl.o
        36          0          0          0          0         68   llsshr.o
        32          0          0          0          0         68   llushr.o
       360         30          0          0          0        356   mallocr.o
        36          0          0          0          0         68   memcpya.o
         0          0          0          8          0          0   mvars.o
        80          4          0          0          0        236   printfb.o
        14          0          0          0          0         68   strlen.o
        48          0          0          0          0         68   cdcmple.o
        48          0          0          0          0         68   cdrcmple.o
        56          0          0          0          0         88   d2f.o
       334          0          0          0          0        148   dadd.o
       222          0          0          0          0        100   ddiv.o
       186          0          0          0          0        176   depilogue.o
        34          0          0          0          0         76   dflti.o
        26          0          0          0          0         76   dfltui.o
       228          0          0          0          0         96   dmul.o
        46          0          0          0          0         80   dscalb.o
       162          0          0          0          0        100   dsqrt.o
        38          0          0          0          0         68   f2d.o
       176          0          0          0          0        140   fadd.o
       110          0          0          0          0        168   fepilogue.o
        18          0          0          0          0         68   fflti.o
       100          0          0          0          0         76   fmul.o
        24          0          0          0          0         68   fscalb.o

    ----------------------------------------------------------------------
      3792        170        160         12          0       3452   Library Totals
        10          0          0          0          0          0   (incl. Padding)

    ----------------------------------------------------------------------

      Code (inc. data)   RO Data    RW Data    ZI Data      Debug   Library Name

      1240        114        160          0          0        720   m_ws.l
       686         56          0         12          0       1068   mc_w.l
      1856          0          0          0          0       1664   mf_w.l

    ----------------------------------------------------------------------
      3792        170        160         12          0       3452   Library Totals

    ----------------------------------------------------------------------

==============================================================================


      Code (inc. data)   RO Data    RW Data    ZI Data      Debug   

     16238       1086       2626        148       2068     607358   Grand Totals
     16238       1086       2626        148       2068     607358   ELF Image Totals
     16238       1086       2626        148          0          0   ROM Totals

==============================================================================

    Total RO  Size (Code + RO Data)                18864 (  18.42kB)
    Total RW  Size (RW Data + ZI Data)              2216 (   2.16kB)
    Total ROM Size (Code + RO Data + RW Data)      19012 (  18.57kB)

==============================================================================

